 Kernel

 Timestamp is 622c9f35 (Sat Mar 12 21:25:09 2022)

 Preferred load address is 0000000004000000

 Start         Length     Name                   Class
 0001:00000000 00000170H .text                   CODE
 0001:00000170 0001edb1H .text$mn                CODE
 0002:00000000 00009444H .managedcode$I          CODE
 0003:00000000 00004880H .rdata                  DATA
 0003:00004880 0000002cH .rdata$voltmd           DATA
 0003:000048ac 00000198H .rdata$zzzdbg           DATA
 0003:00004a44 00002544H .xdata                  DATA
 0003:00006f88 00000000H .edata                  DATA
 0004:00000000 00003c60H .data                   DATA
 0004:00003c60 00120368H .bss                    DATA
 0005:00000000 000014c4H .pdata                  DATA
 0006:00000000 00000008H .modules$I              DATA
 0007:00000000 00000079H .msvcjmc                DATA
 0008:00000000 000000a0H .rsrc$01                DATA
 0008:000000a0 00000438H .rsrc$02                DATA

  Address         Publics by Value              Rva+Base               Lib:Object

 0000:00000000       __guard_longjmp_table      0000000000000000     <absolute>
 0000:00000000       __guard_eh_cont_table      0000000000000000     <absolute>
 0000:00000000       __enclave_config           0000000000000000     <absolute>
 0000:00000000       __guard_longjmp_count      0000000000000000     <absolute>
 0000:00000000       __x64_code_ranges_to_entry_points 0000000000000000     <absolute>
 0000:00000000       __arm64x_redirection_metadata_count 0000000000000000     <absolute>
 0000:00000000       __arm64x_extra_rfe_table   0000000000000000     <absolute>
 0000:00000000       __hybrid_auxiliary_iat     0000000000000000     <absolute>
 0000:00000000       __AbsoluteZero             0000000000000000     <absolute>
 0000:00000000       __guard_iat_table          0000000000000000     <absolute>
 0000:00000000       __arm64x_native_entrypoint 0000000000000000     <absolute>
 0000:00000000       __hybrid_auxiliary_iat_copy 0000000000000000     <absolute>
 0000:00000000       __arm64x_redirection_metadata 0000000000000000     <absolute>
 0000:00000000       __guard_fids_table         0000000000000000     <absolute>
 0000:00000000       __arm64x_extra_rfe_table_size 0000000000000000     <absolute>
 0000:00000000       __guard_fids_count         0000000000000000     <absolute>
 0000:00000000       __guard_iat_count          0000000000000000     <absolute>
 0000:00000000       __dynamic_value_reloc_table 0000000000000000     <absolute>
 0000:00000000       __hybrid_code_map          0000000000000000     <absolute>
 0000:00000000       __guard_flags              0000000000000000     <absolute>
 0000:00000000       __guard_eh_cont_count      0000000000000000     <absolute>
 0000:00000000       __hybrid_code_map_count    0000000000000000     <absolute>
 0000:00000000       __x64_code_ranges_to_entry_points_count 0000000000000000     <absolute>
 0000:00000000       __guard_check_icall_a64n_fptr 0000000000000000     <absolute>
 0000:00000000       __ImageBase                0000000004000000     <linker-defined>
 0001:00000000       __GetNonGCStaticBase_Kernel_Allocator 0000000004001000     Kernel.obj
 0001:00000008       __GetNonGCStaticBase_Kernel_GDT 0000000004001008     Kernel.obj
 0001:00000010       __GetNonGCStaticBase_Kernel_IDT 0000000004001010     Kernel.obj
 0001:00000018       __GetNonGCStaticBase_Kernel_System_Windows_Forms_Control 0000000004001018     Kernel.obj
 0001:00000020       __GetNonGCStaticBase_Kernel_OS_Sharp_AC97 0000000004001020     Kernel.obj
 0001:00000028       __GetNonGCStaticBase_Kernel_OS_Sharp_Framebuffer 0000000004001028     Kernel.obj
 0001:00000030       __GetNonGCStaticBase_Kernel_OS_Sharp_PIT 0000000004001030     Kernel.obj
 0001:00000038       __GetNonGCStaticBase_Kernel_OS_Sharp_PS2Keyboard 0000000004001038     Kernel.obj
 0001:00000040       __GetNonGCStaticBase_Kernel_OS_Sharp_PS2Mouse 0000000004001040     Kernel.obj
 0001:00000048       __GetNonGCStaticBase_Kernel_OS_Sharp_SATA 0000000004001048     Kernel.obj
 0001:00000050       __GetNonGCStaticBase_Kernel_OS_Sharp_Console 0000000004001050     Kernel.obj
 0001:00000058       __GetNonGCStaticBase_Kernel_OS_Sharp_PageTable 0000000004001058     Kernel.obj
 0001:00000060       __GetNonGCStaticBase_Kernel_OS_Sharp_Networking_RTL8139 0000000004001060     Kernel.obj
 0001:00000068       __GetNonGCStaticBase_Kernel_OS_Sharp_Driver_ACPI 0000000004001068     Kernel.obj
 0001:00000070       __GetNonGCStaticBase_Kernel_OS_Sharp_Driver_HPET 0000000004001070     Kernel.obj
 0001:00000078       __GetNonGCStaticBase_Kernel_OS_Sharp_Driver_Intel8254X 0000000004001078     Kernel.obj
 0001:00000080       __GetNonGCStaticBase_Kernel_OS_Sharp_Driver_SMBIOS 0000000004001080     Kernel.obj
 0001:00000088       __GetNonGCStaticBase_Kernel_OS_Sharp_Driver_VBE 0000000004001088     Kernel.obj
 0001:00000090       __GetNonGCStaticBase_Kernel_OS_Sharp_GUI_Form 0000000004001090     Kernel.obj
 0001:00000098       __GetGCStaticBase_Kernel_IDT 0000000004001098     Kernel.obj
 0001:000000a3       __GetGCStaticBase_Kernel_OS_Sharp_Program 00000000040010a3     Kernel.obj
 0001:000000ae       __GetGCStaticBase_Kernel_OS_Sharp_PCI 00000000040010ae     Kernel.obj
 0001:000000b9       __GetGCStaticBase_Kernel_OS_Sharp_PS2Keyboard 00000000040010b9     Kernel.obj
 0001:000000c4       __GetGCStaticBase_Kernel_OS_Sharp_PS2Mouse 00000000040010c4     Kernel.obj
 0001:000000cf       __GetGCStaticBase_Kernel_OS_Sharp_SATA 00000000040010cf     Kernel.obj
 0001:000000da       __GetGCStaticBase_Kernel_OS_Sharp_ASC16 00000000040010da     Kernel.obj
 0001:000000e5       __GetGCStaticBase_Kernel_OS_Sharp_Console 00000000040010e5     Kernel.obj
 0001:000000f0       __GetGCStaticBase_Kernel_OS_Sharp_Misc_BitFont 00000000040010f0     Kernel.obj
 0001:000000fb       __GetGCStaticBase_Kernel_OS_Sharp_Networking_RTL8139 00000000040010fb     Kernel.obj
 0001:00000106       __GetGCStaticBase_Kernel_OS_Sharp_Networking_ARP 0000000004001106     Kernel.obj
 0001:00000111       __GetGCStaticBase_Kernel_OS_Sharp_Networking_Network 0000000004001111     Kernel.obj
 0001:0000011c       __GetGCStaticBase_Kernel_OS_Sharp_Networking_TCP 000000000400111c     Kernel.obj
 0001:00000127       __GetGCStaticBase_Kernel_OS_Sharp_FileSystem_File 0000000004001127     Kernel.obj
 0001:00000132       __GetGCStaticBase_Kernel_OS_Sharp_Driver_ACPI 0000000004001132     Kernel.obj
 0001:0000013d       __GetGCStaticBase_Kernel_OS_Sharp_Driver_IDE 000000000400113d     Kernel.obj
 0001:00000148       __GetGCStaticBase_Kernel_OS_Sharp_GUI_Form 0000000004001148     Kernel.obj
 0001:00000153       __DelegateCtor_Kernel_System_Delegate__InitializeClosedInstance__Kernel_OS_Sharp_GUI_FConsole__PS2Keyboard_OnKeyChanged 0000000004001153     Kernel.obj
 0001:0000015f       __DelegateCtor_Kernel_System_Delegate__InitializeClosedInstance__Kernel_OS_Sharp_GUI_FConsole__Console_OnWrite 000000000400115f     Kernel.obj
 0001:00000170       Movsb                      0000000004001170 f   NativeLib:mem.obj
 0001:000001b0       Movsd                      00000000040011b0 f   NativeLib:mem.obj
 0001:000001f0       Stosb                      00000000040011f0 f   NativeLib:mem.obj
 0001:00000240       Stosd                      0000000004001240 f   NativeLib:mem.obj
 0001:00000290       __JustMyCode_Default       0000000004001290 f i NativeLib:mem.obj
 0001:000002a0       Int                        00000000040012a0 f   NativeLib:interrupts.obj
 0001:00000f40       Load_GDT                   0000000004001f40 f   NativeLib:interrupts.obj
 0001:00000f70       idt_set                    0000000004001f70 f   NativeLib:interrupts.obj
 0001:00001050       set_idt_entries            0000000004002050 f   NativeLib:interrupts.obj
 0001:00002f90       Cli                        0000000004003f90 f   NativeLib:native.obj
 0001:00002fc0       Hlt                        0000000004003fc0 f   NativeLib:native.obj
 0001:00002ff0       Invlpg                     0000000004003ff0 f   NativeLib:native.obj
 0001:00003020       Nop                        0000000004004020 f   NativeLib:native.obj
 0001:00003040       ReadCR2                    0000000004004040 f   NativeLib:native.obj
 0001:00003060       Sti                        0000000004004060 f   NativeLib:native.obj
 0001:00003090       WriteCR3                   0000000004004090 f   NativeLib:native.obj
 0001:000030c0       In16                       00000000040040c0 f   NativeLib:io.obj
 0001:000030f0       In32                       00000000040040f0 f   NativeLib:io.obj
 0001:00003120       In8                        0000000004004120 f   NativeLib:io.obj
 0001:00003150       Insb                       0000000004004150 f   NativeLib:io.obj
 0001:00003190       Insd                       0000000004004190 f   NativeLib:io.obj
 0001:000031d0       Insw                       00000000040041d0 f   NativeLib:io.obj
 0001:00003210       Out16                      0000000004004210 f   NativeLib:io.obj
 0001:00003240       Out32                      0000000004004240 f   NativeLib:io.obj
 0001:00003270       Out8                       0000000004004270 f   NativeLib:io.obj
 0001:000032a0       Outsb                      00000000040042a0 f   NativeLib:io.obj
 0001:000032e0       Outsd                      00000000040042e0 f   NativeLib:io.obj
 0001:00003320       Outsw                      0000000004004320 f   NativeLib:io.obj
 0001:00003360       isr0                       0000000004004360 f   NativeLib:interrupts_asm.obj
 0001:0000336d       isr1                       000000000400436d f   NativeLib:interrupts_asm.obj
 0001:0000337a       isr2                       000000000400437a f   NativeLib:interrupts_asm.obj
 0001:00003387       isr3                       0000000004004387 f   NativeLib:interrupts_asm.obj
 0001:00003394       isr4                       0000000004004394 f   NativeLib:interrupts_asm.obj
 0001:000033a1       isr5                       00000000040043a1 f   NativeLib:interrupts_asm.obj
 0001:000033ae       isr6                       00000000040043ae f   NativeLib:interrupts_asm.obj
 0001:000033bb       isr7                       00000000040043bb f   NativeLib:interrupts_asm.obj
 0001:000033c8       isr8                       00000000040043c8 f   NativeLib:interrupts_asm.obj
 0001:000033d5       isr9                       00000000040043d5 f   NativeLib:interrupts_asm.obj
 0001:000033e2       isr10                      00000000040043e2 f   NativeLib:interrupts_asm.obj
 0001:000033ef       isr11                      00000000040043ef f   NativeLib:interrupts_asm.obj
 0001:000033fc       isr12                      00000000040043fc f   NativeLib:interrupts_asm.obj
 0001:00003409       isr13                      0000000004004409 f   NativeLib:interrupts_asm.obj
 0001:00003416       isr14                      0000000004004416 f   NativeLib:interrupts_asm.obj
 0001:00003423       isr15                      0000000004004423 f   NativeLib:interrupts_asm.obj
 0001:00003430       isr16                      0000000004004430 f   NativeLib:interrupts_asm.obj
 0001:0000343d       isr17                      000000000400443d f   NativeLib:interrupts_asm.obj
 0001:0000344a       isr18                      000000000400444a f   NativeLib:interrupts_asm.obj
 0001:00003457       isr19                      0000000004004457 f   NativeLib:interrupts_asm.obj
 0001:00003464       isr20                      0000000004004464 f   NativeLib:interrupts_asm.obj
 0001:00003471       isr21                      0000000004004471 f   NativeLib:interrupts_asm.obj
 0001:0000347e       isr22                      000000000400447e f   NativeLib:interrupts_asm.obj
 0001:0000348b       isr23                      000000000400448b f   NativeLib:interrupts_asm.obj
 0001:00003498       isr24                      0000000004004498 f   NativeLib:interrupts_asm.obj
 0001:000034a5       isr25                      00000000040044a5 f   NativeLib:interrupts_asm.obj
 0001:000034b2       isr26                      00000000040044b2 f   NativeLib:interrupts_asm.obj
 0001:000034bf       isr27                      00000000040044bf f   NativeLib:interrupts_asm.obj
 0001:000034cc       isr28                      00000000040044cc f   NativeLib:interrupts_asm.obj
 0001:000034d9       isr29                      00000000040044d9 f   NativeLib:interrupts_asm.obj
 0001:000034e6       isr30                      00000000040044e6 f   NativeLib:interrupts_asm.obj
 0001:000034f3       isr31                      00000000040044f3 f   NativeLib:interrupts_asm.obj
 0001:00003500       isr128                     0000000004004500 f   NativeLib:interrupts_asm.obj
 0001:0000350d       irq0                       000000000400450d f   NativeLib:interrupts_asm.obj
 0001:00003553       irq1                       0000000004004553 f   NativeLib:interrupts_asm.obj
 0001:00003599       irq2                       0000000004004599 f   NativeLib:interrupts_asm.obj
 0001:000035df       irq3                       00000000040045df f   NativeLib:interrupts_asm.obj
 0001:00003625       irq4                       0000000004004625 f   NativeLib:interrupts_asm.obj
 0001:0000366b       irq5                       000000000400466b f   NativeLib:interrupts_asm.obj
 0001:000036b1       irq6                       00000000040046b1 f   NativeLib:interrupts_asm.obj
 0001:000036f7       irq7                       00000000040046f7 f   NativeLib:interrupts_asm.obj
 0001:0000373d       irq8                       000000000400473d f   NativeLib:interrupts_asm.obj
 0001:00003783       irq9                       0000000004004783 f   NativeLib:interrupts_asm.obj
 0001:000037c9       irq10                      00000000040047c9 f   NativeLib:interrupts_asm.obj
 0001:0000380f       irq11                      000000000400480f f   NativeLib:interrupts_asm.obj
 0001:00003855       irq12                      0000000004004855 f   NativeLib:interrupts_asm.obj
 0001:0000389b       irq13                      000000000400489b f   NativeLib:interrupts_asm.obj
 0001:000038e1       irq14                      00000000040048e1 f   NativeLib:interrupts_asm.obj
 0001:00003927       irq15                      0000000004004927 f   NativeLib:interrupts_asm.obj
 0001:0000396d       irq16                      000000000400496d f   NativeLib:interrupts_asm.obj
 0001:000039b3       irq17                      00000000040049b3 f   NativeLib:interrupts_asm.obj
 0001:000039f9       irq18                      00000000040049f9 f   NativeLib:interrupts_asm.obj
 0001:00003a3f       irq19                      0000000004004a3f f   NativeLib:interrupts_asm.obj
 0001:00003a85       irq20                      0000000004004a85 f   NativeLib:interrupts_asm.obj
 0001:00003acb       irq21                      0000000004004acb f   NativeLib:interrupts_asm.obj
 0001:00003b11       irq22                      0000000004004b11 f   NativeLib:interrupts_asm.obj
 0001:00003b57       irq23                      0000000004004b57 f   NativeLib:interrupts_asm.obj
 0001:00003b9d       irq24                      0000000004004b9d f   NativeLib:interrupts_asm.obj
 0001:00003be3       irq25                      0000000004004be3 f   NativeLib:interrupts_asm.obj
 0001:00003c29       irq26                      0000000004004c29 f   NativeLib:interrupts_asm.obj
 0001:00003c6f       irq27                      0000000004004c6f f   NativeLib:interrupts_asm.obj
 0001:00003cb5       irq28                      0000000004004cb5 f   NativeLib:interrupts_asm.obj
 0001:00003cfb       irq29                      0000000004004cfb f   NativeLib:interrupts_asm.obj
 0001:00003d41       irq30                      0000000004004d41 f   NativeLib:interrupts_asm.obj
 0001:00003d87       irq31                      0000000004004d87 f   NativeLib:interrupts_asm.obj
 0001:00003dcd       irq32                      0000000004004dcd f   NativeLib:interrupts_asm.obj
 0001:00003e13       irq33                      0000000004004e13 f   NativeLib:interrupts_asm.obj
 0001:00003e59       irq34                      0000000004004e59 f   NativeLib:interrupts_asm.obj
 0001:00003e9f       irq35                      0000000004004e9f f   NativeLib:interrupts_asm.obj
 0001:00003ee5       irq36                      0000000004004ee5 f   NativeLib:interrupts_asm.obj
 0001:00003f2b       irq37                      0000000004004f2b f   NativeLib:interrupts_asm.obj
 0001:00003f71       irq38                      0000000004004f71 f   NativeLib:interrupts_asm.obj
 0001:00003fb7       irq39                      0000000004004fb7 f   NativeLib:interrupts_asm.obj
 0001:00003ffd       irq40                      0000000004004ffd f   NativeLib:interrupts_asm.obj
 0001:00004043       irq41                      0000000004005043 f   NativeLib:interrupts_asm.obj
 0001:00004089       irq42                      0000000004005089 f   NativeLib:interrupts_asm.obj
 0001:000040cf       irq43                      00000000040050cf f   NativeLib:interrupts_asm.obj
 0001:00004115       irq44                      0000000004005115 f   NativeLib:interrupts_asm.obj
 0001:0000415b       irq45                      000000000400515b f   NativeLib:interrupts_asm.obj
 0001:000041a1       irq46                      00000000040051a1 f   NativeLib:interrupts_asm.obj
 0001:000041e7       irq47                      00000000040051e7 f   NativeLib:interrupts_asm.obj
 0001:0000422d       irq48                      000000000400522d f   NativeLib:interrupts_asm.obj
 0001:00004273       irq49                      0000000004005273 f   NativeLib:interrupts_asm.obj
 0001:000042b9       irq50                      00000000040052b9 f   NativeLib:interrupts_asm.obj
 0001:000042ff       irq51                      00000000040052ff f   NativeLib:interrupts_asm.obj
 0001:00004345       irq52                      0000000004005345 f   NativeLib:interrupts_asm.obj
 0001:0000438b       irq53                      000000000400538b f   NativeLib:interrupts_asm.obj
 0001:000043d1       irq54                      00000000040053d1 f   NativeLib:interrupts_asm.obj
 0001:00004417       irq55                      0000000004005417 f   NativeLib:interrupts_asm.obj
 0001:0000445d       irq56                      000000000400545d f   NativeLib:interrupts_asm.obj
 0001:000044a3       irq57                      00000000040054a3 f   NativeLib:interrupts_asm.obj
 0001:000044e9       irq58                      00000000040054e9 f   NativeLib:interrupts_asm.obj
 0001:0000452f       irq59                      000000000400552f f   NativeLib:interrupts_asm.obj
 0001:00004575       irq60                      0000000004005575 f   NativeLib:interrupts_asm.obj
 0001:000045bb       irq61                      00000000040055bb f   NativeLib:interrupts_asm.obj
 0001:00004601       irq62                      0000000004005601 f   NativeLib:interrupts_asm.obj
 0001:00004647       irq63                      0000000004005647 f   NativeLib:interrupts_asm.obj
 0001:0000468d       irq64                      000000000400568d f   NativeLib:interrupts_asm.obj
 0001:000046d3       irq65                      00000000040056d3 f   NativeLib:interrupts_asm.obj
 0001:00004719       irq66                      0000000004005719 f   NativeLib:interrupts_asm.obj
 0001:0000475f       irq67                      000000000400575f f   NativeLib:interrupts_asm.obj
 0001:000047a5       irq68                      00000000040057a5 f   NativeLib:interrupts_asm.obj
 0001:000047eb       irq69                      00000000040057eb f   NativeLib:interrupts_asm.obj
 0001:00004831       irq70                      0000000004005831 f   NativeLib:interrupts_asm.obj
 0001:00004877       irq71                      0000000004005877 f   NativeLib:interrupts_asm.obj
 0001:000048bd       irq72                      00000000040058bd f   NativeLib:interrupts_asm.obj
 0001:00004903       irq73                      0000000004005903 f   NativeLib:interrupts_asm.obj
 0001:00004949       irq74                      0000000004005949 f   NativeLib:interrupts_asm.obj
 0001:0000498f       irq75                      000000000400598f f   NativeLib:interrupts_asm.obj
 0001:000049d5       irq76                      00000000040059d5 f   NativeLib:interrupts_asm.obj
 0001:00004a1b       irq77                      0000000004005a1b f   NativeLib:interrupts_asm.obj
 0001:00004a61       irq78                      0000000004005a61 f   NativeLib:interrupts_asm.obj
 0001:00004aa7       irq79                      0000000004005aa7 f   NativeLib:interrupts_asm.obj
 0001:00004aed       irq80                      0000000004005aed f   NativeLib:interrupts_asm.obj
 0001:00004b33       irq81                      0000000004005b33 f   NativeLib:interrupts_asm.obj
 0001:00004b79       irq82                      0000000004005b79 f   NativeLib:interrupts_asm.obj
 0001:00004bbf       irq83                      0000000004005bbf f   NativeLib:interrupts_asm.obj
 0001:00004c05       irq84                      0000000004005c05 f   NativeLib:interrupts_asm.obj
 0001:00004c4b       irq85                      0000000004005c4b f   NativeLib:interrupts_asm.obj
 0001:00004c91       irq86                      0000000004005c91 f   NativeLib:interrupts_asm.obj
 0001:00004cd7       irq87                      0000000004005cd7 f   NativeLib:interrupts_asm.obj
 0001:00004d1d       irq88                      0000000004005d1d f   NativeLib:interrupts_asm.obj
 0001:00004d63       irq89                      0000000004005d63 f   NativeLib:interrupts_asm.obj
 0001:00004da9       irq90                      0000000004005da9 f   NativeLib:interrupts_asm.obj
 0001:00004def       irq91                      0000000004005def f   NativeLib:interrupts_asm.obj
 0001:00004e35       irq92                      0000000004005e35 f   NativeLib:interrupts_asm.obj
 0001:00004e7b       irq93                      0000000004005e7b f   NativeLib:interrupts_asm.obj
 0001:00004ec1       irq94                      0000000004005ec1 f   NativeLib:interrupts_asm.obj
 0001:00004f07       irq95                      0000000004005f07 f   NativeLib:interrupts_asm.obj
 0001:00004f4d       irq96                      0000000004005f4d f   NativeLib:interrupts_asm.obj
 0001:00004f93       irq97                      0000000004005f93 f   NativeLib:interrupts_asm.obj
 0001:00004fd9       irq98                      0000000004005fd9 f   NativeLib:interrupts_asm.obj
 0001:0000501f       irq99                      000000000400601f f   NativeLib:interrupts_asm.obj
 0001:00005065       irq100                     0000000004006065 f   NativeLib:interrupts_asm.obj
 0001:000050ab       irq101                     00000000040060ab f   NativeLib:interrupts_asm.obj
 0001:000050f1       irq102                     00000000040060f1 f   NativeLib:interrupts_asm.obj
 0001:00005137       irq103                     0000000004006137 f   NativeLib:interrupts_asm.obj
 0001:0000517d       irq104                     000000000400617d f   NativeLib:interrupts_asm.obj
 0001:000051c3       irq105                     00000000040061c3 f   NativeLib:interrupts_asm.obj
 0001:00005209       irq106                     0000000004006209 f   NativeLib:interrupts_asm.obj
 0001:0000524f       irq107                     000000000400624f f   NativeLib:interrupts_asm.obj
 0001:00005295       irq108                     0000000004006295 f   NativeLib:interrupts_asm.obj
 0001:000052db       irq109                     00000000040062db f   NativeLib:interrupts_asm.obj
 0001:00005321       irq110                     0000000004006321 f   NativeLib:interrupts_asm.obj
 0001:00005367       irq111                     0000000004006367 f   NativeLib:interrupts_asm.obj
 0001:000053ad       irq112                     00000000040063ad f   NativeLib:interrupts_asm.obj
 0001:000053f3       irq113                     00000000040063f3 f   NativeLib:interrupts_asm.obj
 0001:00005439       irq114                     0000000004006439 f   NativeLib:interrupts_asm.obj
 0001:0000547f       irq115                     000000000400647f f   NativeLib:interrupts_asm.obj
 0001:000054c5       irq116                     00000000040064c5 f   NativeLib:interrupts_asm.obj
 0001:0000550b       irq117                     000000000400650b f   NativeLib:interrupts_asm.obj
 0001:00005551       irq118                     0000000004006551 f   NativeLib:interrupts_asm.obj
 0001:00005597       irq119                     0000000004006597 f   NativeLib:interrupts_asm.obj
 0001:000055dd       irq120                     00000000040065dd f   NativeLib:interrupts_asm.obj
 0001:00005623       irq121                     0000000004006623 f   NativeLib:interrupts_asm.obj
 0001:00005669       irq122                     0000000004006669 f   NativeLib:interrupts_asm.obj
 0001:000056af       irq123                     00000000040066af f   NativeLib:interrupts_asm.obj
 0001:000056f5       irq124                     00000000040066f5 f   NativeLib:interrupts_asm.obj
 0001:0000573b       irq125                     000000000400673b f   NativeLib:interrupts_asm.obj
 0001:00005781       irq126                     0000000004006781 f   NativeLib:interrupts_asm.obj
 0001:000057c7       irq127                     00000000040067c7 f   NativeLib:interrupts_asm.obj
 0001:0000580d       irq128                     000000000400680d f   NativeLib:interrupts_asm.obj
 0001:00005853       irq129                     0000000004006853 f   NativeLib:interrupts_asm.obj
 0001:00005899       irq130                     0000000004006899 f   NativeLib:interrupts_asm.obj
 0001:000058df       irq131                     00000000040068df f   NativeLib:interrupts_asm.obj
 0001:00005925       irq132                     0000000004006925 f   NativeLib:interrupts_asm.obj
 0001:0000596b       irq133                     000000000400696b f   NativeLib:interrupts_asm.obj
 0001:000059b1       irq134                     00000000040069b1 f   NativeLib:interrupts_asm.obj
 0001:000059f7       irq135                     00000000040069f7 f   NativeLib:interrupts_asm.obj
 0001:00005a3d       irq136                     0000000004006a3d f   NativeLib:interrupts_asm.obj
 0001:00005a83       irq137                     0000000004006a83 f   NativeLib:interrupts_asm.obj
 0001:00005ac9       irq138                     0000000004006ac9 f   NativeLib:interrupts_asm.obj
 0001:00005b0f       irq139                     0000000004006b0f f   NativeLib:interrupts_asm.obj
 0001:00005b55       irq140                     0000000004006b55 f   NativeLib:interrupts_asm.obj
 0001:00005b9b       irq141                     0000000004006b9b f   NativeLib:interrupts_asm.obj
 0001:00005be1       irq142                     0000000004006be1 f   NativeLib:interrupts_asm.obj
 0001:00005c27       irq143                     0000000004006c27 f   NativeLib:interrupts_asm.obj
 0001:00005c6d       irq144                     0000000004006c6d f   NativeLib:interrupts_asm.obj
 0001:00005cb3       irq145                     0000000004006cb3 f   NativeLib:interrupts_asm.obj
 0001:00005cf9       irq146                     0000000004006cf9 f   NativeLib:interrupts_asm.obj
 0001:00005d3f       irq147                     0000000004006d3f f   NativeLib:interrupts_asm.obj
 0001:00005d85       irq148                     0000000004006d85 f   NativeLib:interrupts_asm.obj
 0001:00005dcb       irq149                     0000000004006dcb f   NativeLib:interrupts_asm.obj
 0001:00005e11       irq150                     0000000004006e11 f   NativeLib:interrupts_asm.obj
 0001:00005e57       irq151                     0000000004006e57 f   NativeLib:interrupts_asm.obj
 0001:00005e9d       irq152                     0000000004006e9d f   NativeLib:interrupts_asm.obj
 0001:00005ee3       irq153                     0000000004006ee3 f   NativeLib:interrupts_asm.obj
 0001:00005f29       irq154                     0000000004006f29 f   NativeLib:interrupts_asm.obj
 0001:00005f6f       irq155                     0000000004006f6f f   NativeLib:interrupts_asm.obj
 0001:00005fb5       irq156                     0000000004006fb5 f   NativeLib:interrupts_asm.obj
 0001:00005ffb       irq157                     0000000004006ffb f   NativeLib:interrupts_asm.obj
 0001:00006041       irq158                     0000000004007041 f   NativeLib:interrupts_asm.obj
 0001:00006087       irq159                     0000000004007087 f   NativeLib:interrupts_asm.obj
 0001:000060cd       irq160                     00000000040070cd f   NativeLib:interrupts_asm.obj
 0001:00006113       irq161                     0000000004007113 f   NativeLib:interrupts_asm.obj
 0001:00006159       irq162                     0000000004007159 f   NativeLib:interrupts_asm.obj
 0001:0000619f       irq163                     000000000400719f f   NativeLib:interrupts_asm.obj
 0001:000061e5       irq164                     00000000040071e5 f   NativeLib:interrupts_asm.obj
 0001:0000622b       irq165                     000000000400722b f   NativeLib:interrupts_asm.obj
 0001:00006271       irq166                     0000000004007271 f   NativeLib:interrupts_asm.obj
 0001:000062b7       irq167                     00000000040072b7 f   NativeLib:interrupts_asm.obj
 0001:000062fd       irq168                     00000000040072fd f   NativeLib:interrupts_asm.obj
 0001:00006343       irq169                     0000000004007343 f   NativeLib:interrupts_asm.obj
 0001:00006389       irq170                     0000000004007389 f   NativeLib:interrupts_asm.obj
 0001:000063cf       irq171                     00000000040073cf f   NativeLib:interrupts_asm.obj
 0001:00006415       irq172                     0000000004007415 f   NativeLib:interrupts_asm.obj
 0001:0000645b       irq173                     000000000400745b f   NativeLib:interrupts_asm.obj
 0001:000064a1       irq174                     00000000040074a1 f   NativeLib:interrupts_asm.obj
 0001:000064e7       irq175                     00000000040074e7 f   NativeLib:interrupts_asm.obj
 0001:0000652d       irq176                     000000000400752d f   NativeLib:interrupts_asm.obj
 0001:00006573       irq177                     0000000004007573 f   NativeLib:interrupts_asm.obj
 0001:000065b9       irq178                     00000000040075b9 f   NativeLib:interrupts_asm.obj
 0001:000065ff       irq179                     00000000040075ff f   NativeLib:interrupts_asm.obj
 0001:00006645       irq180                     0000000004007645 f   NativeLib:interrupts_asm.obj
 0001:0000668b       irq181                     000000000400768b f   NativeLib:interrupts_asm.obj
 0001:000066d1       irq182                     00000000040076d1 f   NativeLib:interrupts_asm.obj
 0001:00006717       irq183                     0000000004007717 f   NativeLib:interrupts_asm.obj
 0001:0000675d       irq184                     000000000400775d f   NativeLib:interrupts_asm.obj
 0001:000067a3       irq185                     00000000040077a3 f   NativeLib:interrupts_asm.obj
 0001:000067e9       irq186                     00000000040077e9 f   NativeLib:interrupts_asm.obj
 0001:0000682f       irq187                     000000000400782f f   NativeLib:interrupts_asm.obj
 0001:00006875       irq188                     0000000004007875 f   NativeLib:interrupts_asm.obj
 0001:000068bb       irq189                     00000000040078bb f   NativeLib:interrupts_asm.obj
 0001:00006901       irq190                     0000000004007901 f   NativeLib:interrupts_asm.obj
 0001:00006947       irq191                     0000000004007947 f   NativeLib:interrupts_asm.obj
 0001:0000698d       irq192                     000000000400798d f   NativeLib:interrupts_asm.obj
 0001:000069d3       irq193                     00000000040079d3 f   NativeLib:interrupts_asm.obj
 0001:00006a19       irq194                     0000000004007a19 f   NativeLib:interrupts_asm.obj
 0001:00006a5f       irq195                     0000000004007a5f f   NativeLib:interrupts_asm.obj
 0001:00006aa5       irq196                     0000000004007aa5 f   NativeLib:interrupts_asm.obj
 0001:00006aeb       irq197                     0000000004007aeb f   NativeLib:interrupts_asm.obj
 0001:00006b31       irq198                     0000000004007b31 f   NativeLib:interrupts_asm.obj
 0001:00006b77       irq199                     0000000004007b77 f   NativeLib:interrupts_asm.obj
 0001:00006bbd       irq200                     0000000004007bbd f   NativeLib:interrupts_asm.obj
 0001:00006c03       irq201                     0000000004007c03 f   NativeLib:interrupts_asm.obj
 0001:00006c49       irq202                     0000000004007c49 f   NativeLib:interrupts_asm.obj
 0001:00006c8f       irq203                     0000000004007c8f f   NativeLib:interrupts_asm.obj
 0001:00006cd5       irq204                     0000000004007cd5 f   NativeLib:interrupts_asm.obj
 0001:00006d1b       irq205                     0000000004007d1b f   NativeLib:interrupts_asm.obj
 0001:00006d61       irq206                     0000000004007d61 f   NativeLib:interrupts_asm.obj
 0001:00006da7       irq207                     0000000004007da7 f   NativeLib:interrupts_asm.obj
 0001:00006ded       irq208                     0000000004007ded f   NativeLib:interrupts_asm.obj
 0001:00006e33       irq209                     0000000004007e33 f   NativeLib:interrupts_asm.obj
 0001:00006e79       irq210                     0000000004007e79 f   NativeLib:interrupts_asm.obj
 0001:00006ebf       irq211                     0000000004007ebf f   NativeLib:interrupts_asm.obj
 0001:00006f05       irq212                     0000000004007f05 f   NativeLib:interrupts_asm.obj
 0001:00006f4b       irq213                     0000000004007f4b f   NativeLib:interrupts_asm.obj
 0001:00006f91       irq214                     0000000004007f91 f   NativeLib:interrupts_asm.obj
 0001:00006fd7       irq215                     0000000004007fd7 f   NativeLib:interrupts_asm.obj
 0001:0000701d       irq216                     000000000400801d f   NativeLib:interrupts_asm.obj
 0001:00007063       irq217                     0000000004008063 f   NativeLib:interrupts_asm.obj
 0001:000070a9       irq218                     00000000040080a9 f   NativeLib:interrupts_asm.obj
 0001:000070ef       irq219                     00000000040080ef f   NativeLib:interrupts_asm.obj
 0001:00007135       irq220                     0000000004008135 f   NativeLib:interrupts_asm.obj
 0001:0000717b       irq221                     000000000400817b f   NativeLib:interrupts_asm.obj
 0001:000071c1       irq222                     00000000040081c1 f   NativeLib:interrupts_asm.obj
 0001:00007207       irq223                     0000000004008207 f   NativeLib:interrupts_asm.obj
 0001:0000724d       ___int0                    000000000400824d f   NativeLib:interrupts_asm.obj
 0001:00007250       ___int1                    0000000004008250 f   NativeLib:interrupts_asm.obj
 0001:00007253       ___int2                    0000000004008253 f   NativeLib:interrupts_asm.obj
 0001:00007256       ___int3                    0000000004008256 f   NativeLib:interrupts_asm.obj
 0001:00007258       ___int4                    0000000004008258 f   NativeLib:interrupts_asm.obj
 0001:0000725b       ___int5                    000000000400825b f   NativeLib:interrupts_asm.obj
 0001:0000725e       ___int6                    000000000400825e f   NativeLib:interrupts_asm.obj
 0001:00007261       ___int7                    0000000004008261 f   NativeLib:interrupts_asm.obj
 0001:00007264       ___int8                    0000000004008264 f   NativeLib:interrupts_asm.obj
 0001:00007267       ___int9                    0000000004008267 f   NativeLib:interrupts_asm.obj
 0001:0000726a       ___int10                   000000000400826a f   NativeLib:interrupts_asm.obj
 0001:0000726d       ___int11                   000000000400826d f   NativeLib:interrupts_asm.obj
 0001:00007270       ___int12                   0000000004008270 f   NativeLib:interrupts_asm.obj
 0001:00007273       ___int13                   0000000004008273 f   NativeLib:interrupts_asm.obj
 0001:00007276       ___int14                   0000000004008276 f   NativeLib:interrupts_asm.obj
 0001:00007279       ___int15                   0000000004008279 f   NativeLib:interrupts_asm.obj
 0001:0000727c       ___int16                   000000000400827c f   NativeLib:interrupts_asm.obj
 0001:0000727f       ___int17                   000000000400827f f   NativeLib:interrupts_asm.obj
 0001:00007282       ___int18                   0000000004008282 f   NativeLib:interrupts_asm.obj
 0001:00007285       ___int19                   0000000004008285 f   NativeLib:interrupts_asm.obj
 0001:00007288       ___int20                   0000000004008288 f   NativeLib:interrupts_asm.obj
 0001:0000728b       ___int21                   000000000400828b f   NativeLib:interrupts_asm.obj
 0001:0000728e       ___int22                   000000000400828e f   NativeLib:interrupts_asm.obj
 0001:00007291       ___int23                   0000000004008291 f   NativeLib:interrupts_asm.obj
 0001:00007294       ___int24                   0000000004008294 f   NativeLib:interrupts_asm.obj
 0001:00007297       ___int25                   0000000004008297 f   NativeLib:interrupts_asm.obj
 0001:0000729a       ___int26                   000000000400829a f   NativeLib:interrupts_asm.obj
 0001:0000729d       ___int27                   000000000400829d f   NativeLib:interrupts_asm.obj
 0001:000072a0       ___int28                   00000000040082a0 f   NativeLib:interrupts_asm.obj
 0001:000072a3       ___int29                   00000000040082a3 f   NativeLib:interrupts_asm.obj
 0001:000072a6       ___int30                   00000000040082a6 f   NativeLib:interrupts_asm.obj
 0001:000072a9       ___int31                   00000000040082a9 f   NativeLib:interrupts_asm.obj
 0001:000072ac       ___int32                   00000000040082ac f   NativeLib:interrupts_asm.obj
 0001:000072af       ___int33                   00000000040082af f   NativeLib:interrupts_asm.obj
 0001:000072b2       ___int34                   00000000040082b2 f   NativeLib:interrupts_asm.obj
 0001:000072b5       ___int35                   00000000040082b5 f   NativeLib:interrupts_asm.obj
 0001:000072b8       ___int36                   00000000040082b8 f   NativeLib:interrupts_asm.obj
 0001:000072bb       ___int37                   00000000040082bb f   NativeLib:interrupts_asm.obj
 0001:000072be       ___int38                   00000000040082be f   NativeLib:interrupts_asm.obj
 0001:000072c1       ___int39                   00000000040082c1 f   NativeLib:interrupts_asm.obj
 0001:000072c4       ___int40                   00000000040082c4 f   NativeLib:interrupts_asm.obj
 0001:000072c7       ___int41                   00000000040082c7 f   NativeLib:interrupts_asm.obj
 0001:000072ca       ___int42                   00000000040082ca f   NativeLib:interrupts_asm.obj
 0001:000072cd       ___int43                   00000000040082cd f   NativeLib:interrupts_asm.obj
 0001:000072d0       ___int44                   00000000040082d0 f   NativeLib:interrupts_asm.obj
 0001:000072d3       ___int45                   00000000040082d3 f   NativeLib:interrupts_asm.obj
 0001:000072d6       ___int46                   00000000040082d6 f   NativeLib:interrupts_asm.obj
 0001:000072d9       ___int47                   00000000040082d9 f   NativeLib:interrupts_asm.obj
 0001:000072dc       ___int48                   00000000040082dc f   NativeLib:interrupts_asm.obj
 0001:000072df       ___int49                   00000000040082df f   NativeLib:interrupts_asm.obj
 0001:000072e2       ___int50                   00000000040082e2 f   NativeLib:interrupts_asm.obj
 0001:000072e5       ___int51                   00000000040082e5 f   NativeLib:interrupts_asm.obj
 0001:000072e8       ___int52                   00000000040082e8 f   NativeLib:interrupts_asm.obj
 0001:000072eb       ___int53                   00000000040082eb f   NativeLib:interrupts_asm.obj
 0001:000072ee       ___int54                   00000000040082ee f   NativeLib:interrupts_asm.obj
 0001:000072f1       ___int55                   00000000040082f1 f   NativeLib:interrupts_asm.obj
 0001:000072f4       ___int56                   00000000040082f4 f   NativeLib:interrupts_asm.obj
 0001:000072f7       ___int57                   00000000040082f7 f   NativeLib:interrupts_asm.obj
 0001:000072fa       ___int58                   00000000040082fa f   NativeLib:interrupts_asm.obj
 0001:000072fd       ___int59                   00000000040082fd f   NativeLib:interrupts_asm.obj
 0001:00007300       ___int60                   0000000004008300 f   NativeLib:interrupts_asm.obj
 0001:00007303       ___int61                   0000000004008303 f   NativeLib:interrupts_asm.obj
 0001:00007306       ___int62                   0000000004008306 f   NativeLib:interrupts_asm.obj
 0001:00007309       ___int63                   0000000004008309 f   NativeLib:interrupts_asm.obj
 0001:0000730c       ___int64                   000000000400830c f   NativeLib:interrupts_asm.obj
 0001:0000730f       ___int65                   000000000400830f f   NativeLib:interrupts_asm.obj
 0001:00007312       ___int66                   0000000004008312 f   NativeLib:interrupts_asm.obj
 0001:00007315       ___int67                   0000000004008315 f   NativeLib:interrupts_asm.obj
 0001:00007318       ___int68                   0000000004008318 f   NativeLib:interrupts_asm.obj
 0001:0000731b       ___int69                   000000000400831b f   NativeLib:interrupts_asm.obj
 0001:0000731e       ___int70                   000000000400831e f   NativeLib:interrupts_asm.obj
 0001:00007321       ___int71                   0000000004008321 f   NativeLib:interrupts_asm.obj
 0001:00007324       ___int72                   0000000004008324 f   NativeLib:interrupts_asm.obj
 0001:00007327       ___int73                   0000000004008327 f   NativeLib:interrupts_asm.obj
 0001:0000732a       ___int74                   000000000400832a f   NativeLib:interrupts_asm.obj
 0001:0000732d       ___int75                   000000000400832d f   NativeLib:interrupts_asm.obj
 0001:00007330       ___int76                   0000000004008330 f   NativeLib:interrupts_asm.obj
 0001:00007333       ___int77                   0000000004008333 f   NativeLib:interrupts_asm.obj
 0001:00007336       ___int78                   0000000004008336 f   NativeLib:interrupts_asm.obj
 0001:00007339       ___int79                   0000000004008339 f   NativeLib:interrupts_asm.obj
 0001:0000733c       ___int80                   000000000400833c f   NativeLib:interrupts_asm.obj
 0001:0000733f       ___int81                   000000000400833f f   NativeLib:interrupts_asm.obj
 0001:00007342       ___int82                   0000000004008342 f   NativeLib:interrupts_asm.obj
 0001:00007345       ___int83                   0000000004008345 f   NativeLib:interrupts_asm.obj
 0001:00007348       ___int84                   0000000004008348 f   NativeLib:interrupts_asm.obj
 0001:0000734b       ___int85                   000000000400834b f   NativeLib:interrupts_asm.obj
 0001:0000734e       ___int86                   000000000400834e f   NativeLib:interrupts_asm.obj
 0001:00007351       ___int87                   0000000004008351 f   NativeLib:interrupts_asm.obj
 0001:00007354       ___int88                   0000000004008354 f   NativeLib:interrupts_asm.obj
 0001:00007357       ___int89                   0000000004008357 f   NativeLib:interrupts_asm.obj
 0001:0000735a       ___int90                   000000000400835a f   NativeLib:interrupts_asm.obj
 0001:0000735d       ___int91                   000000000400835d f   NativeLib:interrupts_asm.obj
 0001:00007360       ___int92                   0000000004008360 f   NativeLib:interrupts_asm.obj
 0001:00007363       ___int93                   0000000004008363 f   NativeLib:interrupts_asm.obj
 0001:00007366       ___int94                   0000000004008366 f   NativeLib:interrupts_asm.obj
 0001:00007369       ___int95                   0000000004008369 f   NativeLib:interrupts_asm.obj
 0001:0000736c       ___int96                   000000000400836c f   NativeLib:interrupts_asm.obj
 0001:0000736f       ___int97                   000000000400836f f   NativeLib:interrupts_asm.obj
 0001:00007372       ___int98                   0000000004008372 f   NativeLib:interrupts_asm.obj
 0001:00007375       ___int99                   0000000004008375 f   NativeLib:interrupts_asm.obj
 0001:00007378       ___int100                  0000000004008378 f   NativeLib:interrupts_asm.obj
 0001:0000737b       ___int101                  000000000400837b f   NativeLib:interrupts_asm.obj
 0001:0000737e       ___int102                  000000000400837e f   NativeLib:interrupts_asm.obj
 0001:00007381       ___int103                  0000000004008381 f   NativeLib:interrupts_asm.obj
 0001:00007384       ___int104                  0000000004008384 f   NativeLib:interrupts_asm.obj
 0001:00007387       ___int105                  0000000004008387 f   NativeLib:interrupts_asm.obj
 0001:0000738a       ___int106                  000000000400838a f   NativeLib:interrupts_asm.obj
 0001:0000738d       ___int107                  000000000400838d f   NativeLib:interrupts_asm.obj
 0001:00007390       ___int108                  0000000004008390 f   NativeLib:interrupts_asm.obj
 0001:00007393       ___int109                  0000000004008393 f   NativeLib:interrupts_asm.obj
 0001:00007396       ___int110                  0000000004008396 f   NativeLib:interrupts_asm.obj
 0001:00007399       ___int111                  0000000004008399 f   NativeLib:interrupts_asm.obj
 0001:0000739c       ___int112                  000000000400839c f   NativeLib:interrupts_asm.obj
 0001:0000739f       ___int113                  000000000400839f f   NativeLib:interrupts_asm.obj
 0001:000073a2       ___int114                  00000000040083a2 f   NativeLib:interrupts_asm.obj
 0001:000073a5       ___int115                  00000000040083a5 f   NativeLib:interrupts_asm.obj
 0001:000073a8       ___int116                  00000000040083a8 f   NativeLib:interrupts_asm.obj
 0001:000073ab       ___int117                  00000000040083ab f   NativeLib:interrupts_asm.obj
 0001:000073ae       ___int118                  00000000040083ae f   NativeLib:interrupts_asm.obj
 0001:000073b1       ___int119                  00000000040083b1 f   NativeLib:interrupts_asm.obj
 0001:000073b4       ___int120                  00000000040083b4 f   NativeLib:interrupts_asm.obj
 0001:000073b7       ___int121                  00000000040083b7 f   NativeLib:interrupts_asm.obj
 0001:000073ba       ___int122                  00000000040083ba f   NativeLib:interrupts_asm.obj
 0001:000073bd       ___int123                  00000000040083bd f   NativeLib:interrupts_asm.obj
 0001:000073c0       ___int124                  00000000040083c0 f   NativeLib:interrupts_asm.obj
 0001:000073c3       ___int125                  00000000040083c3 f   NativeLib:interrupts_asm.obj
 0001:000073c6       ___int126                  00000000040083c6 f   NativeLib:interrupts_asm.obj
 0001:000073c9       ___int127                  00000000040083c9 f   NativeLib:interrupts_asm.obj
 0001:000073cc       ___int128                  00000000040083cc f   NativeLib:interrupts_asm.obj
 0001:000073cf       ___int129                  00000000040083cf f   NativeLib:interrupts_asm.obj
 0001:000073d2       ___int130                  00000000040083d2 f   NativeLib:interrupts_asm.obj
 0001:000073d5       ___int131                  00000000040083d5 f   NativeLib:interrupts_asm.obj
 0001:000073d8       ___int132                  00000000040083d8 f   NativeLib:interrupts_asm.obj
 0001:000073db       ___int133                  00000000040083db f   NativeLib:interrupts_asm.obj
 0001:000073de       ___int134                  00000000040083de f   NativeLib:interrupts_asm.obj
 0001:000073e1       ___int135                  00000000040083e1 f   NativeLib:interrupts_asm.obj
 0001:000073e4       ___int136                  00000000040083e4 f   NativeLib:interrupts_asm.obj
 0001:000073e7       ___int137                  00000000040083e7 f   NativeLib:interrupts_asm.obj
 0001:000073ea       ___int138                  00000000040083ea f   NativeLib:interrupts_asm.obj
 0001:000073ed       ___int139                  00000000040083ed f   NativeLib:interrupts_asm.obj
 0001:000073f0       ___int140                  00000000040083f0 f   NativeLib:interrupts_asm.obj
 0001:000073f3       ___int141                  00000000040083f3 f   NativeLib:interrupts_asm.obj
 0001:000073f6       ___int142                  00000000040083f6 f   NativeLib:interrupts_asm.obj
 0001:000073f9       ___int143                  00000000040083f9 f   NativeLib:interrupts_asm.obj
 0001:000073fc       ___int144                  00000000040083fc f   NativeLib:interrupts_asm.obj
 0001:000073ff       ___int145                  00000000040083ff f   NativeLib:interrupts_asm.obj
 0001:00007402       ___int146                  0000000004008402 f   NativeLib:interrupts_asm.obj
 0001:00007405       ___int147                  0000000004008405 f   NativeLib:interrupts_asm.obj
 0001:00007408       ___int148                  0000000004008408 f   NativeLib:interrupts_asm.obj
 0001:0000740b       ___int149                  000000000400840b f   NativeLib:interrupts_asm.obj
 0001:0000740e       ___int150                  000000000400840e f   NativeLib:interrupts_asm.obj
 0001:00007411       ___int151                  0000000004008411 f   NativeLib:interrupts_asm.obj
 0001:00007414       ___int152                  0000000004008414 f   NativeLib:interrupts_asm.obj
 0001:00007417       ___int153                  0000000004008417 f   NativeLib:interrupts_asm.obj
 0001:0000741a       ___int154                  000000000400841a f   NativeLib:interrupts_asm.obj
 0001:0000741d       ___int155                  000000000400841d f   NativeLib:interrupts_asm.obj
 0001:00007420       ___int156                  0000000004008420 f   NativeLib:interrupts_asm.obj
 0001:00007423       ___int157                  0000000004008423 f   NativeLib:interrupts_asm.obj
 0001:00007426       ___int158                  0000000004008426 f   NativeLib:interrupts_asm.obj
 0001:00007429       ___int159                  0000000004008429 f   NativeLib:interrupts_asm.obj
 0001:0000742c       ___int160                  000000000400842c f   NativeLib:interrupts_asm.obj
 0001:0000742f       ___int161                  000000000400842f f   NativeLib:interrupts_asm.obj
 0001:00007432       ___int162                  0000000004008432 f   NativeLib:interrupts_asm.obj
 0001:00007435       ___int163                  0000000004008435 f   NativeLib:interrupts_asm.obj
 0001:00007438       ___int164                  0000000004008438 f   NativeLib:interrupts_asm.obj
 0001:0000743b       ___int165                  000000000400843b f   NativeLib:interrupts_asm.obj
 0001:0000743e       ___int166                  000000000400843e f   NativeLib:interrupts_asm.obj
 0001:00007441       ___int167                  0000000004008441 f   NativeLib:interrupts_asm.obj
 0001:00007444       ___int168                  0000000004008444 f   NativeLib:interrupts_asm.obj
 0001:00007447       ___int169                  0000000004008447 f   NativeLib:interrupts_asm.obj
 0001:0000744a       ___int170                  000000000400844a f   NativeLib:interrupts_asm.obj
 0001:0000744d       ___int171                  000000000400844d f   NativeLib:interrupts_asm.obj
 0001:00007450       ___int172                  0000000004008450 f   NativeLib:interrupts_asm.obj
 0001:00007453       ___int173                  0000000004008453 f   NativeLib:interrupts_asm.obj
 0001:00007456       ___int174                  0000000004008456 f   NativeLib:interrupts_asm.obj
 0001:00007459       ___int175                  0000000004008459 f   NativeLib:interrupts_asm.obj
 0001:0000745c       ___int176                  000000000400845c f   NativeLib:interrupts_asm.obj
 0001:0000745f       ___int177                  000000000400845f f   NativeLib:interrupts_asm.obj
 0001:00007462       ___int178                  0000000004008462 f   NativeLib:interrupts_asm.obj
 0001:00007465       ___int179                  0000000004008465 f   NativeLib:interrupts_asm.obj
 0001:00007468       ___int180                  0000000004008468 f   NativeLib:interrupts_asm.obj
 0001:0000746b       ___int181                  000000000400846b f   NativeLib:interrupts_asm.obj
 0001:0000746e       ___int182                  000000000400846e f   NativeLib:interrupts_asm.obj
 0001:00007471       ___int183                  0000000004008471 f   NativeLib:interrupts_asm.obj
 0001:00007474       ___int184                  0000000004008474 f   NativeLib:interrupts_asm.obj
 0001:00007477       ___int185                  0000000004008477 f   NativeLib:interrupts_asm.obj
 0001:0000747a       ___int186                  000000000400847a f   NativeLib:interrupts_asm.obj
 0001:0000747d       ___int187                  000000000400847d f   NativeLib:interrupts_asm.obj
 0001:00007480       ___int188                  0000000004008480 f   NativeLib:interrupts_asm.obj
 0001:00007483       ___int189                  0000000004008483 f   NativeLib:interrupts_asm.obj
 0001:00007486       ___int190                  0000000004008486 f   NativeLib:interrupts_asm.obj
 0001:00007489       ___int191                  0000000004008489 f   NativeLib:interrupts_asm.obj
 0001:0000748c       ___int192                  000000000400848c f   NativeLib:interrupts_asm.obj
 0001:0000748f       ___int193                  000000000400848f f   NativeLib:interrupts_asm.obj
 0001:00007492       ___int194                  0000000004008492 f   NativeLib:interrupts_asm.obj
 0001:00007495       ___int195                  0000000004008495 f   NativeLib:interrupts_asm.obj
 0001:00007498       ___int196                  0000000004008498 f   NativeLib:interrupts_asm.obj
 0001:0000749b       ___int197                  000000000400849b f   NativeLib:interrupts_asm.obj
 0001:0000749e       ___int198                  000000000400849e f   NativeLib:interrupts_asm.obj
 0001:000074a1       ___int199                  00000000040084a1 f   NativeLib:interrupts_asm.obj
 0001:000074a4       ___int200                  00000000040084a4 f   NativeLib:interrupts_asm.obj
 0001:000074a7       ___int201                  00000000040084a7 f   NativeLib:interrupts_asm.obj
 0001:000074aa       ___int202                  00000000040084aa f   NativeLib:interrupts_asm.obj
 0001:000074ad       ___int203                  00000000040084ad f   NativeLib:interrupts_asm.obj
 0001:000074b0       ___int204                  00000000040084b0 f   NativeLib:interrupts_asm.obj
 0001:000074b3       ___int205                  00000000040084b3 f   NativeLib:interrupts_asm.obj
 0001:000074b6       ___int206                  00000000040084b6 f   NativeLib:interrupts_asm.obj
 0001:000074b9       ___int207                  00000000040084b9 f   NativeLib:interrupts_asm.obj
 0001:000074bc       ___int208                  00000000040084bc f   NativeLib:interrupts_asm.obj
 0001:000074bf       ___int209                  00000000040084bf f   NativeLib:interrupts_asm.obj
 0001:000074c2       ___int210                  00000000040084c2 f   NativeLib:interrupts_asm.obj
 0001:000074c5       ___int211                  00000000040084c5 f   NativeLib:interrupts_asm.obj
 0001:000074c8       ___int212                  00000000040084c8 f   NativeLib:interrupts_asm.obj
 0001:000074cb       ___int213                  00000000040084cb f   NativeLib:interrupts_asm.obj
 0001:000074ce       ___int214                  00000000040084ce f   NativeLib:interrupts_asm.obj
 0001:000074d1       ___int215                  00000000040084d1 f   NativeLib:interrupts_asm.obj
 0001:000074d4       ___int216                  00000000040084d4 f   NativeLib:interrupts_asm.obj
 0001:000074d7       ___int217                  00000000040084d7 f   NativeLib:interrupts_asm.obj
 0001:000074da       ___int218                  00000000040084da f   NativeLib:interrupts_asm.obj
 0001:000074dd       ___int219                  00000000040084dd f   NativeLib:interrupts_asm.obj
 0001:000074e0       ___int220                  00000000040084e0 f   NativeLib:interrupts_asm.obj
 0001:000074e3       ___int221                  00000000040084e3 f   NativeLib:interrupts_asm.obj
 0001:000074e6       ___int222                  00000000040084e6 f   NativeLib:interrupts_asm.obj
 0001:000074e9       ___int223                  00000000040084e9 f   NativeLib:interrupts_asm.obj
 0001:000074ec       ___int224                  00000000040084ec f   NativeLib:interrupts_asm.obj
 0001:000074ef       ___int225                  00000000040084ef f   NativeLib:interrupts_asm.obj
 0001:000074f2       ___int226                  00000000040084f2 f   NativeLib:interrupts_asm.obj
 0001:000074f5       ___int227                  00000000040084f5 f   NativeLib:interrupts_asm.obj
 0001:000074f8       ___int228                  00000000040084f8 f   NativeLib:interrupts_asm.obj
 0001:000074fb       ___int229                  00000000040084fb f   NativeLib:interrupts_asm.obj
 0001:000074fe       ___int230                  00000000040084fe f   NativeLib:interrupts_asm.obj
 0001:00007501       ___int231                  0000000004008501 f   NativeLib:interrupts_asm.obj
 0001:00007504       ___int232                  0000000004008504 f   NativeLib:interrupts_asm.obj
 0001:00007507       ___int233                  0000000004008507 f   NativeLib:interrupts_asm.obj
 0001:0000750a       ___int234                  000000000400850a f   NativeLib:interrupts_asm.obj
 0001:0000750d       ___int235                  000000000400850d f   NativeLib:interrupts_asm.obj
 0001:00007510       ___int236                  0000000004008510 f   NativeLib:interrupts_asm.obj
 0001:00007513       ___int237                  0000000004008513 f   NativeLib:interrupts_asm.obj
 0001:00007516       ___int238                  0000000004008516 f   NativeLib:interrupts_asm.obj
 0001:00007519       ___int239                  0000000004008519 f   NativeLib:interrupts_asm.obj
 0001:0000751c       ___int240                  000000000400851c f   NativeLib:interrupts_asm.obj
 0001:0000751f       ___int241                  000000000400851f f   NativeLib:interrupts_asm.obj
 0001:00007522       ___int242                  0000000004008522 f   NativeLib:interrupts_asm.obj
 0001:00007525       ___int243                  0000000004008525 f   NativeLib:interrupts_asm.obj
 0001:00007528       ___int244                  0000000004008528 f   NativeLib:interrupts_asm.obj
 0001:0000752b       ___int245                  000000000400852b f   NativeLib:interrupts_asm.obj
 0001:0000752e       ___int246                  000000000400852e f   NativeLib:interrupts_asm.obj
 0001:00007531       ___int247                  0000000004008531 f   NativeLib:interrupts_asm.obj
 0001:00007534       ___int248                  0000000004008534 f   NativeLib:interrupts_asm.obj
 0001:00007537       ___int249                  0000000004008537 f   NativeLib:interrupts_asm.obj
 0001:0000753a       ___int250                  000000000400853a f   NativeLib:interrupts_asm.obj
 0001:0000753d       ___int251                  000000000400853d f   NativeLib:interrupts_asm.obj
 0001:00007540       ___int252                  0000000004008540 f   NativeLib:interrupts_asm.obj
 0001:00007543       ___int253                  0000000004008543 f   NativeLib:interrupts_asm.obj
 0001:00007546       ___int254                  0000000004008546 f   NativeLib:interrupts_asm.obj
 0001:00007549       ___int255                  0000000004008549 f   NativeLib:interrupts_asm.obj
 0001:0000754c       _reload_segreg             000000000400854c f   NativeLib:interrupts_asm.obj
 0001:00007573       Load_IDT                   0000000004008573 f   NativeLib:interrupts_asm.obj
 0001:00007577       _cli                       0000000004008577 f   NativeLib:interrupts_asm.obj
 0001:00007579       _sti                       0000000004008579 f   NativeLib:interrupts_asm.obj
 0001:0000757b       _hlt                       000000000400857b f   NativeLib:interrupts_asm.obj
 0001:0000757d       _InterruptTest             000000000400857d f   NativeLib:interrupts_asm.obj
 0001:00007594       __Iretq                    0000000004008594 f   NativeLib:interrupts_asm.obj
 0001:00012a10       lodepng_add_itext          0000000004013a10 f   NativeLib:lodepng.obj
 0001:00012c50       lodepng_add_text           0000000004013c50 f   NativeLib:lodepng.obj
 0001:00012f10       lodepng_can_have_alpha     0000000004013f10 f   NativeLib:lodepng.obj
 0001:00012f70       lodepng_chunk_ancillary    0000000004013f70 f   NativeLib:lodepng.obj
 0001:00012fc0       lodepng_chunk_append       0000000004013fc0 f   NativeLib:lodepng.obj
 0001:000130e0       lodepng_chunk_check_crc    00000000040140e0 f   NativeLib:lodepng.obj
 0001:00013170       lodepng_chunk_create       0000000004014170 f   NativeLib:lodepng.obj
 0001:000132a0       lodepng_chunk_data         00000000040142a0 f   NativeLib:lodepng.obj
 0001:000132e0       lodepng_chunk_data_const   00000000040142e0 f   NativeLib:lodepng.obj
 0001:00013320       lodepng_chunk_find         0000000004014320 f   NativeLib:lodepng.obj
 0001:000133a0       lodepng_chunk_find_const   00000000040143a0 f   NativeLib:lodepng.obj
 0001:00013420       lodepng_chunk_generate_crc 0000000004014420 f   NativeLib:lodepng.obj
 0001:00013570       lodepng_chunk_length       0000000004014570 f   NativeLib:lodepng.obj
 0001:000135b0       lodepng_chunk_next         00000000040145b0 f   NativeLib:lodepng.obj
 0001:00013710       lodepng_chunk_next_const   0000000004014710 f   NativeLib:lodepng.obj
 0001:00013870       lodepng_chunk_private      0000000004014870 f   NativeLib:lodepng.obj
 0001:000138c0       lodepng_chunk_safetocopy   00000000040148c0 f   NativeLib:lodepng.obj
 0001:00013910       lodepng_chunk_type         0000000004014910 f   NativeLib:lodepng.obj
 0001:00013980       lodepng_chunk_type_equals  0000000004014980 f   NativeLib:lodepng.obj
 0001:00013a70       lodepng_clear_icc          0000000004014a70 f   NativeLib:lodepng.obj
 0001:00013ae0       lodepng_clear_itext        0000000004014ae0 f   NativeLib:lodepng.obj
 0001:00013b10       lodepng_clear_text         0000000004014b10 f   NativeLib:lodepng.obj
 0001:00013bf0       lodepng_color_mode_cleanup 0000000004014bf0 f   NativeLib:lodepng.obj
 0001:00013c20       lodepng_color_mode_copy    0000000004014c20 f   NativeLib:lodepng.obj
 0001:00013e00       lodepng_color_mode_init    0000000004014e00 f   NativeLib:lodepng.obj
 0001:00013e80       lodepng_color_mode_make    0000000004014e80 f   NativeLib:lodepng.obj
 0001:00014020       lodepng_color_stats_init   0000000004015020 f   NativeLib:lodepng.obj
 0001:000140d0       lodepng_compress_settings_init 00000000040150d0 f   NativeLib:lodepng.obj
 0001:00014160       lodepng_compute_color_stats 0000000004015160 f   NativeLib:lodepng.obj
 0001:00015030       lodepng_convert            0000000004016030 f   NativeLib:lodepng.obj
 0001:00015570       lodepng_convert_rgb        0000000004016570 f   NativeLib:lodepng.obj
 0001:000158b0       lodepng_crc32              00000000040168b0 f   NativeLib:lodepng.obj
 0001:00015940       lodepng_decode             0000000004016940 f   NativeLib:lodepng.obj
 0001:00015b30       lodepng_decode24           0000000004016b30 f   NativeLib:lodepng.obj
 0001:00015ba0       lodepng_decode32           0000000004016ba0 f   NativeLib:lodepng.obj
 0001:00015c10       lodepng_decode_memory      0000000004016c10 f   NativeLib:lodepng.obj
 0001:00015ce0       lodepng_decoder_settings_init 0000000004016ce0 f   NativeLib:lodepng.obj
 0001:00015d70       lodepng_decompress_settings_init 0000000004016d70 f   NativeLib:lodepng.obj
 0001:00015de0       lodepng_deflate            0000000004016de0 f   NativeLib:lodepng.obj
 0001:000160f0       lodepng_encode             00000000040170f0 f   NativeLib:lodepng.obj
 0001:000170f0       lodepng_encode24           00000000040180f0 f   NativeLib:lodepng.obj
 0001:00017150       lodepng_encode32           0000000004018150 f   NativeLib:lodepng.obj
 0001:000171b0       lodepng_encode_memory      00000000040181b0 f   NativeLib:lodepng.obj
 0001:00017270       lodepng_encoder_settings_init 0000000004018270 f   NativeLib:lodepng.obj
 0001:000172f0       lodepng_error_text         00000000040182f0 f   NativeLib:lodepng.obj
 0001:000179c0       lodepng_get_bpp            00000000040189c0 f   NativeLib:lodepng.obj
 0001:00017a30       lodepng_get_channels       0000000004018a30 f   NativeLib:lodepng.obj
 0001:00017a60       lodepng_get_raw_size       0000000004018a60 f   NativeLib:lodepng.obj
 0001:00017c40       lodepng_has_palette_alpha  0000000004018c40 f   NativeLib:lodepng.obj
 0001:00017cb0       lodepng_huffman_code_lengths 0000000004018cb0 f   NativeLib:lodepng.obj
 0001:00018100       lodepng_inflate            0000000004019100 f   NativeLib:lodepng.obj
 0001:00018310       lodepng_info_cleanup       0000000004019310 f   NativeLib:lodepng.obj
 0001:00018370       lodepng_info_copy          0000000004019370 f   NativeLib:lodepng.obj
 0001:000184a0       lodepng_info_init          00000000040194a0 f   NativeLib:lodepng.obj
 0001:000185b0       lodepng_inspect            00000000040195b0 f   NativeLib:lodepng.obj
 0001:00018a00       lodepng_inspect_chunk      0000000004019a00 f   NativeLib:lodepng.obj
 0001:00018e20       lodepng_is_alpha_type      0000000004019e20 f   NativeLib:lodepng.obj
 0001:00018e70       lodepng_is_greyscale_type  0000000004019e70 f   NativeLib:lodepng.obj
 0001:00018ec0       lodepng_is_palette_type    0000000004019ec0 f   NativeLib:lodepng.obj
 0001:00019070       lodepng_palette_add        000000000401a070 f   NativeLib:lodepng.obj
 0001:00019160       lodepng_palette_clear      000000000401a160 f   NativeLib:lodepng.obj
 0001:00019480       lodepng_set_icc            000000000401a480 f   NativeLib:lodepng.obj
 0001:000194f0       lodepng_state_cleanup      000000000401a4f0 f   NativeLib:lodepng.obj
 0001:00019540       lodepng_state_copy         000000000401a540 f   NativeLib:lodepng.obj
 0001:00019610       lodepng_state_init         000000000401a610 f   NativeLib:lodepng.obj
 0001:000196d0       lodepng_zlib_compress      000000000401a6d0 f   NativeLib:lodepng.obj
 0001:000198c0       lodepng_zlib_decompress    000000000401a8c0 f   NativeLib:lodepng.obj
 0001:0001e900       printf                     000000000401f900 f   NativeLib:printf.obj
 0001:0001e980       sprintf                    000000000401f980 f   NativeLib:printf.obj
 0001:0001e9e0       vsnprintf                  000000000401f9e0 f   NativeLib:printf.obj
 0002:00000000       Kernel_Allocator__GetPageIndexStart 0000000004020000     Kernel.obj
 0002:00000060       Kernel_Allocator__Free     0000000004020060     Kernel.obj
 0002:00000170       Kernel_Allocator__Initialize 0000000004020170     Kernel.obj
 0002:00000220       Kernel_Allocator__Allocate 0000000004020220     Kernel.obj
 0002:00000370       Kernel_Allocator__Reallocate 0000000004020370     Kernel.obj
 0002:00000470       Kernel_GDT__Initialize     0000000004020470     Kernel.obj
 0002:00000550       Kernel_IDT__Initialize     0000000004020550     Kernel.obj
 0002:00000650       exception_handler          0000000004020650     Kernel.obj
 0002:00000650       Kernel_IDT__ExceptionHandler 0000000004020650     Kernel.obj
 0002:000007b0       Kernel_IDT__IRQHandler     00000000040207b0     Kernel.obj
 0002:000007b0       irq_handler                00000000040207b0     Kernel.obj
 0002:00000870       Kernel_Native__Load_GDT    0000000004020870     Kernel.obj
 0002:000008d0       Kernel_Native__Load_IDT    00000000040208d0     Kernel.obj
 0002:00000930       Kernel_System_Delegate__InitializeClosedInstance 0000000004020930     Kernel.obj
 0002:00000960       Object___ctor              0000000004020960     Kernel.obj
 0002:00000970       Object__Dispose            0000000004020970     Kernel.obj
 0002:00000990       String__FromASCII          0000000004020990     Kernel.obj
 0002:00000a20       String__FromASCII_0        0000000004020a20     Kernel.obj
 0002:00000ae0       String__Ctor_1             0000000004020ae0     Kernel.obj
 0002:00000bd0       String__Ctor_2             0000000004020bd0     Kernel.obj
 0002:00000c90       String__Ctor_3             0000000004020c90     Kernel.obj
 0002:00000ce0       String__Equals_0           0000000004020ce0     Kernel.obj
 0002:00000d30       String__Concat             0000000004020d30     Kernel.obj
 0002:00000e20       String__IndexOf            0000000004020e20     Kernel.obj
 0002:00000e50       String__Concat_1           0000000004020e50     Kernel.obj
 0002:00000eb0       UInt64__ToString           0000000004020eb0     Kernel.obj
 0002:00000f80       UInt64__ToStringHex        0000000004020f80     Kernel.obj
 0002:00001030       RhTypeCast_CheckCastClass  0000000004021030     Kernel.obj
 0002:00001030       Kernel_System_Runtime_TypeCast__CheckCastClass 0000000004021030     Kernel.obj
 0002:00001060       RhTypeCast_CheckCastArray  0000000004021060     Kernel.obj
 0002:00001060       Kernel_System_Runtime_TypeCast__CheckCastArray 0000000004021060     Kernel.obj
 0002:00001090       RhTypeCast_IsInstanceOfArray 0000000004021090     Kernel.obj
 0002:00001090       Kernel_System_Runtime_TypeCast__IsInstanceOfArray 0000000004021090     Kernel.obj
 0002:000010d0       Kernel_System_Drawing_Image___ctor_0 00000000040210d0     Kernel.obj
 0002:000010e0       Kernel_System_Drawing_Image__Dispose 00000000040210e0     Kernel.obj
 0002:00001110       __imp_GetCurrentThreadId   0000000004021110     Kernel.obj
 0002:00001110       Kernel_Internal_Runtime_CompilerHelpers_StartupCodeHelpers____imp_GetCurrentThreadId 0000000004021110     Kernel.obj
 0002:00001120       __CheckForDebuggerJustMyCode 0000000004021120     Kernel.obj
 0002:00001120       Kernel_Internal_Runtime_CompilerHelpers_StartupCodeHelpers____CheckForDebuggerJustMyCode 0000000004021120     Kernel.obj
 0002:00001130       __fail_fast                0000000004021130     Kernel.obj
 0002:00001130       Kernel_Internal_Runtime_CompilerHelpers_StartupCodeHelpers__FailFast 0000000004021130     Kernel.obj
 0002:00001140       Kernel_Internal_Runtime_CompilerHelpers_StartupCodeHelpers__MemSet 0000000004021140     Kernel.obj
 0002:00001140       memset                     0000000004021140     Kernel.obj
 0002:00001160       Kernel_Internal_Runtime_CompilerHelpers_StartupCodeHelpers__MemCpy 0000000004021160     Kernel.obj
 0002:00001160       memcpy                     0000000004021160     Kernel.obj
 0002:00001180       RhpFallbackFailFast        0000000004021180     Kernel.obj
 0002:00001180       Kernel_Internal_Runtime_CompilerHelpers_StartupCodeHelpers__RhpFallbackFailFast 0000000004021180     Kernel.obj
 0002:00001190       RhpReversePInvoke2         0000000004021190     Kernel.obj
 0002:00001190       Kernel_Internal_Runtime_CompilerHelpers_StartupCodeHelpers__RhpReversePInvoke2 0000000004021190     Kernel.obj
 0002:000011a0       RhpReversePInvokeReturn2   00000000040211a0     Kernel.obj
 0002:000011a0       Kernel_Internal_Runtime_CompilerHelpers_StartupCodeHelpers__RhpReversePInvokeReturn2 00000000040211a0     Kernel.obj
 0002:000011b0       Kernel_Internal_Runtime_CompilerHelpers_StartupCodeHelpers__RhpReversePInvoke 00000000040211b0     Kernel.obj
 0002:000011b0       RhpReversePInvoke          00000000040211b0     Kernel.obj
 0002:000011c0       Kernel_Internal_Runtime_CompilerHelpers_StartupCodeHelpers__RhpReversePInvokeReturn 00000000040211c0     Kernel.obj
 0002:000011c0       RhpReversePInvokeReturn    00000000040211c0     Kernel.obj
 0002:000011d0       Kernel_Internal_Runtime_CompilerHelpers_StartupCodeHelpers__RhpPinvoke 00000000040211d0     Kernel.obj
 0002:000011d0       RhpPInvoke                 00000000040211d0     Kernel.obj
 0002:000011e0       Kernel_Internal_Runtime_CompilerHelpers_StartupCodeHelpers__RhpPinvokeReturn 00000000040211e0     Kernel.obj
 0002:000011e0       RhpPInvokeReturn           00000000040211e0     Kernel.obj
 0002:000011f0       Kernel_Internal_Runtime_CompilerHelpers_StartupCodeHelpers__RhpNewFast 00000000040211f0     Kernel.obj
 0002:000011f0       RhpNewFast                 00000000040211f0     Kernel.obj
 0002:000012a0       RhpNewArray                00000000040212a0     Kernel.obj
 0002:000012a0       Kernel_Internal_Runtime_CompilerHelpers_StartupCodeHelpers__RhpNewArray 00000000040212a0     Kernel.obj
 0002:000013b0       Kernel_Internal_Runtime_CompilerHelpers_StartupCodeHelpers__RhpAssignRef 00000000040213b0     Kernel.obj
 0002:000013b0       RhpAssignRef               00000000040213b0     Kernel.obj
 0002:000013c0       RhpByRefAssignRef          00000000040213c0     Kernel.obj
 0002:000013c0       Kernel_Internal_Runtime_CompilerHelpers_StartupCodeHelpers__RhpByRefAssignRef 00000000040213c0     Kernel.obj
 0002:000013d0       Kernel_Internal_Runtime_CompilerHelpers_StartupCodeHelpers__RhpCheckedAssignRef 00000000040213d0     Kernel.obj
 0002:000013d0       RhpCheckedAssignRef        00000000040213d0     Kernel.obj
 0002:000013e0       RhpStelemRef               00000000040213e0     Kernel.obj
 0002:000013e0       Kernel_Internal_Runtime_CompilerHelpers_StartupCodeHelpers__RhpStelemRef 00000000040213e0     Kernel.obj
 0002:00001420       RhTypeCast_IsInstanceOfClass 0000000004021420     Kernel.obj
 0002:00001420       Kernel_Internal_Runtime_CompilerHelpers_StartupCodeHelpers__RhTypeCast_IsInstanceOfClass 0000000004021420     Kernel.obj
 0002:00001450       Kernel_Internal_Runtime_CompilerHelpers_StartupCodeHelpers__InitializeModules 0000000004021450     Kernel.obj
 0002:000014c0       Kernel_Internal_Runtime_CompilerHelpers_StartupCodeHelpers__InitializeStatics 00000000040214c0     Kernel.obj
 0002:00001560       Kernel_Internal_Runtime_CompilerHelpers_SynchronizedMethodHelpers__MonitorEnterStatic 0000000004021560     Kernel.obj
 0002:00001570       Kernel_Internal_Runtime_CompilerHelpers_SynchronizedMethodHelpers__MonitorExitStatic 0000000004021570     Kernel.obj
 0002:00001580       Kernel_Internal_Runtime_CompilerHelpers_ThrowHelpers__ThrowOverflowException 0000000004021580     Kernel.obj
 0002:00001590       Kernel_Internal_Runtime_CompilerHelpers_ThrowHelpers__ThrowIndexOutOfRangeException 0000000004021590     Kernel.obj
 0002:000015a0       Main                       00000000040215a0     Kernel.obj
 0002:000015a0       Kernel_OS_Sharp_Program__Main_0 00000000040215a0     Kernel.obj
 0002:00001a40       Kernel_OS_Sharp_Program__InitMsg 0000000004021a40     Kernel.obj
 0002:00001ad0       Kernel_OS_Sharp_AC97__OnInterrupt 0000000004021ad0     Kernel.obj
 0002:00001b90       Kernel_OS_Sharp_Framebuffer__set_TripleBuffered 0000000004021b90     Kernel.obj
 0002:00001be0       Kernel_OS_Sharp_Framebuffer__Update 0000000004021be0     Kernel.obj
 0002:00001ca0       Kernel_OS_Sharp_Framebuffer__SetVideoMode 0000000004021ca0     Kernel.obj
 0002:00001d90       Kernel_OS_Sharp_Framebuffer__Clear 0000000004021d90     Kernel.obj
 0002:00001e10       Kernel_OS_Sharp_Framebuffer__Fill 0000000004021e10     Kernel.obj
 0002:00001e80       Kernel_OS_Sharp_Framebuffer__DrawPoint 0000000004021e80     Kernel.obj
 0002:00001ee0       Kernel_OS_Sharp_Framebuffer__GetPoint 0000000004021ee0     Kernel.obj
 0002:00001f50       Kernel_OS_Sharp_Framebuffer__DrawImage 0000000004021f50     Kernel.obj
 0002:000020e0       Kernel_OS_Sharp_PCIDevice___ctor 00000000040220e0     Kernel.obj
 0002:000020f0       Kernel_OS_Sharp_PCI__Initialize 00000000040220f0     Kernel.obj
 0002:000021f0       Kernel_OS_Sharp_PCI__CheckBus 00000000040221f0     Kernel.obj
 0002:00002940       Kernel_OS_Sharp_PCI__GetHeaderType 0000000004022940     Kernel.obj
 0002:000029f0       Kernel_OS_Sharp_PIC__Disable 00000000040229f0     Kernel.obj
 0002:00002be0       Kernel_OS_Sharp_PIT__Initialize 0000000004022be0     Kernel.obj
 0002:00002ce0       Kernel_OS_Sharp_PS2Keyboard__add_OnKeyChanged 0000000004022ce0     Kernel.obj
 0002:00002d70       Kernel_OS_Sharp_PS2Keyboard__Initialize 0000000004022d70     Kernel.obj
 0002:00003220       Kernel_OS_Sharp_PS2Keyboard__CleanKeyInfo 0000000004023220     Kernel.obj
 0002:00003250       Kernel_OS_Sharp_PS2Keyboard__ProcessKey 0000000004023250     Kernel.obj
 0002:00003480       Kernel_OS_Sharp_PS2Mouse__Initialize 0000000004023480     Kernel.obj
 0002:000036c0       Kernel_OS_Sharp_PS2Mouse__WriteRegister 00000000040236c0     Kernel.obj
 0002:000037b0       Kernel_OS_Sharp_PS2Mouse__OnInterrupt 00000000040237b0     Kernel.obj
 0002:00003960       Kernel_OS_Sharp_SATA__Initialize 0000000004023960     Kernel.obj
 0002:00003c00       Kernel_OS_Sharp_SATA__CheckPortType 0000000004023c00     Kernel.obj
 0002:00003c70       Kernel_OS_Sharp_Serial__Initialize 0000000004023c70     Kernel.obj
 0002:00003de0       Kernel_OS_Sharp_Serial__Write 0000000004023de0     Kernel.obj
 0002:00003e30       Kernel_OS_Sharp_Serial__Write_0 0000000004023e30     Kernel.obj
 0002:00003ec0       Kernel_OS_Sharp_ASC16__DrawChar 0000000004023ec0     Kernel.obj
 0002:00003f50       Kernel_OS_Sharp_Console__add_OnWrite 0000000004023f50     Kernel.obj
 0002:00003fe0       Kernel_OS_Sharp_Console__Initialize 0000000004023fe0     Kernel.obj
 0002:00004080       Kernel_OS_Sharp_Console__EnableCursor 0000000004024080     Kernel.obj
 0002:000041c0       Kernel_OS_Sharp_Console__Write 00000000040241c0     Kernel.obj
 0002:00004210       Kernel_OS_Sharp_Console__Write_0 0000000004024210     Kernel.obj
 0002:00004280       Kernel_OS_Sharp_Console__WriteFramebuffer 0000000004024280     Kernel.obj
 0002:00004320       Kernel_OS_Sharp_Console__MoveUp 0000000004024320     Kernel.obj
 0002:000043e0       Kernel_OS_Sharp_Console__MoveUpFramebuffer 00000000040243e0     Kernel.obj
 0002:00004470       Kernel_OS_Sharp_Console__UpdateCursor 0000000004024470     Kernel.obj
 0002:00004560       Kernel_OS_Sharp_Console__UpdateCursorFramebuffer 0000000004024560     Kernel.obj
 0002:000045d0       Kernel_OS_Sharp_Console__WriteLine 00000000040245d0     Kernel.obj
 0002:00004640       Kernel_OS_Sharp_Console__WriteLine_0 0000000004024640     Kernel.obj
 0002:00004690       Kernel_OS_Sharp_Console__Clear 0000000004024690     Kernel.obj
 0002:000046e0       Kernel_OS_Sharp_Console__set_ForegroundColor 00000000040246e0     Kernel.obj
 0002:00004700       Kernel_OS_Sharp_Console__set_BackgroundColor 0000000004024700     Kernel.obj
 0002:00004730       Kernel_OS_Sharp_PageTable__Initialize 0000000004024730     Kernel.obj
 0002:00004830       Kernel_OS_Sharp_PageTable__GetPage 0000000004024830     Kernel.obj
 0002:000048e0       Kernel_OS_Sharp_PageTable__Next 00000000040248e0     Kernel.obj
 0002:00004990       Kernel_OS_Sharp_UDP__HandlePacket 0000000004024990     Kernel.obj
 0002:00004a60       Kernel_OS_Sharp_Stdio__Print 0000000004024a60     Kernel.obj
 0002:00004a60       print                      0000000004024a60     Kernel.obj
 0002:00004aa0       fopen                      0000000004024aa0     Kernel.obj
 0002:00004aa0       Kernel_OS_Sharp_Stdio__Fopen 0000000004024aa0     Kernel.obj
 0002:00004c00       fseek                      0000000004024c00     Kernel.obj
 0002:00004c00       Kernel_OS_Sharp_Stdio__Fseek 0000000004024c00     Kernel.obj
 0002:00004c20       Kernel_OS_Sharp_Stdio__Fread 0000000004024c20     Kernel.obj
 0002:00004c20       fread                      0000000004024c20     Kernel.obj
 0002:00004c90       malloc                     0000000004024c90     Kernel.obj
 0002:00004c90       Kernel_OS_Sharp_Stdlib__Malloc 0000000004024c90     Kernel.obj
 0002:00004ca0       free                       0000000004024ca0     Kernel.obj
 0002:00004ca0       Kernel_OS_Sharp_Stdlib__Free 0000000004024ca0     Kernel.obj
[...]
 0003:00006af8       $unwind$lodepng_zlib_decompressv 0000000004030af8     NativeLib:lodepng.obj
 0003:00006b04       $unwind$zlib_decompress    0000000004030b04     NativeLib:lodepng.obj
 0003:00006b14       $unwind$zlib_compress      0000000004030b14     NativeLib:lodepng.obj
 0003:00006b20       $unwind$readBitFromReversedStream 0000000004030b20     NativeLib:lodepng.obj
 0003:00006b2c       $unwind$readBitsFromReversedStream 0000000004030b2c     NativeLib:lodepng.obj
 0003:00006b38       $unwind$setBitOfReversedStream 0000000004030b38     NativeLib:lodepng.obj
 0003:00006b44       $unwind$lodepng_chunk_init 0000000004030b44     NativeLib:lodepng.obj
 0003:00006b50       $unwind$lodepng_chunk_createv 0000000004030b50     NativeLib:lodepng.obj
 0003:00006b5c       $unwind$checkColorValidity 0000000004030b5c     NativeLib:lodepng.obj
 0003:00006b68       $unwind$getNumColorChannels 0000000004030b68     NativeLib:lodepng.obj
 0003:00006b74       $unwind$lodepng_get_bpp_lct 0000000004030b74     NativeLib:lodepng.obj
 0003:00006b80       $unwind$lodepng_color_mode_alloc_palette 0000000004030b80     NativeLib:lodepng.obj
 0003:00006b8c       $unwind$lodepng_color_mode_equal 0000000004030b8c     NativeLib:lodepng.obj
 0003:00006b98       $unwind$lodepng_get_raw_size_lct 0000000004030b98     NativeLib:lodepng.obj
 0003:00006ba4       $unwind$lodepng_get_raw_size_idat 0000000004030ba4     NativeLib:lodepng.obj
 0003:00006bb0       $unwind$lodepng_pixel_overflow 0000000004030bb0     NativeLib:lodepng.obj
 0003:00006bbc       $unwind$LodePNGUnknownChunks_init 0000000004030bbc     NativeLib:lodepng.obj
 0003:00006bc8       $unwind$LodePNGUnknownChunks_cleanup 0000000004030bc8     NativeLib:lodepng.obj
 0003:00006bd4       $unwind$LodePNGUnknownChunks_copy 0000000004030bd4     NativeLib:lodepng.obj
 0003:00006be0       $unwind$LodePNGText_init   0000000004030be0     NativeLib:lodepng.obj
 0003:00006bec       $unwind$LodePNGText_cleanup 0000000004030bec     NativeLib:lodepng.obj
 0003:00006bf8       $unwind$LodePNGText_copy   0000000004030bf8     NativeLib:lodepng.obj
 0003:00006c04       $unwind$lodepng_add_text_sized 0000000004030c04     NativeLib:lodepng.obj
 0003:00006c10       $unwind$LodePNGIText_init  0000000004030c10     NativeLib:lodepng.obj
 0003:00006c1c       $unwind$LodePNGIText_cleanup 0000000004030c1c     NativeLib:lodepng.obj
 0003:00006c28       $unwind$LodePNGIText_copy  0000000004030c28     NativeLib:lodepng.obj
 0003:00006c34       $unwind$lodepng_add_itext_sized 0000000004030c34     NativeLib:lodepng.obj
 0003:00006c40       $unwind$lodepng_assign_icc 0000000004030c40     NativeLib:lodepng.obj
 0003:00006c4c       $unwind$addColorBits       0000000004030c4c     NativeLib:lodepng.obj
 0003:00006c58       $unwind$color_tree_init    0000000004030c58     NativeLib:lodepng.obj
 0003:00006c64       $unwind$color_tree_cleanup 0000000004030c64     NativeLib:lodepng.obj
 0003:00006c70       $unwind$color_tree_get     0000000004030c70     NativeLib:lodepng.obj
 0003:00006c7c       $unwind$color_tree_has     0000000004030c7c     NativeLib:lodepng.obj
 0003:00006c88       $unwind$color_tree_add     0000000004030c88     NativeLib:lodepng.obj
 0003:00006c94       $unwind$rgba8ToPixel       0000000004030c94     NativeLib:lodepng.obj
 0003:00006ca0       $unwind$rgba16ToPixel      0000000004030ca0     NativeLib:lodepng.obj
 0003:00006cac       $unwind$getPixelColorRGBA8 0000000004030cac     NativeLib:lodepng.obj
 0003:00006cb8       $unwind$getPixelColorsRGBA8 0000000004030cb8     NativeLib:lodepng.obj
 0003:00006cc4       $unwind$getPixelColorsRGB8 0000000004030cc4     NativeLib:lodepng.obj
 0003:00006cd0       $unwind$getPixelColorRGBA16 0000000004030cd0     NativeLib:lodepng.obj
 0003:00006cdc       $unwind$lodepng_convert_rgb 0000000004030cdc     NativeLib:lodepng.obj
 0003:00006ce8       $unwind$getValueRequiredBits 0000000004030ce8     NativeLib:lodepng.obj
 0003:00006cf4       $unwind$lodepng_color_stats_add 0000000004030cf4     NativeLib:lodepng.obj
 0003:00006d00       $unwind$auto_choose_color  0000000004030d00     NativeLib:lodepng.obj
 0003:00006d0c       $unwind$paethPredictor     0000000004030d0c     NativeLib:lodepng.obj
 0003:00006d18       $unwind$Adam7_getpassvalues 0000000004030d18     NativeLib:lodepng.obj
 0003:00006d24       $unwind$unfilterScanline   0000000004030d24     NativeLib:lodepng.obj
 0003:00006d30       $unwind$unfilter           0000000004030d30     NativeLib:lodepng.obj
 0003:00006d3c       $unwind$Adam7_deinterlace  0000000004030d3c     NativeLib:lodepng.obj
 0003:00006d48       $unwind$removePaddingBits  0000000004030d48     NativeLib:lodepng.obj
 0003:00006d54       $unwind$postProcessScanlines 0000000004030d54     NativeLib:lodepng.obj
 0003:00006d60       $unwind$readChunk_PLTE     0000000004030d60     NativeLib:lodepng.obj
 0003:00006d6c       $unwind$readChunk_tRNS     0000000004030d6c     NativeLib:lodepng.obj
 0003:00006d78       $unwind$readChunk_bKGD     0000000004030d78     NativeLib:lodepng.obj
 0003:00006d84       $unwind$readChunk_tEXt     0000000004030d84     NativeLib:lodepng.obj
 0003:00006d90       $unwind$readChunk_zTXt     0000000004030d90     NativeLib:lodepng.obj
 0003:00006da0       $unwind$readChunk_iTXt     0000000004030da0     NativeLib:lodepng.obj
 0003:00006db0       $unwind$readChunk_tIME     0000000004030db0     NativeLib:lodepng.obj
 0003:00006dbc       $unwind$readChunk_pHYs     0000000004030dbc     NativeLib:lodepng.obj
 0003:00006dc8       $unwind$readChunk_gAMA     0000000004030dc8     NativeLib:lodepng.obj
 0003:00006dd4       $unwind$readChunk_cHRM     0000000004030dd4     NativeLib:lodepng.obj
 0003:00006de0       $unwind$readChunk_sRGB     0000000004030de0     NativeLib:lodepng.obj
 0003:00006dec       $unwind$readChunk_iCCP     0000000004030dec     NativeLib:lodepng.obj
 0003:00006dfc       $unwind$decodeGeneric      0000000004030dfc     NativeLib:lodepng.obj
 0003:00006e08       $unwind$writeSignature     0000000004030e08     NativeLib:lodepng.obj
 0003:00006e14       $unwind$addChunk_IHDR      0000000004030e14     NativeLib:lodepng.obj
 0003:00006e20       $unwind$addChunk_PLTE      0000000004030e20     NativeLib:lodepng.obj
 0003:00006e2c       $unwind$addChunk_tRNS      0000000004030e2c     NativeLib:lodepng.obj
 0003:00006e38       $unwind$addChunk_IDAT      0000000004030e38     NativeLib:lodepng.obj
 0003:00006e44       $unwind$addChunk_IEND      0000000004030e44     NativeLib:lodepng.obj
 0003:00006e50       $unwind$addChunk_tEXt      0000000004030e50     NativeLib:lodepng.obj
 0003:00006e5c       $unwind$addChunk_zTXt      0000000004030e5c     NativeLib:lodepng.obj
 0003:00006e68       $unwind$addChunk_iTXt      0000000004030e68     NativeLib:lodepng.obj
 0003:00006e74       $unwind$addChunk_bKGD      0000000004030e74     NativeLib:lodepng.obj
 0003:00006e80       $unwind$addChunk_tIME      0000000004030e80     NativeLib:lodepng.obj
 0003:00006e8c       $unwind$addChunk_pHYs      0000000004030e8c     NativeLib:lodepng.obj
 0003:00006e98       $unwind$addChunk_gAMA      0000000004030e98     NativeLib:lodepng.obj
 0003:00006ea4       $unwind$addChunk_cHRM      0000000004030ea4     NativeLib:lodepng.obj
 0003:00006eb0       $unwind$addChunk_sRGB      0000000004030eb0     NativeLib:lodepng.obj
 0003:00006ebc       $unwind$addChunk_iCCP      0000000004030ebc     NativeLib:lodepng.obj
 0003:00006ec8       $unwind$filterScanline     0000000004030ec8     NativeLib:lodepng.obj
 0003:00006ed4       $unwind$ilog2              0000000004030ed4     NativeLib:lodepng.obj
 0003:00006ee0       $unwind$ilog2i             0000000004030ee0     NativeLib:lodepng.obj
 0003:00006eec       $unwind$filter             0000000004030eec     NativeLib:lodepng.obj
 0003:00006ef8       $unwind$addPaddingBits     0000000004030ef8     NativeLib:lodepng.obj
 0003:00006f04       $unwind$Adam7_interlace    0000000004030f04     NativeLib:lodepng.obj
 0003:00006f10       $unwind$preProcessScanlines 0000000004030f10     NativeLib:lodepng.obj
 0003:00006f1c       $unwind$addUnknownChunks   0000000004030f1c     NativeLib:lodepng.obj
 0003:00006f28       $unwind$isGrayICCProfile   0000000004030f28     NativeLib:lodepng.obj
 0003:00006f34       $unwind$isRGBICCProfile    0000000004030f34     NativeLib:lodepng.obj
 0003:00006f40       $unwind$printf             0000000004030f40     NativeLib:printf.obj
 0003:00006f4c       $unwind$sprintf            0000000004030f4c     NativeLib:printf.obj
 0003:00006f58       $unwind$vsnprintf          0000000004030f58     NativeLib:printf.obj
 0003:00006f64       $unwind$prepend_to_buffer  0000000004030f64     NativeLib:printf.obj
 0003:00006f70       $unwind$append_num         0000000004030f70     NativeLib:printf.obj
 0003:00006f7c       $unwind$append_str         0000000004030f7c     NativeLib:printf.obj
 0004:00003860       lodepng_crc32_table        0000000004034860     NativeLib:lodepng.obj
 0007:00000000       __A35D206F_concurrencysal@h 0000000004158000     NativeLib:mem.obj
 0007:00000001       __214136E8_sal@h           0000000004158001     NativeLib:mem.obj
 0007:00000002       __5AA0C567_vadefs@h        0000000004158002     NativeLib:mem.obj
 0007:00000003       __7FC264C8_vcruntime@h     0000000004158003     NativeLib:mem.obj
 0007:00000004       __E9554DD4_intrin0@inl@h   0000000004158004     NativeLib:mem.obj
 0007:00000005       __B2CE4302_setjmp@h        0000000004158005     NativeLib:mem.obj
 0007:00000006       __58942F8F_mmintrin@h      0000000004158006     NativeLib:mem.obj
 0007:00000007       __D27BCFBB_corecrt@h       0000000004158007     NativeLib:mem.obj
 0007:00000008       __0024AE53_corecrt_malloc@h 0000000004158008     NativeLib:mem.obj
 0007:00000009       __8FEA093F_malloc@h        0000000004158009     NativeLib:mem.obj
 0007:0000000a       __FF17089C_xmmintrin@h     000000000415800a     NativeLib:mem.obj
 0007:0000000b       __9A758150_emmintrin@h     000000000415800b     NativeLib:mem.obj
 0007:0000000c       __45D4E9D9_pmmintrin@h     000000000415800c     NativeLib:mem.obj
 0007:0000000d       __F50D9A5B_tmmintrin@h     000000000415800d     NativeLib:mem.obj
 0007:0000000e       __DC368FD8_smmintrin@h     000000000415800e     NativeLib:mem.obj
 0007:0000000f       __B9540614_nmmintrin@h     000000000415800f     NativeLib:mem.obj
 0007:00000010       __6CEFFC5A_wmmintrin@h     0000000004158010     NativeLib:mem.obj
 0007:00000011       __A77BB15D_zmmintrin@h     0000000004158011     NativeLib:mem.obj
 0007:00000012       __906F1397_immintrin@h     0000000004158012     NativeLib:mem.obj
 0007:00000013       __2AACF2D2_ammintrin@h     0000000004158013     NativeLib:mem.obj
 0007:00000014       __94F8FF75_intrin@h        0000000004158014     NativeLib:mem.obj
 0007:00000015       __950DBECB_mem@cpp         0000000004158015     NativeLib:mem.obj
 0007:00000016       __A35D206F_concurrencysal@h 0000000004158016     NativeLib:interrupts.obj
 0007:00000017       __214136E8_sal@h           0000000004158017     NativeLib:interrupts.obj
 0007:00000018       __5AA0C567_vadefs@h        0000000004158018     NativeLib:interrupts.obj
 0007:00000019       __7FC264C8_vcruntime@h     0000000004158019     NativeLib:interrupts.obj
 0007:0000001a       __22ADAB01_stdint@h        000000000415801a     NativeLib:interrupts.obj
 0007:0000001b       __E9554DD4_intrin0@inl@h   000000000415801b     NativeLib:interrupts.obj
 0007:0000001c       __B2CE4302_setjmp@h        000000000415801c     NativeLib:interrupts.obj
 0007:0000001d       __58942F8F_mmintrin@h      000000000415801d     NativeLib:interrupts.obj
 0007:0000001e       __D27BCFBB_corecrt@h       000000000415801e     NativeLib:interrupts.obj
 0007:0000001f       __0024AE53_corecrt_malloc@h 000000000415801f     NativeLib:interrupts.obj
 0007:00000020       __8FEA093F_malloc@h        0000000004158020     NativeLib:interrupts.obj
 0007:00000021       __FF17089C_xmmintrin@h     0000000004158021     NativeLib:interrupts.obj
 0007:00000022       __9A758150_emmintrin@h     0000000004158022     NativeLib:interrupts.obj
 0007:00000023       __45D4E9D9_pmmintrin@h     0000000004158023     NativeLib:interrupts.obj
 0007:00000024       __F50D9A5B_tmmintrin@h     0000000004158024     NativeLib:interrupts.obj
 0007:00000025       __DC368FD8_smmintrin@h     0000000004158025     NativeLib:interrupts.obj
 0007:00000026       __B9540614_nmmintrin@h     0000000004158026     NativeLib:interrupts.obj
 0007:00000027       __6CEFFC5A_wmmintrin@h     0000000004158027     NativeLib:interrupts.obj
 0007:00000028       __A77BB15D_zmmintrin@h     0000000004158028     NativeLib:interrupts.obj
 0007:00000029       __906F1397_immintrin@h     0000000004158029     NativeLib:interrupts.obj
 0007:0000002a       __2AACF2D2_ammintrin@h     000000000415802a     NativeLib:interrupts.obj
 0007:0000002b       __94F8FF75_intrin@h        000000000415802b     NativeLib:interrupts.obj
 0007:0000002c       __1FFC7944_interrupts@cpp  000000000415802c     NativeLib:interrupts.obj
 0007:0000002d       __A35D206F_concurrencysal@h 000000000415802d     NativeLib:native.obj
 0007:0000002e       __214136E8_sal@h           000000000415802e     NativeLib:native.obj
 0007:0000002f       __5AA0C567_vadefs@h        000000000415802f     NativeLib:native.obj
 0007:00000030       __7FC264C8_vcruntime@h     0000000004158030     NativeLib:native.obj
 0007:00000031       __E9554DD4_intrin0@inl@h   0000000004158031     NativeLib:native.obj
 0007:00000032       __B2CE4302_setjmp@h        0000000004158032     NativeLib:native.obj
 0007:00000033       __58942F8F_mmintrin@h      0000000004158033     NativeLib:native.obj
 0007:00000034       __D27BCFBB_corecrt@h       0000000004158034     NativeLib:native.obj
 0007:00000035       __0024AE53_corecrt_malloc@h 0000000004158035     NativeLib:native.obj
 0007:00000036       __8FEA093F_malloc@h        0000000004158036     NativeLib:native.obj
 0007:00000037       __FF17089C_xmmintrin@h     0000000004158037     NativeLib:native.obj
 0007:00000038       __9A758150_emmintrin@h     0000000004158038     NativeLib:native.obj
 0007:00000039       __45D4E9D9_pmmintrin@h     0000000004158039     NativeLib:native.obj
 0007:0000003a       __F50D9A5B_tmmintrin@h     000000000415803a     NativeLib:native.obj
 0007:0000003b       __DC368FD8_smmintrin@h     000000000415803b     NativeLib:native.obj
 0007:0000003c       __B9540614_nmmintrin@h     000000000415803c     NativeLib:native.obj
 0007:0000003d       __6CEFFC5A_wmmintrin@h     000000000415803d     NativeLib:native.obj
 0007:0000003e       __A77BB15D_zmmintrin@h     000000000415803e     NativeLib:native.obj
 0007:0000003f       __906F1397_immintrin@h     000000000415803f     NativeLib:native.obj
 0007:00000040       __2AACF2D2_ammintrin@h     0000000004158040     NativeLib:native.obj
 0007:00000041       __94F8FF75_intrin@h        0000000004158041     NativeLib:native.obj
 0007:00000042       __28EC83BF_native@cpp      0000000004158042     NativeLib:native.obj
 0007:00000043       __A35D206F_concurrencysal@h 0000000004158043     NativeLib:io.obj
 0007:00000044       __214136E8_sal@h           0000000004158044     NativeLib:io.obj
 0007:00000045       __5AA0C567_vadefs@h        0000000004158045     NativeLib:io.obj
 0007:00000046       __7FC264C8_vcruntime@h     0000000004158046     NativeLib:io.obj
 0007:00000047       __E9554DD4_intrin0@inl@h   0000000004158047     NativeLib:io.obj
 0007:00000048       __B2CE4302_setjmp@h        0000000004158048     NativeLib:io.obj
 0007:00000049       __58942F8F_mmintrin@h      0000000004158049     NativeLib:io.obj
 0007:0000004a       __D27BCFBB_corecrt@h       000000000415804a     NativeLib:io.obj
 0007:0000004b       __0024AE53_corecrt_malloc@h 000000000415804b     NativeLib:io.obj
 0007:0000004c       __8FEA093F_malloc@h        000000000415804c     NativeLib:io.obj
 0007:0000004d       __FF17089C_xmmintrin@h     000000000415804d     NativeLib:io.obj
 0007:0000004e       __9A758150_emmintrin@h     000000000415804e     NativeLib:io.obj
 0007:0000004f       __45D4E9D9_pmmintrin@h     000000000415804f     NativeLib:io.obj
 0007:00000050       __F50D9A5B_tmmintrin@h     0000000004158050     NativeLib:io.obj
 0007:00000051       __DC368FD8_smmintrin@h     0000000004158051     NativeLib:io.obj
 0007:00000052       __B9540614_nmmintrin@h     0000000004158052     NativeLib:io.obj
 0007:00000053       __6CEFFC5A_wmmintrin@h     0000000004158053     NativeLib:io.obj
 0007:00000054       __A77BB15D_zmmintrin@h     0000000004158054     NativeLib:io.obj
 0007:00000055       __906F1397_immintrin@h     0000000004158055     NativeLib:io.obj
 0007:00000056       __2AACF2D2_ammintrin@h     0000000004158056     NativeLib:io.obj
 0007:00000057       __94F8FF75_intrin@h        0000000004158057     NativeLib:io.obj
 0007:00000058       __F3D9BBDD_io@cpp          0000000004158058     NativeLib:io.obj
 0007:00000059       __A35D206F_concurrencysal@h 0000000004158059     NativeLib:lodepng.obj
 0007:0000005a       __214136E8_sal@h           000000000415805a     NativeLib:lodepng.obj
 0007:0000005b       __5AA0C567_vadefs@h        000000000415805b     NativeLib:lodepng.obj
 0007:0000005c       __7FC264C8_vcruntime@h     000000000415805c     NativeLib:lodepng.obj
 0007:0000005d       __167215CE_stdarg@h        000000000415805d     NativeLib:lodepng.obj
 0007:0000005e       __D27BCFBB_corecrt@h       000000000415805e     NativeLib:lodepng.obj
 0007:0000005f       __6668726C_stddef@h        000000000415805f     NativeLib:lodepng.obj
 0007:00000060       __31CECC97_stdbool@h       0000000004158060     NativeLib:lodepng.obj
 0007:00000061       __3CF7C903_libcore@h       0000000004158061     NativeLib:lodepng.obj
 0007:00000062       __968BCA63_errno@h         0000000004158062     NativeLib:lodepng.obj
 0007:00000063       __1EF79D27_vcruntime_string@h 0000000004158063     NativeLib:lodepng.obj
 0007:00000064       __94B8F564_corecrt_memcpy_s@h 0000000004158064     NativeLib:lodepng.obj
 0007:00000065       __CB558AD1_corecrt_memory@h 0000000004158065     NativeLib:lodepng.obj
 0007:00000066       __7FD4F1C0_corecrt_wstring@h 0000000004158066     NativeLib:lodepng.obj
 0007:00000067       __9DB4BA6D_string@h        0000000004158067     NativeLib:lodepng.obj
 0007:00000068       __B4EA2AB9_lodepng@h       0000000004158068     NativeLib:lodepng.obj
 0007:00000069       __0024AE53_corecrt_malloc@h 0000000004158069     NativeLib:lodepng.obj
 0007:0000006a       __B897C33D_corecrt_search@h 000000000415806a     NativeLib:lodepng.obj
 0007:0000006b       __F9A76564_corecrt_wstdlib@h 000000000415806b     NativeLib:lodepng.obj
 0007:0000006c       __9CDB853E_limits@h        000000000415806c     NativeLib:lodepng.obj
 0007:0000006d       __1BC72EC9_stdlib@h        000000000415806d     NativeLib:lodepng.obj
 0007:0000006e       __2338F331_lodepng@c       000000000415806e     NativeLib:lodepng.obj
 0007:0000006f       __A35D206F_concurrencysal@h 000000000415806f     NativeLib:printf.obj
 0007:00000070       __214136E8_sal@h           0000000004158070     NativeLib:printf.obj
 0007:00000071       __5AA0C567_vadefs@h        0000000004158071     NativeLib:printf.obj
 0007:00000072       __7FC264C8_vcruntime@h     0000000004158072     NativeLib:printf.obj
 0007:00000073       __167215CE_stdarg@h        0000000004158073     NativeLib:printf.obj
 0007:00000074       __D27BCFBB_corecrt@h       0000000004158074     NativeLib:printf.obj
 0007:00000075       __6668726C_stddef@h        0000000004158075     NativeLib:printf.obj
 0007:00000076       __31CECC97_stdbool@h       0000000004158076     NativeLib:printf.obj
 0007:00000077       __3CF7C903_libcore@h       0000000004158077     NativeLib:printf.obj
 0007:00000078       __ACB78DFF_printf@cpp      0000000004158078     NativeLib:printf.obj
 0008:000000a0       $R000000                   00000000041590a0     Kernel.res
 0008:000002e8       $R000248                   00000000041592e8     Kernel.res
