# This is a sample menu.lst file. You should make some changes to it.
# The old install method of booting via the stage-files has been removed.
# Please install GRLDR boot strap code to MBR with the bootlace.com
# utility under DOS/Win9x or Linux.

color blue/green yellow/red white/magenta white/magenta
timeout 30
default /default

title find and load NTLDR of Windows NT/2K/XP
fallback 1
find --set-root --ignore-floppies /ntldr
chainloader /ntldr
savedefault --wait=2

title find and load BOOTMGR of Windows VISTA
fallback 2
find --set-root --ignore-floppies /bootmgr
chainloader /bootmgr
savedefault --wait=2

title find and load CMLDR, the Recovery Console of Windows NT/2K/XP
fallback 3
find --set-root --ignore-floppies /cmldr
chainloader /cmldr
#####################################################################
# write string "cmdcons" to memory 0000:7C03 in 2 steps:
#####################################################################
# step 1. Write 4 chars "cmdc" at 0000:7C03
write 0x7C03 0x63646D63
# step 2. Write 3 chars "ons" and an ending null at 0000:7C07
write 0x7C07 0x00736E6F
savedefault --wait=2

title find and load IO.SYS of Windows 9x/Me
fallback 4
find --set-root /io.sys
chainloader /io.sys
savedefault --wait=2

title boot from XPE.SDI
chainloader --sdi (pd)/sdi/xpe.sdi
boot

title Return to PXELinux
pxe keep
chainloader --force --raw (pd)/pxelinux.0

title Return to iPXE
pxe keep
chainloader --force --raw (pd)/ipxe.pxe

title Load grub.exe with PXE support
pxe keep
terminal console
kernel (pd)/grub.exe

title Load grldr with PXE support
pxe keep
terminal console
chainloader --force --raw (pd)/grldr

title BartPE
pxe keep
chainloader --raw (pd)/startrom.0 

title WinPE 
pxe keep
chainloader --raw (pd)/pxeboot.com

title Parted Magic 20130228
kernel (pd)/memdisk iso
initrd (pd)/images/pmagic/pmagic_2013_02_28.iso

#Use grldr as the pxe boot file, and you can map an ISO to memory and boot from it:
title boot from 7pe_x86.iso
map --mem (pd)/images/7pe_x86.iso (0xff)
map --hook
chainloader (0xff)
boot

#Use grldr as the pxe boot file, and you can map an image to memory and boot from it:
title boot from xpe.img
map --mem (pd)/images/256_xpe.img (hd0)
map --hook
chainloader (hd0)+1
#boot

title wimboot
kernel /wimboot200
initrd @bcd=/boot/bcd @boot.sdi=/boot/boot.sdi @bootmgr=/bootmgr @boot.wim=/sources/boot.wim

title grubfm
map --mem /grubfm.iso (0xff)
map --hook
chainloader (0xff)	

title commandline
commandline

title floppy (fd0)
chainloader (fd0)+1
rootnoverify (fd0)

title back to dos
quit

title reboot
reboot

title halt
halt
