 Kernel

 Timestamp is 61fbbb63 (Thu Feb  3 19:24:19 2022)

 Preferred load address is 0000000000110000

 Start         Length     Name                   Class
 0001:00000000 00000100H .text                   CODE
 0001:00000100 00005baeH .text$mn                CODE
 0002:00000000 0000eb74H .managedcode$I          CODE
 0003:00000000 00003244H .rdata                  DATA
 0003:00003244 00000024H .rdata$voltmd           DATA
 0003:00003268 00000194H .rdata$zzzdbg           DATA
 0003:000033fc 00001c44H .xdata                  DATA
 0003:00005040 00000000H .edata                  DATA
 0004:00000000 0000cce0H .data                   DATA
 0004:0000cce0 00100268H .bss                    DATA
 0005:00000000 00000a98H .pdata                  DATA
 0006:00000000 00000008H .modules$I              DATA
 0007:00000000 00000043H .msvcjmc                DATA
 0008:00000000 000000a0H .rsrc$01                DATA
 0008:000000a0 00000438H .rsrc$02                DATA

  Address         Publics by Value              Rva+Base               Lib:Object

 0000:00000000       __arm64x_redirection_metadata 0000000000000000     <absolute>
 0000:00000000       __guard_longjmp_table      0000000000000000     <absolute>
 0000:00000000       __hybrid_code_map_count    0000000000000000     <absolute>
 0000:00000000       __guard_iat_table          0000000000000000     <absolute>
 0000:00000000       __hybrid_auxiliary_iat     0000000000000000     <absolute>
 0000:00000000       __guard_eh_cont_table      0000000000000000     <absolute>
 0000:00000000       __guard_iat_count          0000000000000000     <absolute>
 0000:00000000       __AbsoluteZero             0000000000000000     <absolute>
 0000:00000000       __dynamic_value_reloc_table 0000000000000000     <absolute>
 0000:00000000       __guard_fids_table         0000000000000000     <absolute>
 0000:00000000       __arm64x_native_entrypoint 0000000000000000     <absolute>
 0000:00000000       __arm64x_extra_rfe_table   0000000000000000     <absolute>
 0000:00000000       __hybrid_code_map          0000000000000000     <absolute>
 0000:00000000       __arm64x_redirection_metadata_count 0000000000000000     <absolute>
 0000:00000000       __x64_code_ranges_to_entry_points_count 0000000000000000     <absolute>
 0000:00000000       __guard_flags              0000000000000000     <absolute>
 0000:00000000       __guard_eh_cont_count      0000000000000000     <absolute>
 0000:00000000       __guard_fids_count         0000000000000000     <absolute>
 0000:00000000       __arm64x_extra_rfe_table_size 0000000000000000     <absolute>
 0000:00000000       __hybrid_auxiliary_iat_copy 0000000000000000     <absolute>
 0000:00000000       __x64_code_ranges_to_entry_points 0000000000000000     <absolute>
 0000:00000000       __enclave_config           0000000000000000     <absolute>
 0000:00000000       __guard_check_icall_a64n_fptr 0000000000000000     <absolute>
 0000:00000000       __guard_longjmp_count      0000000000000000     <absolute>
 0001:00000000       __GetNonGCStaticBase_Kernel_GDT 0000000000111000     Kernel.obj
 0001:00000008       __GetNonGCStaticBase_Kernel_Heap 0000000000111008     Kernel.obj
 0001:00000010       __GetNonGCStaticBase_Kernel_IDT 0000000000111010     Kernel.obj
 0001:00000018       __GetNonGCStaticBase_Kernel_System_Windows_Forms_Control 0000000000111018     Kernel.obj
 0001:00000020       __GetNonGCStaticBase_Kernel_Kernel_Framebuffer 0000000000111020     Kernel.obj
 0001:00000028       __GetNonGCStaticBase_Kernel_Kernel_PIT 0000000000111028     Kernel.obj
 0001:00000030       __GetNonGCStaticBase_Kernel_Kernel_PS2Keyboard 0000000000111030     Kernel.obj
 0001:00000038       __GetNonGCStaticBase_Kernel_Kernel_PS2Mouse 0000000000111038     Kernel.obj
 0001:00000040       __GetNonGCStaticBase_Kernel_Kernel_RTC 0000000000111040     Kernel.obj
 0001:00000048       __GetNonGCStaticBase_Kernel_Kernel_SATA 0000000000111048     Kernel.obj
 0001:00000050       __GetNonGCStaticBase_Kernel_Kernel_Console 0000000000111050     Kernel.obj
 0001:00000058       __GetNonGCStaticBase_Kernel_Kernel_FPSMeter 0000000000111058     Kernel.obj
 0001:00000060       __GetNonGCStaticBase_Kernel_Kernel_PageTable 0000000000111060     Kernel.obj
 0001:00000068       __GetNonGCStaticBase_Kernel_Kernel_NET_RTL8139 0000000000111068     Kernel.obj
 0001:00000070       __GetNonGCStaticBase_Kernel_Kernel_Driver_ACPI 0000000000111070     Kernel.obj
 0001:00000078       __GetNonGCStaticBase_Kernel_Kernel_Driver_VBE 0000000000111078     Kernel.obj
 0001:00000080       __GetNonGCStaticBase_Kernel_Kernel_Driver_Intel8254X 0000000000111080     Kernel.obj
 0001:00000088       __GetGCStaticBase_Kernel_IDT 0000000000111088     Kernel.obj
 0001:00000093       __GetGCStaticBase_Kernel_Kernel_PCI 0000000000111093     Kernel.obj
 0001:0000009e       __GetGCStaticBase_Kernel_Kernel_PS2Mouse 000000000011109e     Kernel.obj
 0001:000000a9       __GetGCStaticBase_Kernel_Kernel_SATA 00000000001110a9     Kernel.obj
 0001:000000b4       __GetGCStaticBase_Kernel_Kernel_ASC16 00000000001110b4     Kernel.obj
 0001:000000bf       __GetGCStaticBase_Kernel_Kernel_NET_ARP 00000000001110bf     Kernel.obj
 0001:000000ca       __GetGCStaticBase_Kernel_Kernel_NET_Network 00000000001110ca     Kernel.obj
 0001:000000d5       __GetGCStaticBase_Kernel_Kernel_NET_RTL8139 00000000001110d5     Kernel.obj
 0001:000000e0       __GetGCStaticBase_Kernel_Kernel_NET_TCP 00000000001110e0     Kernel.obj
 0001:000000eb       __GetGCStaticBase_Kernel_Kernel_GUI_Form 00000000001110eb     Kernel.obj
 0001:00000100       Load_GDT                   0000000000111100 f   NativeLib:interrupts.obj
 0001:00000130       __JustMyCode_Default       0000000000111130 f i NativeLib:interrupts.obj
 0001:00000140       idt_set                    0000000000111140 f   NativeLib:interrupts.obj
 0001:00000220       set_idt_entries            0000000000111220 f   NativeLib:interrupts.obj
 0001:00002160       Cli                        0000000000113160 f   NativeLib:native.obj
 0001:00002190       Hlt                        0000000000113190 f   NativeLib:native.obj
 0001:000021c0       Invlpg                     00000000001131c0 f   NativeLib:native.obj
 0001:000021f0       Nop                        00000000001131f0 f   NativeLib:native.obj
 0001:00002210       ReadCR2                    0000000000113210 f   NativeLib:native.obj
 0001:00002230       Sti                        0000000000113230 f   NativeLib:native.obj
 0001:00002260       WriteCR3                   0000000000113260 f   NativeLib:native.obj
 0001:00002290       In16                       0000000000113290 f   NativeLib:io.obj
 0001:000022c0       In32                       00000000001132c0 f   NativeLib:io.obj
 0001:000022f0       In8                        00000000001132f0 f   NativeLib:io.obj
 0001:00002320       Out16                      0000000000113320 f   NativeLib:io.obj
 0001:00002350       Out32                      0000000000113350 f   NativeLib:io.obj
 0001:00002380       Out8                       0000000000113380 f   NativeLib:io.obj
 0001:000023b0       isr0                       00000000001133b0 f   NativeLib:interrupts_asm.obj
 0001:000023bd       isr1                       00000000001133bd f   NativeLib:interrupts_asm.obj
 0001:000023ca       isr2                       00000000001133ca f   NativeLib:interrupts_asm.obj
 0001:000023d7       isr3                       00000000001133d7 f   NativeLib:interrupts_asm.obj
 0001:000023e4       isr4                       00000000001133e4 f   NativeLib:interrupts_asm.obj
 0001:000023f1       isr5                       00000000001133f1 f   NativeLib:interrupts_asm.obj
 0001:000023fe       isr6                       00000000001133fe f   NativeLib:interrupts_asm.obj
 0001:0000240b       isr7                       000000000011340b f   NativeLib:interrupts_asm.obj
 0001:00002418       isr8                       0000000000113418 f   NativeLib:interrupts_asm.obj
 0001:00002425       isr9                       0000000000113425 f   NativeLib:interrupts_asm.obj
 0001:00002432       isr10                      0000000000113432 f   NativeLib:interrupts_asm.obj
 0001:0000243f       isr11                      000000000011343f f   NativeLib:interrupts_asm.obj
 0001:0000244c       isr12                      000000000011344c f   NativeLib:interrupts_asm.obj
 0001:00002459       isr13                      0000000000113459 f   NativeLib:interrupts_asm.obj
 0001:00002466       isr14                      0000000000113466 f   NativeLib:interrupts_asm.obj
 0001:00002473       isr15                      0000000000113473 f   NativeLib:interrupts_asm.obj
 0001:00002480       isr16                      0000000000113480 f   NativeLib:interrupts_asm.obj
 0001:0000248d       isr17                      000000000011348d f   NativeLib:interrupts_asm.obj
 0001:0000249a       isr18                      000000000011349a f   NativeLib:interrupts_asm.obj
 0001:000024a7       isr19                      00000000001134a7 f   NativeLib:interrupts_asm.obj
 0001:000024b4       isr20                      00000000001134b4 f   NativeLib:interrupts_asm.obj
 0001:000024c1       isr21                      00000000001134c1 f   NativeLib:interrupts_asm.obj
 0001:000024ce       isr22                      00000000001134ce f   NativeLib:interrupts_asm.obj
 0001:000024db       isr23                      00000000001134db f   NativeLib:interrupts_asm.obj
 0001:000024e8       isr24                      00000000001134e8 f   NativeLib:interrupts_asm.obj
 0001:000024f5       isr25                      00000000001134f5 f   NativeLib:interrupts_asm.obj
 0001:00002502       isr26                      0000000000113502 f   NativeLib:interrupts_asm.obj
 0001:0000250f       isr27                      000000000011350f f   NativeLib:interrupts_asm.obj
 0001:0000251c       isr28                      000000000011351c f   NativeLib:interrupts_asm.obj
 0001:00002529       isr29                      0000000000113529 f   NativeLib:interrupts_asm.obj
 0001:00002536       isr30                      0000000000113536 f   NativeLib:interrupts_asm.obj
 0001:00002543       isr31                      0000000000113543 f   NativeLib:interrupts_asm.obj
 0001:00002550       isr128                     0000000000113550 f   NativeLib:interrupts_asm.obj
 0001:0000255d       irq0                       000000000011355d f   NativeLib:interrupts_asm.obj
 0001:0000259c       irq1                       000000000011359c f   NativeLib:interrupts_asm.obj
 0001:000025db       irq2                       00000000001135db f   NativeLib:interrupts_asm.obj
 0001:0000261a       irq3                       000000000011361a f   NativeLib:interrupts_asm.obj
 0001:00002659       irq4                       0000000000113659 f   NativeLib:interrupts_asm.obj
 0001:00002698       irq5                       0000000000113698 f   NativeLib:interrupts_asm.obj
 0001:000026d7       irq6                       00000000001136d7 f   NativeLib:interrupts_asm.obj
 0001:00002716       irq7                       0000000000113716 f   NativeLib:interrupts_asm.obj
 0001:00002755       irq8                       0000000000113755 f   NativeLib:interrupts_asm.obj
 0001:00002794       irq9                       0000000000113794 f   NativeLib:interrupts_asm.obj
 0001:000027d3       irq10                      00000000001137d3 f   NativeLib:interrupts_asm.obj
 0001:00002812       irq11                      0000000000113812 f   NativeLib:interrupts_asm.obj
 0001:00002851       irq12                      0000000000113851 f   NativeLib:interrupts_asm.obj
 0001:00002890       irq13                      0000000000113890 f   NativeLib:interrupts_asm.obj
 0001:000028cf       irq14                      00000000001138cf f   NativeLib:interrupts_asm.obj
 0001:0000290e       irq15                      000000000011390e f   NativeLib:interrupts_asm.obj
 0001:0000294d       irq16                      000000000011394d f   NativeLib:interrupts_asm.obj
 0001:0000298c       irq17                      000000000011398c f   NativeLib:interrupts_asm.obj
 0001:000029cb       irq18                      00000000001139cb f   NativeLib:interrupts_asm.obj
 0001:00002a0a       irq19                      0000000000113a0a f   NativeLib:interrupts_asm.obj
 0001:00002a49       irq20                      0000000000113a49 f   NativeLib:interrupts_asm.obj
 0001:00002a88       irq21                      0000000000113a88 f   NativeLib:interrupts_asm.obj
 0001:00002ac7       irq22                      0000000000113ac7 f   NativeLib:interrupts_asm.obj
 0001:00002b06       irq23                      0000000000113b06 f   NativeLib:interrupts_asm.obj
 0001:00002b45       irq24                      0000000000113b45 f   NativeLib:interrupts_asm.obj
 0001:00002b84       irq25                      0000000000113b84 f   NativeLib:interrupts_asm.obj
 0001:00002bc3       irq26                      0000000000113bc3 f   NativeLib:interrupts_asm.obj
 0001:00002c02       irq27                      0000000000113c02 f   NativeLib:interrupts_asm.obj
 0001:00002c41       irq28                      0000000000113c41 f   NativeLib:interrupts_asm.obj
 0001:00002c80       irq29                      0000000000113c80 f   NativeLib:interrupts_asm.obj
 0001:00002cbf       irq30                      0000000000113cbf f   NativeLib:interrupts_asm.obj
 0001:00002cfe       irq31                      0000000000113cfe f   NativeLib:interrupts_asm.obj
 0001:00002d3d       irq32                      0000000000113d3d f   NativeLib:interrupts_asm.obj
 0001:00002d7c       irq33                      0000000000113d7c f   NativeLib:interrupts_asm.obj
 0001:00002dbb       irq34                      0000000000113dbb f   NativeLib:interrupts_asm.obj
 0001:00002dfa       irq35                      0000000000113dfa f   NativeLib:interrupts_asm.obj
 0001:00002e39       irq36                      0000000000113e39 f   NativeLib:interrupts_asm.obj
 0001:00002e78       irq37                      0000000000113e78 f   NativeLib:interrupts_asm.obj
 0001:00002eb7       irq38                      0000000000113eb7 f   NativeLib:interrupts_asm.obj
 0001:00002ef6       irq39                      0000000000113ef6 f   NativeLib:interrupts_asm.obj
 0001:00002f35       irq40                      0000000000113f35 f   NativeLib:interrupts_asm.obj
 0001:00002f74       irq41                      0000000000113f74 f   NativeLib:interrupts_asm.obj
 0001:00002fb3       irq42                      0000000000113fb3 f   NativeLib:interrupts_asm.obj
 0001:00002ff2       irq43                      0000000000113ff2 f   NativeLib:interrupts_asm.obj
 0001:00003031       irq44                      0000000000114031 f   NativeLib:interrupts_asm.obj
 0001:00003070       irq45                      0000000000114070 f   NativeLib:interrupts_asm.obj
 0001:000030af       irq46                      00000000001140af f   NativeLib:interrupts_asm.obj
 0001:000030ee       irq47                      00000000001140ee f   NativeLib:interrupts_asm.obj
 0001:0000312d       irq48                      000000000011412d f   NativeLib:interrupts_asm.obj
 0001:0000316c       irq49                      000000000011416c f   NativeLib:interrupts_asm.obj
 0001:000031ab       irq50                      00000000001141ab f   NativeLib:interrupts_asm.obj
 0001:000031ea       irq51                      00000000001141ea f   NativeLib:interrupts_asm.obj
 0001:00003229       irq52                      0000000000114229 f   NativeLib:interrupts_asm.obj
 0001:00003268       irq53                      0000000000114268 f   NativeLib:interrupts_asm.obj
 0001:000032a7       irq54                      00000000001142a7 f   NativeLib:interrupts_asm.obj
 0001:000032e6       irq55                      00000000001142e6 f   NativeLib:interrupts_asm.obj
 0001:00003325       irq56                      0000000000114325 f   NativeLib:interrupts_asm.obj
 0001:00003364       irq57                      0000000000114364 f   NativeLib:interrupts_asm.obj
 0001:000033a3       irq58                      00000000001143a3 f   NativeLib:interrupts_asm.obj
 0001:000033e2       irq59                      00000000001143e2 f   NativeLib:interrupts_asm.obj
 0001:00003421       irq60                      0000000000114421 f   NativeLib:interrupts_asm.obj
 0001:00003460       irq61                      0000000000114460 f   NativeLib:interrupts_asm.obj
 0001:0000349f       irq62                      000000000011449f f   NativeLib:interrupts_asm.obj
 0001:000034de       irq63                      00000000001144de f   NativeLib:interrupts_asm.obj
 0001:0000351d       irq64                      000000000011451d f   NativeLib:interrupts_asm.obj
 0001:0000355c       irq65                      000000000011455c f   NativeLib:interrupts_asm.obj
 0001:0000359b       irq66                      000000000011459b f   NativeLib:interrupts_asm.obj
 0001:000035da       irq67                      00000000001145da f   NativeLib:interrupts_asm.obj
 0001:00003619       irq68                      0000000000114619 f   NativeLib:interrupts_asm.obj
 0001:00003658       irq69                      0000000000114658 f   NativeLib:interrupts_asm.obj
 0001:00003697       irq70                      0000000000114697 f   NativeLib:interrupts_asm.obj
 0001:000036d6       irq71                      00000000001146d6 f   NativeLib:interrupts_asm.obj
 0001:00003715       irq72                      0000000000114715 f   NativeLib:interrupts_asm.obj
 0001:00003754       irq73                      0000000000114754 f   NativeLib:interrupts_asm.obj
 0001:00003793       irq74                      0000000000114793 f   NativeLib:interrupts_asm.obj
 0001:000037d2       irq75                      00000000001147d2 f   NativeLib:interrupts_asm.obj
 0001:00003811       irq76                      0000000000114811 f   NativeLib:interrupts_asm.obj
 0001:00003850       irq77                      0000000000114850 f   NativeLib:interrupts_asm.obj
 0001:0000388f       irq78                      000000000011488f f   NativeLib:interrupts_asm.obj
 0001:000038ce       irq79                      00000000001148ce f   NativeLib:interrupts_asm.obj
 0001:0000390d       irq80                      000000000011490d f   NativeLib:interrupts_asm.obj
 0001:0000394c       irq81                      000000000011494c f   NativeLib:interrupts_asm.obj
 0001:0000398b       irq82                      000000000011498b f   NativeLib:interrupts_asm.obj
 0001:000039ca       irq83                      00000000001149ca f   NativeLib:interrupts_asm.obj
 0001:00003a09       irq84                      0000000000114a09 f   NativeLib:interrupts_asm.obj
 0001:00003a48       irq85                      0000000000114a48 f   NativeLib:interrupts_asm.obj
 0001:00003a87       irq86                      0000000000114a87 f   NativeLib:interrupts_asm.obj
 0001:00003ac6       irq87                      0000000000114ac6 f   NativeLib:interrupts_asm.obj
 0001:00003b05       irq88                      0000000000114b05 f   NativeLib:interrupts_asm.obj
 0001:00003b44       irq89                      0000000000114b44 f   NativeLib:interrupts_asm.obj
 0001:00003b83       irq90                      0000000000114b83 f   NativeLib:interrupts_asm.obj
 0001:00003bc2       irq91                      0000000000114bc2 f   NativeLib:interrupts_asm.obj
 0001:00003c01       irq92                      0000000000114c01 f   NativeLib:interrupts_asm.obj
 0001:00003c40       irq93                      0000000000114c40 f   NativeLib:interrupts_asm.obj
 0001:00003c7f       irq94                      0000000000114c7f f   NativeLib:interrupts_asm.obj
 0001:00003cbe       irq95                      0000000000114cbe f   NativeLib:interrupts_asm.obj
 0001:00003cfd       irq96                      0000000000114cfd f   NativeLib:interrupts_asm.obj
 0001:00003d3c       irq97                      0000000000114d3c f   NativeLib:interrupts_asm.obj
 0001:00003d7b       irq98                      0000000000114d7b f   NativeLib:interrupts_asm.obj
 0001:00003dba       irq99                      0000000000114dba f   NativeLib:interrupts_asm.obj
 0001:00003df9       irq100                     0000000000114df9 f   NativeLib:interrupts_asm.obj
 0001:00003e38       irq101                     0000000000114e38 f   NativeLib:interrupts_asm.obj
 0001:00003e77       irq102                     0000000000114e77 f   NativeLib:interrupts_asm.obj
 0001:00003eb6       irq103                     0000000000114eb6 f   NativeLib:interrupts_asm.obj
 0001:00003ef5       irq104                     0000000000114ef5 f   NativeLib:interrupts_asm.obj
 0001:00003f34       irq105                     0000000000114f34 f   NativeLib:interrupts_asm.obj
 0001:00003f73       irq106                     0000000000114f73 f   NativeLib:interrupts_asm.obj
 0001:00003fb2       irq107                     0000000000114fb2 f   NativeLib:interrupts_asm.obj
 0001:00003ff1       irq108                     0000000000114ff1 f   NativeLib:interrupts_asm.obj
 0001:00004030       irq109                     0000000000115030 f   NativeLib:interrupts_asm.obj
 0001:0000406f       irq110                     000000000011506f f   NativeLib:interrupts_asm.obj
 0001:000040ae       irq111                     00000000001150ae f   NativeLib:interrupts_asm.obj
 0001:000040ed       irq112                     00000000001150ed f   NativeLib:interrupts_asm.obj
 0001:0000412c       irq113                     000000000011512c f   NativeLib:interrupts_asm.obj
 0001:0000416b       irq114                     000000000011516b f   NativeLib:interrupts_asm.obj
 0001:000041aa       irq115                     00000000001151aa f   NativeLib:interrupts_asm.obj
 0001:000041e9       irq116                     00000000001151e9 f   NativeLib:interrupts_asm.obj
 0001:00004228       irq117                     0000000000115228 f   NativeLib:interrupts_asm.obj
 0001:00004267       irq118                     0000000000115267 f   NativeLib:interrupts_asm.obj
 0001:000042a6       irq119                     00000000001152a6 f   NativeLib:interrupts_asm.obj
 0001:000042e5       irq120                     00000000001152e5 f   NativeLib:interrupts_asm.obj
 0001:00004324       irq121                     0000000000115324 f   NativeLib:interrupts_asm.obj
 0001:00004363       irq122                     0000000000115363 f   NativeLib:interrupts_asm.obj
 0001:000043a2       irq123                     00000000001153a2 f   NativeLib:interrupts_asm.obj
 0001:000043e1       irq124                     00000000001153e1 f   NativeLib:interrupts_asm.obj
 0001:00004420       irq125                     0000000000115420 f   NativeLib:interrupts_asm.obj
 0001:0000445f       irq126                     000000000011545f f   NativeLib:interrupts_asm.obj
 0001:0000449e       irq127                     000000000011549e f   NativeLib:interrupts_asm.obj
 0001:000044dd       irq128                     00000000001154dd f   NativeLib:interrupts_asm.obj
 0001:0000451c       irq129                     000000000011551c f   NativeLib:interrupts_asm.obj
 0001:0000455b       irq130                     000000000011555b f   NativeLib:interrupts_asm.obj
 0001:0000459a       irq131                     000000000011559a f   NativeLib:interrupts_asm.obj
 0001:000045d9       irq132                     00000000001155d9 f   NativeLib:interrupts_asm.obj
 0001:00004618       irq133                     0000000000115618 f   NativeLib:interrupts_asm.obj
 0001:00004657       irq134                     0000000000115657 f   NativeLib:interrupts_asm.obj
 0001:00004696       irq135                     0000000000115696 f   NativeLib:interrupts_asm.obj
 0001:000046d5       irq136                     00000000001156d5 f   NativeLib:interrupts_asm.obj
 0001:00004714       irq137                     0000000000115714 f   NativeLib:interrupts_asm.obj
 0001:00004753       irq138                     0000000000115753 f   NativeLib:interrupts_asm.obj
 0001:00004792       irq139                     0000000000115792 f   NativeLib:interrupts_asm.obj
 0001:000047d1       irq140                     00000000001157d1 f   NativeLib:interrupts_asm.obj
 0001:00004810       irq141                     0000000000115810 f   NativeLib:interrupts_asm.obj
 0001:0000484f       irq142                     000000000011584f f   NativeLib:interrupts_asm.obj
 0001:0000488e       irq143                     000000000011588e f   NativeLib:interrupts_asm.obj
 0001:000048cd       irq144                     00000000001158cd f   NativeLib:interrupts_asm.obj
 0001:0000490c       irq145                     000000000011590c f   NativeLib:interrupts_asm.obj
 0001:0000494b       irq146                     000000000011594b f   NativeLib:interrupts_asm.obj
 0001:0000498a       irq147                     000000000011598a f   NativeLib:interrupts_asm.obj
 0001:000049c9       irq148                     00000000001159c9 f   NativeLib:interrupts_asm.obj
 0001:00004a08       irq149                     0000000000115a08 f   NativeLib:interrupts_asm.obj
 0001:00004a47       irq150                     0000000000115a47 f   NativeLib:interrupts_asm.obj
 0001:00004a86       irq151                     0000000000115a86 f   NativeLib:interrupts_asm.obj
 0001:00004ac5       irq152                     0000000000115ac5 f   NativeLib:interrupts_asm.obj
 0001:00004b04       irq153                     0000000000115b04 f   NativeLib:interrupts_asm.obj
 0001:00004b43       irq154                     0000000000115b43 f   NativeLib:interrupts_asm.obj
 0001:00004b82       irq155                     0000000000115b82 f   NativeLib:interrupts_asm.obj
 0001:00004bc1       irq156                     0000000000115bc1 f   NativeLib:interrupts_asm.obj
 0001:00004c00       irq157                     0000000000115c00 f   NativeLib:interrupts_asm.obj
 0001:00004c3f       irq158                     0000000000115c3f f   NativeLib:interrupts_asm.obj
 0001:00004c7e       irq159                     0000000000115c7e f   NativeLib:interrupts_asm.obj
 0001:00004cbd       irq160                     0000000000115cbd f   NativeLib:interrupts_asm.obj
 0001:00004cfc       irq161                     0000000000115cfc f   NativeLib:interrupts_asm.obj
 0001:00004d3b       irq162                     0000000000115d3b f   NativeLib:interrupts_asm.obj
 0001:00004d7a       irq163                     0000000000115d7a f   NativeLib:interrupts_asm.obj
 0001:00004db9       irq164                     0000000000115db9 f   NativeLib:interrupts_asm.obj
 0001:00004df8       irq165                     0000000000115df8 f   NativeLib:interrupts_asm.obj
 0001:00004e37       irq166                     0000000000115e37 f   NativeLib:interrupts_asm.obj
 0001:00004e76       irq167                     0000000000115e76 f   NativeLib:interrupts_asm.obj
 0001:00004eb5       irq168                     0000000000115eb5 f   NativeLib:interrupts_asm.obj
 0001:00004ef4       irq169                     0000000000115ef4 f   NativeLib:interrupts_asm.obj
 0001:00004f33       irq170                     0000000000115f33 f   NativeLib:interrupts_asm.obj
 0001:00004f72       irq171                     0000000000115f72 f   NativeLib:interrupts_asm.obj
 0001:00004fb1       irq172                     0000000000115fb1 f   NativeLib:interrupts_asm.obj
 0001:00004ff0       irq173                     0000000000115ff0 f   NativeLib:interrupts_asm.obj
 0001:0000502f       irq174                     000000000011602f f   NativeLib:interrupts_asm.obj
 0001:0000506e       irq175                     000000000011606e f   NativeLib:interrupts_asm.obj
 0001:000050ad       irq176                     00000000001160ad f   NativeLib:interrupts_asm.obj
 0001:000050ec       irq177                     00000000001160ec f   NativeLib:interrupts_asm.obj
 0001:0000512b       irq178                     000000000011612b f   NativeLib:interrupts_asm.obj
 0001:0000516a       irq179                     000000000011616a f   NativeLib:interrupts_asm.obj
 0001:000051a9       irq180                     00000000001161a9 f   NativeLib:interrupts_asm.obj
 0001:000051e8       irq181                     00000000001161e8 f   NativeLib:interrupts_asm.obj
 0001:00005227       irq182                     0000000000116227 f   NativeLib:interrupts_asm.obj
 0001:00005266       irq183                     0000000000116266 f   NativeLib:interrupts_asm.obj
 0001:000052a5       irq184                     00000000001162a5 f   NativeLib:interrupts_asm.obj
 0001:000052e4       irq185                     00000000001162e4 f   NativeLib:interrupts_asm.obj
 0001:00005323       irq186                     0000000000116323 f   NativeLib:interrupts_asm.obj
 0001:00005362       irq187                     0000000000116362 f   NativeLib:interrupts_asm.obj
 0001:000053a1       irq188                     00000000001163a1 f   NativeLib:interrupts_asm.obj
 0001:000053e0       irq189                     00000000001163e0 f   NativeLib:interrupts_asm.obj
 0001:0000541f       irq190                     000000000011641f f   NativeLib:interrupts_asm.obj
 0001:0000545e       irq191                     000000000011645e f   NativeLib:interrupts_asm.obj
 0001:0000549d       irq192                     000000000011649d f   NativeLib:interrupts_asm.obj
 0001:000054dc       irq193                     00000000001164dc f   NativeLib:interrupts_asm.obj
 0001:0000551b       irq194                     000000000011651b f   NativeLib:interrupts_asm.obj
 0001:0000555a       irq195                     000000000011655a f   NativeLib:interrupts_asm.obj
 0001:00005599       irq196                     0000000000116599 f   NativeLib:interrupts_asm.obj
 0001:000055d8       irq197                     00000000001165d8 f   NativeLib:interrupts_asm.obj
 0001:00005617       irq198                     0000000000116617 f   NativeLib:interrupts_asm.obj
 0001:00005656       irq199                     0000000000116656 f   NativeLib:interrupts_asm.obj
 0001:00005695       irq200                     0000000000116695 f   NativeLib:interrupts_asm.obj
 0001:000056d4       irq201                     00000000001166d4 f   NativeLib:interrupts_asm.obj
 0001:00005713       irq202                     0000000000116713 f   NativeLib:interrupts_asm.obj
 0001:00005752       irq203                     0000000000116752 f   NativeLib:interrupts_asm.obj
 0001:00005791       irq204                     0000000000116791 f   NativeLib:interrupts_asm.obj
 0001:000057d0       irq205                     00000000001167d0 f   NativeLib:interrupts_asm.obj
 0001:0000580f       irq206                     000000000011680f f   NativeLib:interrupts_asm.obj
 0001:0000584e       irq207                     000000000011684e f   NativeLib:interrupts_asm.obj
 0001:0000588d       irq208                     000000000011688d f   NativeLib:interrupts_asm.obj
 0001:000058cc       irq209                     00000000001168cc f   NativeLib:interrupts_asm.obj
 0001:0000590b       irq210                     000000000011690b f   NativeLib:interrupts_asm.obj
 0001:0000594a       irq211                     000000000011694a f   NativeLib:interrupts_asm.obj
 0001:00005989       irq212                     0000000000116989 f   NativeLib:interrupts_asm.obj
 0001:000059c8       irq213                     00000000001169c8 f   NativeLib:interrupts_asm.obj
 0001:00005a07       irq214                     0000000000116a07 f   NativeLib:interrupts_asm.obj
 0001:00005a46       irq215                     0000000000116a46 f   NativeLib:interrupts_asm.obj
 0001:00005a85       irq216                     0000000000116a85 f   NativeLib:interrupts_asm.obj
 0001:00005ac4       irq217                     0000000000116ac4 f   NativeLib:interrupts_asm.obj
 0001:00005b03       irq218                     0000000000116b03 f   NativeLib:interrupts_asm.obj
 0001:00005b42       irq219                     0000000000116b42 f   NativeLib:interrupts_asm.obj
 0001:00005b81       irq220                     0000000000116b81 f   NativeLib:interrupts_asm.obj
 0001:00005bc0       irq221                     0000000000116bc0 f   NativeLib:interrupts_asm.obj
 0001:00005bff       irq222                     0000000000116bff f   NativeLib:interrupts_asm.obj
 0001:00005c3e       irq223                     0000000000116c3e f   NativeLib:interrupts_asm.obj
 0001:00005c7d       _reload_segreg             0000000000116c7d f   NativeLib:interrupts_asm.obj
 0001:00005ca4       Load_IDT                   0000000000116ca4 f   NativeLib:interrupts_asm.obj
 0001:00005ca8       _cli                       0000000000116ca8 f   NativeLib:interrupts_asm.obj
 0001:00005caa       _sti                       0000000000116caa f   NativeLib:interrupts_asm.obj
 0001:00005cac       _hlt                       0000000000116cac f   NativeLib:interrupts_asm.obj
 0002:00000000       Kernel_GDT__Initialise     0000000000117000     Kernel.obj
 0002:000000e0       Kernel_Heap__Free          00000000001170e0     Kernel.obj
 0002:00000160       Kernel_Heap__Initialize    0000000000117160     Kernel.obj
 0002:000001a0       Kernel_Heap__Allocate      00000000001171a0     Kernel.obj
 0002:00000270       Kernel_IDT__Initialise     0000000000117270     Kernel.obj
 0002:00000370       exception_handler          0000000000117370     Kernel.obj
 0002:00000370       Kernel_IDT__ExceptionHandler 0000000000117370     Kernel.obj
 0002:00000500       irq_handler                0000000000117500     Kernel.obj
 0002:00000500       Kernel_IDT__IRQHandler     0000000000117500     Kernel.obj
 0002:000005e0       Kernel_Native__Stosd       00000000001175e0     Kernel.obj
 0002:00000600       Kernel_Native__Stosb       0000000000117600     Kernel.obj
 0002:00000620       Kernel_Native__Movsb       0000000000117620     Kernel.obj
 0002:00000640       Kernel_Native__Movsd       0000000000117640     Kernel.obj
 0002:00000660       Kernel_Native__Load_GDT    0000000000117660     Kernel.obj
 0002:000006c0       Kernel_Native__Load_IDT    00000000001176c0     Kernel.obj
 0002:00000720       Kernel_Program__Main_0     0000000000117720     Kernel.obj
 0002:00000720       Main                       0000000000117720     Kernel.obj
 0002:00000fa0       Kernel_Program__DrawCursor 0000000000117fa0     Kernel.obj
 0002:00001040       Kernel_System_Array__NewMultiDimArray 0000000000118040     Kernel.obj
 0002:000010a0       Kernel_System_Convert__ToUInt16 00000000001180a0     Kernel.obj
 0002:000010b0       Kernel_System_Convert__ToInt16 00000000001180b0     Kernel.obj
 0002:000010c0       Kernel_System_Convert__ToInt16_0 00000000001180c0     Kernel.obj
 0002:000010d0       Kernel_System_Convert__ToByte 00000000001180d0     Kernel.obj
 0002:000010e0       Kernel_System_Convert__ToByte_0 00000000001180e0     Kernel.obj
 0002:000010f0       Kernel_System_Convert__ToInt32 00000000001180f0     Kernel.obj
 0002:00001100       Object___ctor              0000000000118100     Kernel.obj
 0002:00001110       Object__Dispose            0000000000118110     Kernel.obj
 0002:00001130       String__Ctor_2             0000000000118130     Kernel.obj
 0002:000011a0       UInt64__ToString           00000000001181a0     Kernel.obj
 0002:00001270       UInt64__ToStringHex        0000000000118270     Kernel.obj
 0002:00001320       Kernel_System_Runtime_TypeCast__CheckCastClass 0000000000118320     Kernel.obj
 0002:00001320       RhTypeCast_CheckCastClass  0000000000118320     Kernel.obj
 0002:00001350       Kernel_System_Runtime_TypeCast__CheckCastArray 0000000000118350     Kernel.obj
 0002:00001350       RhTypeCast_CheckCastArray  0000000000118350     Kernel.obj
 0002:00001380       RhTypeCast_IsInstanceOfArray 0000000000118380     Kernel.obj
 0002:00001380       Kernel_System_Runtime_TypeCast__IsInstanceOfArray 0000000000118380     Kernel.obj
 0002:000013e0       Kernel_Internal_Runtime_EEType__get_IsArray 00000000001183e0     Kernel.obj
 0002:00001410       Kernel_Internal_Runtime_EEType__get_ArrayRank 0000000000118410     Kernel.obj
 0002:00001430       Kernel_Internal_Runtime_CompilerHelpers_ArrayHelpers__NewObjArray 0000000000118430     Kernel.obj
 0002:00001560       __imp_GetCurrentThreadId   0000000000118560     Kernel.obj
 0002:00001560       Kernel_Internal_Runtime_CompilerHelpers_StartupCodeHelpers____imp_GetCurrentThreadId 0000000000118560     Kernel.obj
 0002:00001570       Kernel_Internal_Runtime_CompilerHelpers_StartupCodeHelpers____CheckForDebuggerJustMyCode 0000000000118570     Kernel.obj
 0002:00001570       __CheckForDebuggerJustMyCode 0000000000118570     Kernel.obj
 0002:00001580       __fail_fast                0000000000118580     Kernel.obj
 0002:00001580       Kernel_Internal_Runtime_CompilerHelpers_StartupCodeHelpers__FailFast 0000000000118580     Kernel.obj
 0002:00001590       Kernel_Internal_Runtime_CompilerHelpers_StartupCodeHelpers__MemSet 0000000000118590     Kernel.obj
 0002:00001590       memset                     0000000000118590     Kernel.obj
 0002:000015b0       Kernel_Internal_Runtime_CompilerHelpers_StartupCodeHelpers__MemCpy 00000000001185b0     Kernel.obj
 0002:000015b0       memcpy                     00000000001185b0     Kernel.obj
 0002:000015d0       Kernel_Internal_Runtime_CompilerHelpers_StartupCodeHelpers__RhpFallbackFailFast 00000000001185d0     Kernel.obj
 0002:000015d0       RhpFallbackFailFast        00000000001185d0     Kernel.obj
 0002:000015e0       Kernel_Internal_Runtime_CompilerHelpers_StartupCodeHelpers__RhpReversePInvoke2 00000000001185e0     Kernel.obj
 0002:000015e0       RhpReversePInvoke2         00000000001185e0     Kernel.obj
 0002:000015f0       Kernel_Internal_Runtime_CompilerHelpers_StartupCodeHelpers__RhpReversePInvokeReturn2 00000000001185f0     Kernel.obj
 0002:000015f0       RhpReversePInvokeReturn2   00000000001185f0     Kernel.obj
 0002:00001600       RhpReversePInvoke          0000000000118600     Kernel.obj
 0002:00001600       Kernel_Internal_Runtime_CompilerHelpers_StartupCodeHelpers__RhpReversePInvoke 0000000000118600     Kernel.obj
 0002:00001610       Kernel_Internal_Runtime_CompilerHelpers_StartupCodeHelpers__RhpReversePInvokeReturn 0000000000118610     Kernel.obj
 0002:00001610       RhpReversePInvokeReturn    0000000000118610     Kernel.obj
 0002:00001620       RhpPInvoke                 0000000000118620     Kernel.obj
 0002:00001620       Kernel_Internal_Runtime_CompilerHelpers_StartupCodeHelpers__RhpPinvoke 0000000000118620     Kernel.obj
 0002:00001630       Kernel_Internal_Runtime_CompilerHelpers_StartupCodeHelpers__RhpPinvokeReturn 0000000000118630     Kernel.obj
 0002:00001630       RhpPInvokeReturn           0000000000118630     Kernel.obj
 0002:00001640       Kernel_Internal_Runtime_CompilerHelpers_StartupCodeHelpers__RhpNewFast 0000000000118640     Kernel.obj
 0002:00001640       RhpNewFast                 0000000000118640     Kernel.obj
 0002:00001690       RhpNewArray                0000000000118690     Kernel.obj
 0002:00001690       Kernel_Internal_Runtime_CompilerHelpers_StartupCodeHelpers__RhpNewArray 0000000000118690     Kernel.obj
 0002:00001720       RhpAssignRef               0000000000118720     Kernel.obj
 0002:00001720       Kernel_Internal_Runtime_CompilerHelpers_StartupCodeHelpers__RhpAssignRef 0000000000118720     Kernel.obj
 0002:00001730       Kernel_Internal_Runtime_CompilerHelpers_StartupCodeHelpers__RhpByRefAssignRef 0000000000118730     Kernel.obj
 0002:00001730       RhpByRefAssignRef          0000000000118730     Kernel.obj
 0002:00001740       Kernel_Internal_Runtime_CompilerHelpers_StartupCodeHelpers__RhpCheckedAssignRef 0000000000118740     Kernel.obj
 0002:00001740       RhpCheckedAssignRef        0000000000118740     Kernel.obj
 0002:00001750       RhpStelemRef               0000000000118750     Kernel.obj
 0002:00001750       Kernel_Internal_Runtime_CompilerHelpers_StartupCodeHelpers__RhpStelemRef 0000000000118750     Kernel.obj
 0002:00001790       Kernel_Internal_Runtime_CompilerHelpers_StartupCodeHelpers__RhTypeCast_IsInstanceOfClass 0000000000118790     Kernel.obj
 0002:00001790       RhTypeCast_IsInstanceOfClass 0000000000118790     Kernel.obj
 0002:000017c0       Kernel_Internal_Runtime_CompilerHelpers_StartupCodeHelpers__InitializeModules 00000000001187c0     Kernel.obj
 0002:00001830       Kernel_Internal_Runtime_CompilerHelpers_StartupCodeHelpers__InitializeStatics 0000000000118830     Kernel.obj
 0002:000018f0       Kernel_Internal_Runtime_CompilerHelpers_ThrowHelpers__ThrowIndexOutOfRangeException 00000000001188f0     Kernel.obj
 0002:00001900       Kernel_NES_CPU__execOpCode 0000000000118900     Kernel.obj
 0002:000057f0       Kernel_NES_CPU__NMIHandler 000000000011c7f0     Kernel.obj
 0002:000058d0       Kernel_NES_CPU__setCompareFlags 000000000011c8d0     Kernel.obj
 0002:00005910       Kernel_NES_CPU__checkStatusCarry 000000000011c910     Kernel.obj
 0002:00005930       Kernel_NES_CPU__checkStatusZero 000000000011c930     Kernel.obj
 0002:00005940       Kernel_NES_CPU__checkStatusOverflowADC 000000000011c940     Kernel.obj
 0002:00005960       Kernel_NES_CPU__checkStatusOverflowSBC 000000000011c960     Kernel.obj
 0002:00005980       Kernel_NES_CPU__checkStatusNegative 000000000011c980     Kernel.obj
 0002:00005990       Kernel_NES_CPU__checkStatusNegative_0 000000000011c990     Kernel.obj
 0002:000059a0       Kernel_NES_CPU__pageChangeCheck 000000000011c9a0     Kernel.obj
 0002:000059c0       Kernel_NES_CPU__pageChangeCheck_0 000000000011c9c0     Kernel.obj
 0002:000059f0       Kernel_NES_CPU__addrAbs    000000000011c9f0     Kernel.obj
 0002:00005a30       Kernel_NES_CPU__addrAbsZP  000000000011ca30     Kernel.obj
 0002:00005a60       Kernel_NES_CPU__addrIdx    000000000011ca60     Kernel.obj
 0002:00005ab0       Kernel_NES_CPU__addrIdxZP  000000000011cab0     Kernel.obj
 0002:00005af0       Kernel_NES_CPU__addrIndX   000000000011caf0     Kernel.obj
 0002:00005b50       Kernel_NES_CPU__addrIndY   000000000011cb50     Kernel.obj
 0002:00005bc0       Kernel_NES_GameRender__WriteBitmap 000000000011cbc0     Kernel.obj
 0002:00005d10       Kernel_NES_Input__ReadJoypad 000000000011cd10     Kernel.obj
 0002:00005d40       Kernel_NES_Input__WriteJoypad 000000000011cd40     Kernel.obj
 0002:00005d60       Kernel_NES_Input___ctor    000000000011cd60     Kernel.obj
 0002:00005d70       Kernel_NES_Mappers___ctor  000000000011cd70     Kernel.obj
 0002:00005d80       Kernel_NES_MemoryMap__WritePRG 000000000011cd80     Kernel.obj
 0002:00005ee0       Kernel_NES_MemoryMap__ReadPRG 000000000011cee0     Kernel.obj
 0002:00005f90       Kernel_NES_MemoryMap__stackPush 000000000011cf90     Kernel.obj
 0002:00005fd0       Kernel_NES_MemoryMap__stackPop 000000000011cfd0     Kernel.obj
 0002:00006010       Kernel_NES_MemoryMap__getPPUMemoryByte 000000000011d010     Kernel.obj
 0002:00006270       Kernel_NES_MemoryMap__setPPUMemoryByte 000000000011d270     Kernel.obj
 0002:000065b0       Kernel_NES_MemoryMap__AddressMask 000000000011d5b0     Kernel.obj
 0002:00006630       Kernel_NES_MemoryMap__setVblank 000000000011d630     Kernel.obj
 0002:00006680       Kernel_NES_MemoryMap__setSpriteHit 000000000011d680     Kernel.obj
 0002:000066d0       Kernel_NES_MemoryMap___ctor 000000000011d6d0     Kernel.obj
 0002:00006780       Kernel_NES_NES__runGame    000000000011d780     Kernel.obj
 0002:00006820       Kernel_NES_NES__openROM    000000000011d820     Kernel.obj
 0002:00006d50       Kernel_NES_NES__resetGame  000000000011dd50     Kernel.obj
 0002:00006ec0       Kernel_NES_NES__NES_KeyDown 000000000011dec0     Kernel.obj
 0002:00006f40       Kernel_NES_NES__NES_KeyUp  000000000011df40     Kernel.obj
 0002:00006fc0       Kernel_NES_NES___ctor      000000000011dfc0     Kernel.obj
 0002:00006fe0       Kernel_NES_PPU__renderPixel 000000000011dfe0     Kernel.obj
 0002:000076f0       Kernel_NES_PPU__RunPPU     000000000011e6f0     Kernel.obj
 0002:00007980       Kernel_NES_PPU__UpdateDrawLocation 000000000011e980     Kernel.obj
 0002:00007c20       Kernel_NES_PPU__DrawNameTable 000000000011ec20     Kernel.obj
 0002:00007fd0       Kernel_NES_PPU__CheckScanlineForSprites 000000000011efd0     Kernel.obj
 0002:00008180       Kernel_NES_PPU__GetSpriteToDraw 000000000011f180     Kernel.obj
 0002:00008210       Kernel_NES_PPU__CheckTransparency 000000000011f210     Kernel.obj
 0002:00008500       Kernel_NES_PPU__drawBGTile 000000000011f500     Kernel.obj
 0002:00008560       Kernel_NES_PPU__drawBGTile_0 000000000011f560     Kernel.obj
 0002:000085c0       Kernel_NES_PPU___ctor      000000000011f5c0     Kernel.obj
 0002:0000a400       Kernel_NES_Registers__setStatusRegister 0000000000121400     Kernel.obj
 0002:0000a470       Kernel_NES_Registers__setStatusRegisterWithRegStatusByte 0000000000121470     Kernel.obj
 0002:0000a4c0       Kernel_NES_Registers__regStatusCarry 00000000001214c0     Kernel.obj
 0002:0000a4e0       Kernel_NES_Registers__regStatusZero 00000000001214e0     Kernel.obj
 0002:0000a500       Kernel_NES_Registers__regStatusInterruptDisable 0000000000121500     Kernel.obj
 0002:0000a520       Kernel_NES_Registers__regStatusDecimal 0000000000121520     Kernel.obj
 0002:0000a530       Kernel_NES_Registers__regStatusBreak 0000000000121530     Kernel.obj
 0002:0000a550       Kernel_NES_Registers__regStatusBitFive 0000000000121550     Kernel.obj
 0002:0000a560       Kernel_NES_Registers__regStatusOverflow 0000000000121560     Kernel.obj
 0002:0000a580       Kernel_NES_Registers__regStatusNegative 0000000000121580     Kernel.obj
 0002:0000a5a0       Kernel_NES_Registers___ctor 00000000001215a0     Kernel.obj
 0002:0000a5b0       Kernel_Kernel_Framebuffer__Copy 00000000001215b0     Kernel.obj
 0002:0000a630       Kernel_Kernel_Framebuffer__Clear 0000000000121630     Kernel.obj
 0002:0000a670       Kernel_Kernel_Framebuffer__DrawPoint 0000000000121670     Kernel.obj
 0002:0000a6d0       Kernel_Kernel_Framebuffer__GetPoint 00000000001216d0     Kernel.obj
 0002:0000a740       Kernel_Kernel_Framebuffer__Update 0000000000121740     Kernel.obj
 0002:0000a7c0       Kernel_Kernel_Framebuffer__SetVideoMode 00000000001217c0     Kernel.obj
 0002:0000a840       Kernel_Kernel_Framebuffer__Fill 0000000000121840     Kernel.obj
 0002:0000a8b0       Kernel_Kernel_PCIDevice___ctor 00000000001218b0     Kernel.obj
 0002:0000a8c0       Kernel_Kernel_PCI__Initialise 00000000001218c0     Kernel.obj
 0002:0000a980       Kernel_Kernel_PCI__CheckBus 0000000000121980     Kernel.obj
 0002:0000ad50       Kernel_Kernel_PCI__ReadRegister16 0000000000121d50     Kernel.obj
 0002:0000ae00       Kernel_Kernel_PCI__ReadRegister8 0000000000121e00     Kernel.obj
 0002:0000aeb0       Kernel_Kernel_PCI__GetVendorID 0000000000121eb0     Kernel.obj
 0002:0000af40       Kernel_Kernel_PCI__GetAddressBase 0000000000121f40     Kernel.obj
 0002:0000af70       Kernel_Kernel_PIC__Enable  0000000000121f70     Kernel.obj
 0002:0000b160       Kernel_Kernel_PIC__EndOfInterrupt 0000000000122160     Kernel.obj
 0002:0000b1f0       Kernel_Kernel_PIC__ClearMask 00000000001221f0     Kernel.obj
 0002:0000b2a0       Kernel_Kernel_PIT__Initialise 00000000001222a0     Kernel.obj
 0002:0000b360       Kernel_Kernel_PIT__Wait    0000000000122360     Kernel.obj
 0002:0000b3d0       Kernel_Kernel_PS2Keyboard__ProcessKey 00000000001223d0     Kernel.obj
 0002:0000b670       Kernel_Kernel_PS2Mouse__Initialise 0000000000122670     Kernel.obj
 0002:0000b870       Kernel_Kernel_PS2Mouse__WriteRegister 0000000000122870     Kernel.obj
 0002:0000b960       Kernel_Kernel_PS2Mouse__OnInterrupt 0000000000122960     Kernel.obj
 0002:0000bb10       Kernel_Kernel_RTC__get_Second 0000000000122b10     Kernel.obj
 0002:0000bbb0       Kernel_Kernel_SATA__Initialize 0000000000122bb0     Kernel.obj
 0002:0000bdc0       Kernel_Kernel_SATA__CheckPortType 0000000000122dc0     Kernel.obj
 0002:0000be20       Kernel_Kernel_Serial__Initialise 0000000000122e20     Kernel.obj
 0002:0000bf80       Kernel_Kernel_Serial__Write 0000000000122f80     Kernel.obj
 0002:0000bfd0       Kernel_Kernel_Serial__Write_0 0000000000122fd0     Kernel.obj
 0002:0000c060       Kernel_Kernel_Serial__WriteLine 0000000000123060     Kernel.obj
 0002:0000c0a0       Kernel_Kernel_ASC16__DrawChar 00000000001230a0     Kernel.obj
 0002:0000c130       Kernel_Kernel_Console__Setup 0000000000123130     Kernel.obj
 0002:0000c1d0       Kernel_Kernel_Console__EnableCursor 00000000001231d0     Kernel.obj
 0002:0000c310       Kernel_Kernel_Console__Write 0000000000123310     Kernel.obj
 0002:0000c360       Kernel_Kernel_Console__Back 0000000000123360     Kernel.obj
 0002:0000c3b0       Kernel_Kernel_Console__Write_0 00000000001233b0     Kernel.obj
 0002:0000c410       Kernel_Kernel_Console__WriteFramebuffer 0000000000123410     Kernel.obj
 0002:0000c4a0       Kernel_Kernel_Console__ReadKey 00000000001234a0     Kernel.obj
 0002:0000c510       Kernel_Kernel_Console__MoveUp 0000000000123510     Kernel.obj
 0002:0000c570       Kernel_Kernel_Console__MoveUpFramebuffer 0000000000123570     Kernel.obj
 0002:0000c5d0       Kernel_Kernel_Console__UpdateCursor 00000000001235d0     Kernel.obj
 0002:0000c6c0       Kernel_Kernel_Console__UpdateCursorFramebuffer 00000000001236c0     Kernel.obj
 0002:0000c730       Kernel_Kernel_Console__WriteLine 0000000000123730     Kernel.obj
 0002:0000c780       Kernel_Kernel_Console__WriteLine_0 0000000000123780     Kernel.obj
 0002:0000c7b0       Kernel_Kernel_Console__WriteAt 00000000001237b0     Kernel.obj
 0002:0000c7e0       Kernel_Kernel_Console__Clear 00000000001237e0     Kernel.obj
 0002:0000c820       Kernel_Kernel_Console__set_ForegroundColor 0000000000123820     Kernel.obj
 0002:0000c840       Kernel_Kernel_Console__set_BackgroundColor 0000000000123840     Kernel.obj
 0002:0000c870       Kernel_Kernel_FPSMeter__Update 0000000000123870     Kernel.obj
 0002:0000c8d0       Kernel_Kernel_PageTable__Initialise 00000000001238d0     Kernel.obj
 0002:0000c9a0       Kernel_Kernel_PageTable__Map 00000000001239a0     Kernel.obj
 0002:0000ca90       Kernel_Kernel_PageTable__Next 0000000000123a90     Kernel.obj
 0002:0000caf0       Kernel_Kernel_UDP__HandlePacket 0000000000123af0     Kernel.obj
 0002:0000cb80       Kernel_Kernel_NET_ARP__HandlePacket 0000000000123b80     Kernel.obj
 0002:0000d010       Kernel_Kernel_NET_ARP__Lookup 0000000000124010     Kernel.obj
 0002:0000d190       Kernel_Kernel_NET_ARP__Require 0000000000124190     Kernel.obj
 0002:0000d3a0       Kernel_Kernel_NET_Ethernet__SwapLeftRight 00000000001243a0     Kernel.obj
 0002:0000d3c0       Kernel_Kernel_NET_Ethernet__HandlePacket 00000000001243c0     Kernel.obj
 0002:0000d420       Kernel_Kernel_NET_Ethernet__SendPacket 0000000000124420     Kernel.obj
 0002:0000d570       Kernel_Kernel_NET_Ethernet__SwapLeftRight32 0000000000124570     Kernel.obj
 0002:0000d5a0       Kernel_Kernel_NET_IPv4__HandlePacket 00000000001245a0     Kernel.obj
 0002:0000d700       Kernel_Kernel_NET_IPv4__SendPacket 0000000000124700     Kernel.obj
 0002:0000d830       Kernel_Kernel_NET_IPv4__CalculateChecksum 0000000000124830     Kernel.obj
 0002:0000d880       Kernel_Kernel_NET_RTL8139__OnInterrupt 0000000000124880     Kernel.obj
 0002:0000d980       Kernel_Kernel_NET_RTL8139__Send 0000000000124980     Kernel.obj
 0002:0000da80       Kernel_Kernel_NET_TCP__TcpRecv 0000000000124a80     Kernel.obj
 0002:0000db10       Kernel_Kernel_NET_TCP__RecvGeneral 0000000000124b10     Kernel.obj
 0002:0000dc30       Kernel_Kernel_NET_TCP__RecvFin 0000000000124c30     Kernel.obj
 0002:0000dcb0       Kernel_Kernel_NET_TCP__RecvAck 0000000000124cb0     Kernel.obj
 0002:0000ddc0       Kernel_Kernel_NET_TCP__RecvRst 0000000000124dc0     Kernel.obj
 0002:0000de00       Kernel_Kernel_NET_TCP__RecvSynSent 0000000000124e00     Kernel.obj
 0002:0000df30       Kernel_Kernel_NET_TCP__SendPacket_0 0000000000124f30     Kernel.obj
 0002:0000e1e0       Kernel_Kernel_NET_TCP__NetAllocBuf 00000000001251e0     Kernel.obj
 0002:0000e210       Kernel_Kernel_NET_TCP__Swap 0000000000125210     Kernel.obj
 0002:0000e280       Kernel_Kernel_NET_TCP__TCPChecksum 0000000000125280     Kernel.obj
 0002:0000e2f0       Kernel_Kernel_GUI_Form__UpdateAll 00000000001252f0     Kernel.obj
 0002:0000e340       Kernel_Kernel_GUI_Form___ctor 0000000000125340     Kernel.obj
 0002:0000e3b0       Kernel_Kernel_GUI_Form__Update 00000000001253b0     Kernel.obj
 0002:0000e4d0       Kernel_Kernel_Driver_ACPI__Initialize 00000000001254d0     Kernel.obj
 0002:0000e630       Kernel_Kernel_Driver_ACPI__GetRSDP 0000000000125630     Kernel.obj
 0002:0000e660       Kernel_Kernel_Driver_SMBIOS__Initialise 0000000000125660     Kernel.obj
 0002:0000e800       Kernel_Kernel_Driver_SMBIOS__PrintIndex 0000000000125800     Kernel.obj
 0002:0000e860       Kernel_Kernel_Driver_VBE__Initialise 0000000000125860     Kernel.obj
 0002:0000e8c0       Kernel_Kernel_Driver_Intel8254X__OnInterrupt 00000000001258c0     Kernel.obj
 0002:0000e940       Kernel_Kernel_SATA_SATADevice__Configure 0000000000125940     Kernel.obj
 0002:0000e9f0       Kernel_Kernel_SATA_SATADevice__StartCMD 00000000001259f0     Kernel.obj
 0002:0000ea20       Kernel_Kernel_SATA_SATADevice__StopCMD 0000000000125a20     Kernel.obj
 0002:0000ea60       Kernel_Kernel_SATA_SATADevice___ctor 0000000000125a60     Kernel.obj
 0002:0000ea70       Kernel_System_Array_1<UInt8>___ctor 0000000000125a70     Kernel.obj
 0002:0000ea80       Kernel_System_Array_1<Int32>___ctor 0000000000125a80     Kernel.obj
 0002:0000ea90       Kernel_System_Array_1<Kernel_IDT_IDTEntry>___ctor 0000000000125a90     Kernel.obj
 0002:0000eaa0       Kernel_System_Collections_Generic_List_1<Kernel_Kernel_NET_ARP_ARPEntry>__get_Item 0000000000125aa0     Kernel.obj
 0002:0000eae0       Kernel_System_Collections_Generic_List_1<Kernel_Kernel_NET_ARP_ARPEntry>__Add 0000000000125ae0     Kernel.obj
 0002:0000eb20       Kernel_System_Array_1<System___Canon>___ctor 0000000000125b20     Kernel.obj
 0002:0000eb30       Internal_CompilerGenerated__Module___SetAppContextSwitches 0000000000125b30     Kernel.obj
 0002:0000eb40       Kernel__Module___StartupCodeMain 0000000000125b40     Kernel.obj
 0002:0000eb40       __managed__Main            0000000000125b40     Kernel.obj
 0003:00000000       __embedded_metadata        0000000000126000     Kernel.obj
 0003:0000182f       __embedded_metadata_End    000000000012782f     Kernel.obj
 0003:0000182f       __embedded_resourceindex   000000000012782f     Kernel.obj
 0003:0000182f       __embedded_resourcedata    000000000012782f     Kernel.obj
 0003:0000182f       __embedded_resourcedata_End 000000000012782f     Kernel.obj
 0003:00001832       __type_to_metadata_map     0000000000127832     Kernel.obj
 0003:00001832       __embedded_resourceindex_End 0000000000127832     Kernel.obj
 0003:000018c8       __type_to_cctorContext_map 00000000001278c8     Kernel.obj
 0003:000018c8       __type_to_metadata_map_End 00000000001278c8     Kernel.obj
 0003:000018cb       __type_to_cctorContext_map_End 00000000001278cb     Kernel.obj
 0003:000018cb       __method_to_entrypoint_map 00000000001278cb     Kernel.obj
 0003:000018ce       __method_to_entrypoint_map_End 00000000001278ce     Kernel.obj
 0003:000018ce       __delegate_marshalling_stub_map 00000000001278ce     Kernel.obj
 0003:000018d1       __struct_marshalling_stub_map 00000000001278d1     Kernel.obj
 0003:000018d1       __delegate_marshalling_stub_map_End 00000000001278d1     Kernel.obj
 0003:000018d4       __struct_marshalling_stub_map_End 00000000001278d4     Kernel.obj
 0003:000018d4       __array_type_map           00000000001278d4     Kernel.obj
 0003:000018ec       __array_type_map_End       00000000001278ec     Kernel.obj
 0003:000018ec       __field_to_offset_map      00000000001278ec     Kernel.obj
 0003:000018ef       __field_to_offset_map_End  00000000001278ef     Kernel.obj
 0003:000018ef       __exact_method_instantiations 00000000001278ef     Kernel.obj
 0003:000018ef       __nativelayoutinfo         00000000001278ef     Kernel.obj
 0003:000018ef       __nativelayoutinfo_End     00000000001278ef     Kernel.obj
 0003:000018f2       __generic_types_hashtable  00000000001278f2     Kernel.obj
 0003:000018f2       __exact_method_instantiations_End 00000000001278f2     Kernel.obj
 0003:00001901       __generic_types_hashtable_End 0000000000127901     Kernel.obj
 0003:00001901       __generic_methods_hashtable 0000000000127901     Kernel.obj
 0003:00001904       __gvm_table                0000000000127904     Kernel.obj
 0003:00001904       __generic_methods_hashtable_End 0000000000127904     Kernel.obj
 0003:00001907       __gvm_table_End            0000000000127907     Kernel.obj
 0003:00001907       __interface_gvm_table      0000000000127907     Kernel.obj
 0003:0000190a       __interface_gvm_table_End  000000000012790a     Kernel.obj
 0003:0000190a       __GenericMethodsTemplateMap 000000000012790a     Kernel.obj
 0003:0000190d       __GenericMethodsTemplateMap_End 000000000012790d     Kernel.obj
 0003:0000190d       __GenericTypesTemplateMap  000000000012790d     Kernel.obj
 0003:00001910       __GenericTypesTemplateMap_End 0000000000127910     Kernel.obj
 0003:00001910       __block_reflection_type_map 0000000000127910     Kernel.obj
 0003:00001950       _StaticsInfoHashtableNode  0000000000127950     Kernel.obj
 0003:00001950       __block_reflection_type_map_End 0000000000127950     Kernel.obj
 0003:00001953       _StaticsInfoHashtableNode_End 0000000000127953     Kernel.obj
 0003:00001953       __VirtualInvokeMap         0000000000127953     Kernel.obj
 0003:00001956       __DefaultConstructor_Map   0000000000127956     Kernel.obj
 0003:00001956       __VirtualInvokeMap_End     0000000000127956     Kernel.obj
 0003:00001975       __external_CommonFixupsTable_references 0000000000127975     Kernel.obj
 0003:00001975       __DefaultConstructor_Map_End 0000000000127975     Kernel.obj
 0003:000019fd       __external_NativeReferences_references 00000000001279fd     Kernel.obj
 0003:000019fd       __external_CommonFixupsTable_references_End 00000000001279fd     Kernel.obj
 0003:00001a0d       __external_NativeStatics_references 0000000000127a0d     Kernel.obj
 0003:00001a0d       __external_NativeReferences_references_End 0000000000127a0d     Kernel.obj
 0003:00001a0d       __external_NativeStatics_references_End 0000000000127a0d     Kernel.obj
 0003:00001a10       _stacktrace_methodRVA_to_token_mapping 0000000000127a10     Kernel.obj
 0003:00002090       _stacktrace_methodRVA_to_token_mapping_End 0000000000128090     Kernel.obj
 0003:00002090       __ReadyToRunHeader         0000000000128090     Kernel.obj
 0003:00002370       __readonlydata_g_compilerEmbeddedSettingsBlob 0000000000128370     Kernel.obj
 0003:00002370       g_compilerEmbeddedSettingsBlob 0000000000128370     Kernel.obj
 0003:00002374       g_requiredCpuFeatures      0000000000128374     Kernel.obj
 0003:00002374       __readonlydata_g_requiredCpuFeatures 0000000000128374     Kernel.obj
 0003:00002378       ??_7Kernel_System_Collections_Generic_List_1@@6B@ 0000000000128378     Kernel.obj
 0003:00002398       ??_7Kernel_System_Array@@6B@ 0000000000128398     Kernel.obj
 0003:000023c8       ??_7Object@@6B@            00000000001283c8     Kernel.obj
 0003:000023f8       ??_7String@@6B@            00000000001283f8     Kernel.obj
 0003:00002438       ??_7Kernel_NES_CPU@@6B@    0000000000128438     Kernel.obj
 0003:00002480       ??_7Kernel_NES_GameRender@@6B@ 0000000000128480     Kernel.obj
 0003:000024b0       ??_7Kernel_NES_Input@@6B@  00000000001284b0     Kernel.obj
 0003:000024e0       ??_7Kernel_NES_Mappers@@6B@ 00000000001284e0     Kernel.obj
 0003:00002528       ??_7Kernel_NES_MemoryMap@@6B@ 0000000000128528     Kernel.obj
 0003:00002568       ??_7Kernel_NES_NES@@6B@    0000000000128568     Kernel.obj
 0003:000025b0       ??_7Kernel_NES_PPU@@6B@    00000000001285b0     Kernel.obj
 0003:000025e0       ??_7Kernel_NES_Registers@@6B@ 00000000001285e0     Kernel.obj
 0003:00002610       ??_7Kernel_Kernel_PCIDevice@@6B@ 0000000000128610     Kernel.obj
 0003:00002658       ??_7Kernel_Kernel_GUI_Form@@6B@ 0000000000128658     Kernel.obj
 0003:00002690       ??_7Kernel_Kernel_SATA_SATADevice@@6B@ 0000000000128690     Kernel.obj
 0003:000026d8       ??_7Kernel_System_Collections_Generic_List_1<Kernel_Kernel_PCIDevice>@@6B@ 00000000001286d8     Kernel.obj
 0003:00002730       ??_7Kernel_System_Collections_Generic_List_1<Kernel_Kernel_GUI_Form>@@6B@ 0000000000128730     Kernel.obj
 0003:00002788       ??_7Kernel_System_Collections_Generic_List_1<Kernel_Kernel_SATA_SATADevice>@@6B@ 0000000000128788     Kernel.obj
 0003:000027e0       ??_7Kernel_System_Collections_Generic_List_1<__Array<UInt8>>@@6B@ 00000000001287e0     Kernel.obj
 0003:00002820       ??_7__Array<UInt8>@@6B@    0000000000128820     Kernel.obj
 0003:00002848       ??_7__Array<Int32>@@6B@    0000000000128848     Kernel.obj
 0003:00002888       ??_7__Array<Kernel_Kernel_PCIDevice>@@6B@ 0000000000128888     Kernel.obj
 0003:000028d0       ??_7__Array<Kernel_Kernel_GUI_Form>@@6B@ 00000000001288d0     Kernel.obj
 0003:00002900       ??_7__Array<Kernel_IDT_IDTEntry>@@6B@ 0000000000128900     Kernel.obj
 0003:00002940       ??_7__Array<Kernel_Kernel_SATA_SATADevice>@@6B@ 0000000000128940     Kernel.obj
 0003:00002988       ??_7__Array<__Array<UInt8>>@@6B@ 0000000000128988     Kernel.obj
 0003:000029b8       ??_7__MDArray<UInt8,2>@@6B@ 00000000001289b8     Kernel.obj
 0003:000029e0       __readonlydata_Kernel_IDT__ExceptionHandler 00000000001289e0     Kernel.obj
 0003:00002a28       __readonlydata_Kernel_NES_CPU__execOpCode 0000000000128a28     Kernel.obj
 0003:00002e28       __readonlydata_Kernel_Kernel_PS2Keyboard__ProcessKey 0000000000128e28     Kernel.obj
 0003:00002f98       __readonlydata_Kernel_Kernel_NET_TCP__RecvFin 0000000000128f98     Kernel.obj
 0003:00002fb8       __readonlydata_Kernel_Kernel_NET_TCP__RecvAck 0000000000128fb8     Kernel.obj
 0003:00002fd8       __readonlydata_Kernel_Kernel_NET_TCP__RecvRst 0000000000128fd8     Kernel.obj
 0003:00002ff8       ?__GCSTATICS@Kernel_Kernel_SATA@@__PreInitData 0000000000128ff8     Kernel.obj
 0003:00003018       __GCStaticEEType_01        0000000000129018     Kernel.obj
 0003:00003040       __GCStaticEEType_0111      0000000000129040     Kernel.obj
 0003:00003068       __GCStaticEEType_01111     0000000000129068     Kernel.obj
 0003:00003078       ??_7Kernel__Module_@@6B@   0000000000129078     Kernel.obj
 0003:00003098       ??_7Boxed_UInt8@@6B@       0000000000129098     Kernel.obj
 0003:000030c0       ??_7Boxed_Int32@@6B@       00000000001290c0     Kernel.obj
 0003:000030e8       ??_7Kernel_System_ValueType@@6B@ 00000000001290e8     Kernel.obj
 0003:00003110       ??_7Boxed_Kernel_IDT_IDTEntry@@6B@ 0000000000129110     Kernel.obj
 0003:00003138       ??_7__Array<Kernel_System_Array>@@6B@ 0000000000129138     Kernel.obj
 0003:00003158       __GenericInstance_Kernel_Kernel_PCIDevice 0000000000129158     Kernel.obj
 0003:00003168       __GenericInstance_Kernel_Kernel_GUI_Form 0000000000129168     Kernel.obj
 0003:00003178       __GenericInstance_Kernel_Kernel_SATA_SATADevice 0000000000129178     Kernel.obj
 0003:00003188       __GenericInstance___Array<UInt8> 0000000000129188     Kernel.obj
 0003:00003198       __optionalfields_??_7Kernel_System_Array@@6B@ 0000000000129198     Kernel.obj
 0003:0000319e       __optionalfields_??_7Object@@6B@ 000000000012919e     Kernel.obj
 0003:000031a1       __optionalfields_??_7Kernel_NES_CPU@@6B@ 00000000001291a1     Kernel.obj
 0003:000031a3       __optionalfields_??_7Kernel_NES_GameRender@@6B@ 00000000001291a3     Kernel.obj
 0003:000031a5       __optionalfields_??_7Kernel_NES_Input@@6B@ 00000000001291a5     Kernel.obj
 0003:000031a7       __optionalfields_??_7Kernel_NES_Mappers@@6B@ 00000000001291a7     Kernel.obj
 0003:000031a9       __optionalfields_??_7Kernel_NES_NES@@6B@ 00000000001291a9     Kernel.obj
 0003:000031ab       __optionalfields_??_7Kernel_NES_PPU@@6B@ 00000000001291ab     Kernel.obj
 0003:000031ad       __optionalfields_??_7Kernel_NES_Registers@@6B@ 00000000001291ad     Kernel.obj
 0003:000031af       __optionalfields_??_7Kernel_Kernel_PCIDevice@@6B@ 00000000001291af     Kernel.obj
 0003:000031b1       __optionalfields_??_7Kernel_Kernel_GUI_Form@@6B@ 00000000001291b1     Kernel.obj
 0003:000031b3       __optionalfields_??_7Kernel_Kernel_SATA_SATADevice@@6B@ 00000000001291b3     Kernel.obj
 0003:000031b5       __optionalfields_??_7Kernel_System_Collections_Generic_List_1<Kernel_Kernel_PCIDevice>@@6B@ 00000000001291b5     Kernel.obj
 0003:000031b7       __optionalfields_??_7Kernel_System_Collections_Generic_List_1<Kernel_Kernel_GUI_Form>@@6B@ 00000000001291b7     Kernel.obj
 0003:000031b9       __optionalfields_??_7Kernel_System_Collections_Generic_List_1<Kernel_Kernel_SATA_SATADevice>@@6B@ 00000000001291b9     Kernel.obj
 0003:000031bb       __optionalfields_??_7Kernel_System_Collections_Generic_List_1<__Array<UInt8>>@@6B@ 00000000001291bb     Kernel.obj
 0003:000031bd       __optionalfields_??_7Boxed_UInt8@@6B@ 00000000001291bd     Kernel.obj
 0003:000031bf       __optionalfields_??_7Boxed_Int32@@6B@ 00000000001291bf     Kernel.obj
 0003:000031c1       __optionalfields_??_7Kernel_System_ValueType@@6B@ 00000000001291c1     Kernel.obj
 0003:000031c8       __optionalfields_??_7Boxed_Kernel_IDT_IDTEntry@@6B@ 00000000001291c8     Kernel.obj
 0003:000031d0       __GenericDict_Kernel_System_Collections_Generic_List_1<Kernel_Kernel_PCIDevice> 00000000001291d0     Kernel.obj
 0003:000031d0       __GenericDict_Kernel_System_Array_1<Kernel_Kernel_PCIDevice> 00000000001291d0     Kernel.obj
 0003:000031d8       __GenericDict_Kernel_System_Array_1<Kernel_Kernel_GUI_Form> 00000000001291d8     Kernel.obj
 0003:000031d8       __GenericDict_Kernel_System_Collections_Generic_List_1<Kernel_Kernel_GUI_Form> 00000000001291d8     Kernel.obj
 0003:000031e0       __GenericDict_Kernel_System_Collections_Generic_List_1<Kernel_Kernel_SATA_SATADevice> 00000000001291e0     Kernel.obj
 0003:000031e0       __GenericDict_Kernel_System_Array_1<Kernel_Kernel_SATA_SATADevice> 00000000001291e0     Kernel.obj
 0003:000031e8       __GenericDict_Kernel_System_Collections_Generic_List_1<__Array<UInt8>> 00000000001291e8     Kernel.obj
 0003:000031e8       __GenericDict_Kernel_System_Array_1<__Array<UInt8>> 00000000001291e8     Kernel.obj
 0003:00003244       __volatile_metadata        0000000000129244     <linker-defined>
 0003:000033fc       _unwind0Kernel_GDT__Initialise 00000000001293fc     Kernel.obj
 0003:00003410       _unwind0Kernel_Heap__Free  0000000000129410     Kernel.obj
 0003:00003430       _unwind0Kernel_Heap__Initialize 0000000000129430     Kernel.obj
 0003:00003448       _unwind0Kernel_Heap__Allocate 0000000000129448     Kernel.obj
 0003:00003478       _unwind0Kernel_IDT__Initialise 0000000000129478     Kernel.obj
 0003:000034a8       _unwind0Kernel_IDT__ExceptionHandler 00000000001294a8     Kernel.obj
 0003:000034f4       _unwind0Kernel_IDT__IRQHandler 00000000001294f4     Kernel.obj
 0003:00003520       _unwind0Kernel_Native__Stosd 0000000000129520     Kernel.obj
 0003:0000352c       _unwind0Kernel_Native__Stosb 000000000012952c     Kernel.obj
 0003:00003538       _unwind0Kernel_Native__Movsb 0000000000129538     Kernel.obj
 0003:00003544       _unwind0Kernel_Native__Movsd 0000000000129544     Kernel.obj
 0003:00003550       _unwind0Kernel_Native__Load_GDT 0000000000129550     Kernel.obj
 0003:00003570       _unwind0Kernel_Native__Load_IDT 0000000000129570     Kernel.obj
 0003:00003590       _unwind0Kernel_Program__Main_0 0000000000129590     Kernel.obj
 0003:0000363c       _unwind0Kernel_Program__DrawCursor 000000000012963c     Kernel.obj
 0003:00003664       _unwind0Kernel_System_Array__NewMultiDimArray 0000000000129664     Kernel.obj
 0003:0000367c       _unwind0Kernel_System_Convert__ToUInt16 000000000012967c     Kernel.obj
 0003:00003684       _unwind0Kernel_System_Convert__ToInt16 0000000000129684     Kernel.obj
 0003:0000368c       _unwind0Kernel_System_Convert__ToInt16_0 000000000012968c     Kernel.obj
 0003:00003694       _unwind0Kernel_System_Convert__ToByte 0000000000129694     Kernel.obj
 0003:0000369c       _unwind0Kernel_System_Convert__ToByte_0 000000000012969c     Kernel.obj
 0003:000036a4       _unwind0Kernel_System_Convert__ToInt32 00000000001296a4     Kernel.obj
 0003:000036ac       _unwind0Object___ctor      00000000001296ac     Kernel.obj
 0003:000036b4       _unwind0Object__Dispose    00000000001296b4     Kernel.obj
 0003:000036c0       _unwind0String__Ctor_2     00000000001296c0     Kernel.obj
 0003:000036d8       _unwind0UInt64__ToString   00000000001296d8     Kernel.obj
 0003:000036f4       _unwind0UInt64__ToStringHex 00000000001296f4     Kernel.obj
 0003:00003710       _unwind0Kernel_System_Runtime_TypeCast__CheckCastClass 0000000000129710     Kernel.obj
 0003:0000371c       _unwind0Kernel_System_Runtime_TypeCast__CheckCastArray 000000000012971c     Kernel.obj
 0003:00003728       _unwind0Kernel_System_Runtime_TypeCast__IsInstanceOfArray 0000000000129728     Kernel.obj
 0003:00003738       _unwind0Kernel_Internal_Runtime_EEType__get_IsArray 0000000000129738     Kernel.obj
 0003:00003740       _unwind0Kernel_Internal_Runtime_EEType__get_ArrayRank 0000000000129740     Kernel.obj
 0003:00003748       _unwind0Kernel_Internal_Runtime_CompilerHelpers_ArrayHelpers__NewObjArray 0000000000129748     Kernel.obj
 0003:00003790       _unwind0Kernel_Internal_Runtime_CompilerHelpers_StartupCodeHelpers____imp_GetCurrentThreadId 0000000000129790     Kernel.obj
 0003:00003798       _unwind0Kernel_Internal_Runtime_CompilerHelpers_StartupCodeHelpers____CheckForDebuggerJustMyCode 0000000000129798     Kernel.obj
 0003:000037a0       _unwind0Kernel_Internal_Runtime_CompilerHelpers_StartupCodeHelpers__FailFast 00000000001297a0     Kernel.obj
 0003:000037ac       _unwind0Kernel_Internal_Runtime_CompilerHelpers_StartupCodeHelpers__MemSet 00000000001297ac     Kernel.obj
 0003:000037b8       _unwind0Kernel_Internal_Runtime_CompilerHelpers_StartupCodeHelpers__MemCpy 00000000001297b8     Kernel.obj
 0003:000037c4       _unwind0Kernel_Internal_Runtime_CompilerHelpers_StartupCodeHelpers__RhpFallbackFailFast 00000000001297c4     Kernel.obj
 0003:000037d0       _unwind0Kernel_Internal_Runtime_CompilerHelpers_StartupCodeHelpers__RhpReversePInvoke2 00000000001297d0     Kernel.obj
 0003:000037d8       _unwind0Kernel_Internal_Runtime_CompilerHelpers_StartupCodeHelpers__RhpReversePInvokeReturn2 00000000001297d8     Kernel.obj
 0003:000037e0       _unwind0Kernel_Internal_Runtime_CompilerHelpers_StartupCodeHelpers__RhpReversePInvoke 00000000001297e0     Kernel.obj
 0003:000037e8       _unwind0Kernel_Internal_Runtime_CompilerHelpers_StartupCodeHelpers__RhpReversePInvokeReturn 00000000001297e8     Kernel.obj
 0003:000037f0       _unwind0Kernel_Internal_Runtime_CompilerHelpers_StartupCodeHelpers__RhpPinvoke 00000000001297f0     Kernel.obj
 0003:000037f8       _unwind0Kernel_Internal_Runtime_CompilerHelpers_StartupCodeHelpers__RhpPinvokeReturn 00000000001297f8     Kernel.obj
 0003:00003800       _unwind0Kernel_Internal_Runtime_CompilerHelpers_StartupCodeHelpers__RhpNewFast 0000000000129800     Kernel.obj
 0003:00003814       _unwind0Kernel_Internal_Runtime_CompilerHelpers_StartupCodeHelpers__RhpNewArray 0000000000129814     Kernel.obj
 0003:00003830       _unwind0Kernel_Internal_Runtime_CompilerHelpers_StartupCodeHelpers__RhpAssignRef 0000000000129830     Kernel.obj
 0003:00003838       _unwind0Kernel_Internal_Runtime_CompilerHelpers_StartupCodeHelpers__RhpByRefAssignRef 0000000000129838     Kernel.obj
 0003:00003840       _unwind0Kernel_Internal_Runtime_CompilerHelpers_StartupCodeHelpers__RhpCheckedAssignRef 0000000000129840     Kernel.obj
 0003:00003848       _unwind0Kernel_Internal_Runtime_CompilerHelpers_StartupCodeHelpers__RhpStelemRef 0000000000129848     Kernel.obj
 0003:00003854       _unwind0Kernel_Internal_Runtime_CompilerHelpers_StartupCodeHelpers__RhTypeCast_IsInstanceOfClass 0000000000129854     Kernel.obj
 0003:0000386c       _unwind0Kernel_Internal_Runtime_CompilerHelpers_StartupCodeHelpers__InitializeModules 000000000012986c     Kernel.obj
 0003:00003884       _unwind0Kernel_Internal_Runtime_CompilerHelpers_StartupCodeHelpers__InitializeStatics 0000000000129884     Kernel.obj
 0003:000038b0       _unwind0Kernel_Internal_Runtime_CompilerHelpers_ThrowHelpers__ThrowIndexOutOfRangeException 00000000001298b0     Kernel.obj
 0003:000038b8       _unwind0Kernel_NES_CPU__execOpCode 00000000001298b8     Kernel.obj
 0003:00003e88       _unwind0Kernel_NES_CPU__NMIHandler 0000000000129e88     Kernel.obj
 0003:00003ea8       _unwind0Kernel_NES_CPU__setCompareFlags 0000000000129ea8     Kernel.obj
 0003:00003eb0       _unwind0Kernel_NES_CPU__checkStatusCarry 0000000000129eb0     Kernel.obj
 0003:00003eb8       _unwind0Kernel_NES_CPU__checkStatusZero 0000000000129eb8     Kernel.obj
 0003:00003ec0       _unwind0Kernel_NES_CPU__checkStatusOverflowADC 0000000000129ec0     Kernel.obj
 0003:00003ec8       _unwind0Kernel_NES_CPU__checkStatusOverflowSBC 0000000000129ec8     Kernel.obj
 0003:00003ed0       _unwind0Kernel_NES_CPU__checkStatusNegative 0000000000129ed0     Kernel.obj
 0003:00003ed8       _unwind0Kernel_NES_CPU__checkStatusNegative_0 0000000000129ed8     Kernel.obj
 0003:00003ee0       _unwind0Kernel_NES_CPU__pageChangeCheck 0000000000129ee0     Kernel.obj
 0003:00003ee8       _unwind0Kernel_NES_CPU__pageChangeCheck_0 0000000000129ee8     Kernel.obj
 0003:00003ef0       _unwind0Kernel_NES_CPU__addrAbs 0000000000129ef0     Kernel.obj
 0003:00003f04       _unwind0Kernel_NES_CPU__addrAbsZP 0000000000129f04     Kernel.obj
 0003:00003f18       _unwind0Kernel_NES_CPU__addrIdx 0000000000129f18     Kernel.obj
 0003:00003f2c       _unwind0Kernel_NES_CPU__addrIdxZP 0000000000129f2c     Kernel.obj
 0003:00003f40       _unwind0Kernel_NES_CPU__addrIndX 0000000000129f40     Kernel.obj
 0003:00003f58       _unwind0Kernel_NES_CPU__addrIndY 0000000000129f58     Kernel.obj
 0003:00003f70       _unwind0Kernel_NES_GameRender__WriteBitmap 0000000000129f70     Kernel.obj
 0003:00003fa0       _unwind0Kernel_NES_Input__ReadJoypad 0000000000129fa0     Kernel.obj
 0003:00003fa8       _unwind0Kernel_NES_Input__WriteJoypad 0000000000129fa8     Kernel.obj
 0003:00003fb0       _unwind0Kernel_NES_Input___ctor 0000000000129fb0     Kernel.obj
 0003:00003fb8       _unwind0Kernel_NES_Mappers___ctor 0000000000129fb8     Kernel.obj
 0003:00003fc0       _unwind0Kernel_NES_MemoryMap__WritePRG 0000000000129fc0     Kernel.obj
 0003:00004008       _unwind0Kernel_NES_MemoryMap__ReadPRG 000000000012a008     Kernel.obj
 0003:0000402c       _unwind0Kernel_NES_MemoryMap__stackPush 000000000012a02c     Kernel.obj
 0003:00004038       _unwind0Kernel_NES_MemoryMap__stackPop 000000000012a038     Kernel.obj
 0003:00004044       _unwind0Kernel_NES_MemoryMap__getPPUMemoryByte 000000000012a044     Kernel.obj
 0003:00004060       _unwind0Kernel_NES_MemoryMap__setPPUMemoryByte 000000000012a060     Kernel.obj
 0003:00004078       _unwind0Kernel_NES_MemoryMap__AddressMask 000000000012a078     Kernel.obj
 0003:00004080       _unwind0Kernel_NES_MemoryMap__setVblank 000000000012a080     Kernel.obj
 0003:0000408c       _unwind0Kernel_NES_MemoryMap__setSpriteHit 000000000012a08c     Kernel.obj
 0003:00004098       _unwind0Kernel_NES_MemoryMap___ctor 000000000012a098     Kernel.obj
 0003:000040b4       _unwind0Kernel_NES_NES__runGame 000000000012a0b4     Kernel.obj
 0003:000040cc       _unwind0Kernel_NES_NES__openROM 000000000012a0cc     Kernel.obj
 0003:000041bc       _unwind0Kernel_NES_NES__resetGame 000000000012a1bc     Kernel.obj
 0003:000041e0       _unwind0Kernel_NES_NES__NES_KeyDown 000000000012a1e0     Kernel.obj
 0003:000041e8       _unwind0Kernel_NES_NES__NES_KeyUp 000000000012a1e8     Kernel.obj
 0003:000041f0       _unwind0Kernel_NES_NES___ctor 000000000012a1f0     Kernel.obj
 0003:00004200       _unwind0Kernel_NES_PPU__renderPixel 000000000012a200     Kernel.obj
 0003:0000422c       _unwind0Kernel_NES_PPU__RunPPU 000000000012a22c     Kernel.obj
 0003:00004274       _unwind0Kernel_NES_PPU__UpdateDrawLocation 000000000012a274     Kernel.obj
 0003:00004288       _unwind0Kernel_NES_PPU__DrawNameTable 000000000012a288     Kernel.obj
 0003:000042ac       _unwind0Kernel_NES_PPU__CheckScanlineForSprites 000000000012a2ac     Kernel.obj
 0003:00004304       _unwind0Kernel_NES_PPU__GetSpriteToDraw 000000000012a304     Kernel.obj
 0003:0000432c       _unwind0Kernel_NES_PPU__CheckTransparency 000000000012a32c     Kernel.obj
 0003:00004344       _unwind0Kernel_NES_PPU__drawBGTile 000000000012a344     Kernel.obj
 0003:00004350       _unwind0Kernel_NES_PPU__drawBGTile_0 000000000012a350     Kernel.obj
 0003:0000435c       _unwind0Kernel_NES_PPU___ctor 000000000012a35c     Kernel.obj
 0003:00004384       _unwind0Kernel_NES_Registers__setStatusRegister 000000000012a384     Kernel.obj
 0003:0000439c       _unwind0Kernel_NES_Registers__setStatusRegisterWithRegStatusByte 000000000012a39c     Kernel.obj
 0003:000043a4       _unwind0Kernel_NES_Registers__regStatusCarry 000000000012a3a4     Kernel.obj
 0003:000043ac       _unwind0Kernel_NES_Registers__regStatusZero 000000000012a3ac     Kernel.obj
 0003:000043b4       _unwind0Kernel_NES_Registers__regStatusInterruptDisable 000000000012a3b4     Kernel.obj
 0003:000043bc       _unwind0Kernel_NES_Registers__regStatusDecimal 000000000012a3bc     Kernel.obj
 0003:000043c4       _unwind0Kernel_NES_Registers__regStatusBreak 000000000012a3c4     Kernel.obj
 0003:000043cc       _unwind0Kernel_NES_Registers__regStatusBitFive 000000000012a3cc     Kernel.obj
 0003:000043d4       _unwind0Kernel_NES_Registers__regStatusOverflow 000000000012a3d4     Kernel.obj
 0003:000043dc       _unwind0Kernel_NES_Registers__regStatusNegative 000000000012a3dc     Kernel.obj
 0003:000043e4       _unwind0Kernel_NES_Registers___ctor 000000000012a3e4     Kernel.obj
 0003:000043ec       _unwind0Kernel_Kernel_Framebuffer__Copy 000000000012a3ec     Kernel.obj
 0003:0000440c       _unwind0Kernel_Kernel_Framebuffer__Clear 000000000012a40c     Kernel.obj
 0003:00004420       _unwind0Kernel_Kernel_Framebuffer__DrawPoint 000000000012a420     Kernel.obj
 0003:00004434       _unwind0Kernel_Kernel_Framebuffer__GetPoint 000000000012a434     Kernel.obj
 0003:00004444       _unwind0Kernel_Kernel_Framebuffer__Update 000000000012a444     Kernel.obj
 0003:0000445c       _unwind0Kernel_Kernel_Framebuffer__SetVideoMode 000000000012a45c     Kernel.obj
 0003:00004478       _unwind0Kernel_Kernel_Framebuffer__Fill 000000000012a478     Kernel.obj
 0003:00004498       _unwind0Kernel_Kernel_PCIDevice___ctor 000000000012a498     Kernel.obj
 0003:000044a0       _unwind0Kernel_Kernel_PCI__Initialise 000000000012a4a0     Kernel.obj
 0003:000044d4       _unwind0Kernel_Kernel_PCI__CheckBus 000000000012a4d4     Kernel.obj
 0003:00004540       _unwind0Kernel_Kernel_PCI__ReadRegister16 000000000012a540     Kernel.obj
 0003:00004564       _unwind0Kernel_Kernel_PCI__ReadRegister8 000000000012a564     Kernel.obj
 0003:00004588       _unwind0Kernel_Kernel_PCI__GetVendorID 000000000012a588     Kernel.obj
 0003:000045ac       _unwind0Kernel_Kernel_PCI__GetAddressBase 000000000012a5ac     Kernel.obj
 0003:000045b4       _unwind0Kernel_Kernel_PIC__Enable 000000000012a5b4     Kernel.obj
 0003:000045f4       _unwind0Kernel_Kernel_PIC__EndOfInterrupt 000000000012a5f4     Kernel.obj
 0003:00004614       _unwind0Kernel_Kernel_PIC__ClearMask 000000000012a614     Kernel.obj
 0003:00004634       _unwind0Kernel_Kernel_PIT__Initialise 000000000012a634     Kernel.obj
 0003:00004658       _unwind0Kernel_Kernel_PIT__Wait 000000000012a658     Kernel.obj
 0003:00004678       _unwind0Kernel_Kernel_PS2Keyboard__ProcessKey 000000000012a678     Kernel.obj
 0003:00004684       _unwind0Kernel_Kernel_PS2Mouse__Initialise 000000000012a684     Kernel.obj
 0003:000046d0       _unwind0Kernel_Kernel_PS2Mouse__WriteRegister 000000000012a6d0     Kernel.obj
[...]
 0004:00002260       __Str_BREAKPOINT           000000000012e260     Kernel.obj
 0004:00002290       __Str_Bad_ACK_86B625AEDDA25B9987129F842154B8B62B88C44806E2BC73941FA741B4F8623E 000000000012e290     Kernel.obj
 0004:000022b8       __Str_C___Start_947F3094E4472DE8ADDB4EC9838D7582768FD337D0E4502A1C774104707D491C 000000000012e2b8     Kernel.obj
 0004:000022e0       __Str_COPR_ERROR_C27F1F3E7F2ED4CFBD0EDCF5C7AA20D245CD9D1EBC80EDC243013215C2577FF9 000000000012e2e0     Kernel.obj
 0004:00002310       __Str_COPR_SEGMENT_OVERRUN_C449D79B0140F10083FD8C197428B494C3F5BC5E85A89FC5A9F3F9DFFE5E25AD 000000000012e310     Kernel.obj
 0004:00002350       __Str_COPR_UNAVAILABLE_834C85FB4D56A054FA75E003F62E454BF546EBD0D8DB2CB27CDAA76A62BF3C08 000000000012e350     Kernel.obj
 0004:00002388       __Str_Connection_established_C7F61EB0E8A0A27B96E8B528A681CC4BC4FCF3896B18DA97D3154261FAF44F81 000000000012e388     Kernel.obj
 0004:000023d0       __Str_D___Right_14C187A6866382F69F06DA3EE0FB1DF0B16908121A563D80AEA28A4A7AA6BD80 000000000012e3d0     Kernel.obj
 0004:000023f8       __Str_DIVIDE_BY_ZERO_35A15510F680DC765661E0D29DFAD7145E1665F9617FC031C21ECB78DB53A063 000000000012e3f8     Kernel.obj
 0004:00002430       __Str_DOUBLE_FAULT_D7745D19D21BED4FCAE5949B361E7C3770F0F6F00771FC35E0C922926FC4F820 000000000012e430     Kernel.obj
 0004:00002460       __Str_Emulator_Keymap__66658E9A6FF5CE9009CD6BCAD86B1DEE7064A22596586E1942B331F205BDD3F2 000000000012e460     Kernel.obj
 0004:00002498       __Str_Error__connection_reset_2DD4AD50280D62E8F71D6416E12CFCF047C1869E4C5D38221FAB587947A39ABA 000000000012e498     Kernel.obj
 0004:000024e0       __Str_Error__tcp_connection_refused_AA861B629A6FA6E245F0A4CC20757E883A28D3B5A92F23F52D897434C32212E8 000000000012e4e0     Kernel.obj
 0004:00002530       __Str_Error__tcp_reset_1904B15FD7C0D3E7C5171138738A54023B558117FF868A1481B914CEBCA68428 000000000012e530     Kernel.obj
 0004:00002568       __Str_Execute_Nintendo_Family_Comput_D0367DC0975E596BA0FC8824B68DE6EF2F25629E49F934CD78DC94272B610D25 000000000012e568     Kernel.obj
 0004:000025e0       __Str_Form1                000000000012e5e0     Kernel.obj
 0004:00002600       __Str_GENERAL_PROTECTION_8D0356CF6D03FD20FD9501FFF77BCB0EE6F4A84DDE8C5B8CD0FEE47094CDD3E5 000000000012e600     Kernel.obj
 0004:00002640       __Str_Game_Will_Start_After_2_Second_37BD51CB6AE6844114569DE61CF58314F6B2A596F56F0F9571A96F45A282A0BA 000000000012e640     Kernel.obj
 0004:00002698       __Str_Hello_World_979AB6536128EE79BCBB8D0386F29429D09B706B5CA77BFA5497968187E304C3 000000000012e698     Kernel.obj
 0004:000026c8       __Str_Hello__World__98B83E2E14759B86F964E17964E7B706E21EA7DEEA1267ABCE2F3FFB95A81BBC 000000000012e6c8     Kernel.obj
 0004:000026f8       __Str_INVALID_OPCODE_54C9591B5203C421C322A7A77E8C2F0AE28E0F9288BC942670E066AC6B19994B 000000000012e6f8     Kernel.obj
 0004:00002730       __Str_INVALID_TSS_C62F37B994D6314510E6F050579212502983A0D22E662A0176CBB15DABFE9B12 000000000012e730     Kernel.obj
 0004:00002760       __Str_Mhz__93FED0145C2B60148ED93ED90762C17F821AEBC57C419141196C2C9288FED61C 000000000012e760     Kernel.obj
 0004:00002780       __Str_NMI                  000000000012e780     Kernel.obj
 0004:000027a0       __Str_NULL_POINTER_2AB6F4D59E2DA1CEED3F4C3E01F564F254667D66DEADAA97B0E61DE8A62C3227 000000000012e7a0     Kernel.obj
 0004:000027d0       __Str_Nintendo_Family_Computer_Emula_517555353F7B04A0F68EC778EFB4BC81C4540A85ADCD96F6892C0242DB685A24 000000000012e7d0     Kernel.obj
 0004:00002840       __Str_No_response_43B27C933D8F067983505C273BDF1C1C8E85094EBBF18902B54C65BF4E70C5BA 000000000012e840     Kernel.obj
 0004:00002870       __Str_Number_of_Core___66840DE57E4CD130FEB5AAEBDEFDAE1E196CE3F229B066CBF3D3589F2B4A57E2 000000000012e870     Kernel.obj
 0004:000028a8       __Str_OVERFLOW             000000000012e8a8     Kernel.obj
 0004:000028d0       __Str_PAGE_FAULT_AC0C9BB7DF0A800C1DAAE3D0672B6A1CC78305DCE93C4796332016D0426511AF 000000000012e8d0     Kernel.obj
 0004:00002900       __Str_S___Down_69D9E9BFAD4ECD7586A4F31CB51563EAC95B69B80E46EF48B94B5ACE4FB71B79 000000000012e900     Kernel.obj
 0004:00002928       __Str_SATA_Controller_Found__3123B211381906890EC58E8E0B1BE5F0A2CB9B22B45073295F54AB4B78C45981 000000000012e928     Kernel.obj
 0004:00002970       __Str_SATA_Port__7CC7851B96C661E2D52C23F0CFB145287940CD7B6D2F5F699C1BC3A1CCC37FBF 000000000012e970     Kernel.obj
 0004:000029a0       __Str_SEGMENT_NOT_FOUND_7A09929F1094DAEB41502BFFC9E93921CA8FB9590AC80713AC7C7171F9511232 000000000012e9a0     Kernel.obj
 0004:000029d8       __Str_SINGLE_STEP_6E04E38E6AD9353B584BEB7F19DBD415786549605ECAFBD876AF6406D9ADFBFC 000000000012e9d8     Kernel.obj
 0004:00002a08       __Str_SMBIOS_entry_found__9F3F6EBFDB070EC12235A67EE2CEBE9266D8D459200FD4521A5AAC60D0FEA20D 000000000012ea08     Kernel.obj
 0004:00002a48       __Str_STACK_EXCEPTION_615EE5904CA2473731689018F663A51FDD729DDE9002D1965884E3317293317A 000000000012ea48     Kernel.obj
 0004:00002a80       __Str_Speed___AAD0841541E03194D6CFFCD9458D2A16AF79133195E0B08FD10D7064927A27A6 000000000012ea80     Kernel.obj
 0004:00002aa8       __Str_TCP_Reset_AED747BDB4A64F0C249B25F72CFF5841C971E98F01E99BF01CD291CE1C5489C7 000000000012eaa8     Kernel.obj
 0004:00002ad0       __Str_TCP_connection_havn_t_establis_738AA20989DB6D0EEED153597F51D5E464980503E9EEB0BE3FB1C058C2A36A91 000000000012ead0     Kernel.obj
 0004:00002b30       __Str_Use_Native_AOT__Core_RT__Techn_18239571CD3AB194EA4877C4A501E89740468A2E7B6CCD19B8FEEA6438379BB8 000000000012eb30     Kernel.obj
 0004:00002b90       __Str_W___Up_08EE2A0B944FB7F9D0D681C4FDBBB71D2977F401AE6D2B89E4D707C450BC286E 000000000012eb90     Kernel.obj
 0004:00002bb8       __Str_Z___Select_FF86DC8EFC085697F661E4F213FD2F3BEA43A12940B8F5AB8ECA2891238C502C 000000000012ebb8     Kernel.obj
 0004:00002be8       __Str________________________________4473B008DF230C7DC071A977C26B0B53426AEB9FFF2042935F10E8C4C7457225 000000000012ebe8     Kernel.obj
 0004:0000cc10       __GCStaticRegionStart      0000000000138c10     Kernel.obj
 0004:0000cc10       __FrozenSegmentRegionEnd   0000000000138c10     Kernel.obj
 0004:0000cc60       __typemanager_indirection  0000000000138c60     Kernel.obj
 0004:0000cc60       __GCStaticRegionEnd        0000000000138c60     Kernel.obj
 0004:0000cc70       ?__NONGCSTATICS@Kernel_Kernel_SATA@@ 0000000000138c70     Kernel.obj
 0004:0000cc78       ?__NONGCSTATICS@Kernel_Kernel_FPSMeter@@ 0000000000138c78     Kernel.obj
 0004:0000cc88       ?__GCSTATICS@Kernel_IDT@@  0000000000138c88     Kernel.obj
 0004:0000cc90       ?__GCSTATICS@Kernel_Kernel_PCI@@ 0000000000138c90     Kernel.obj
 0004:0000cc98       ?__GCSTATICS@Kernel_Kernel_PS2Mouse@@ 0000000000138c98     Kernel.obj
 0004:0000cca0       ?__GCSTATICS@Kernel_Kernel_SATA@@ 0000000000138ca0     Kernel.obj
 0004:0000ccb0       ?__GCSTATICS@Kernel_Kernel_ASC16@@ 0000000000138cb0     Kernel.obj
 0004:0000ccb8       ?__GCSTATICS@Kernel_Kernel_NET_ARP@@ 0000000000138cb8     Kernel.obj
 0004:0000ccc0       ?__GCSTATICS@Kernel_Kernel_NET_Network@@ 0000000000138cc0     Kernel.obj
 0004:0000ccc8       ?__GCSTATICS@Kernel_Kernel_NET_RTL8139@@ 0000000000138cc8     Kernel.obj
 0004:0000ccd0       ?__GCSTATICS@Kernel_Kernel_NET_TCP@@ 0000000000138cd0     Kernel.obj
 0004:0000ccd8       ?__GCSTATICS@Kernel_Kernel_GUI_Form@@ 0000000000138cd8     Kernel.obj
 0004:0000cce0       __module_initializers_End  0000000000138ce0     Kernel.obj
 0004:0000cce0       ?__NONGCSTATICS@Kernel_GDT@@ 0000000000138ce0     Kernel.obj
 0004:0000cce0       __module_initializers      0000000000138ce0     Kernel.obj
 0004:0000cd80       ?__NONGCSTATICS@Kernel_Heap@@ 0000000000138d80     Kernel.obj
 0004:0010cd88       ?__NONGCSTATICS@Kernel_IDT@@ 0000000000238d88     Kernel.obj
 0004:0010cd94       ?__NONGCSTATICS@Kernel_System_Windows_Forms_Control@@ 0000000000238d94     Kernel.obj
 0004:0010cda0       ?__NONGCSTATICS@Kernel_Kernel_Framebuffer@@ 0000000000238da0     Kernel.obj
 0004:0010cdc8       ?__NONGCSTATICS@Kernel_Kernel_PIT@@ 0000000000238dc8     Kernel.obj
 0004:0010cdd0       ?__NONGCSTATICS@Kernel_Kernel_PS2Keyboard@@ 0000000000238dd0     Kernel.obj
 0004:0010cdd4       ?__NONGCSTATICS@Kernel_Kernel_PS2Mouse@@ 0000000000238dd4     Kernel.obj
 0004:0010cde8       ?__NONGCSTATICS@Kernel_Kernel_RTC@@ 0000000000238de8     Kernel.obj
 0004:0010cdec       ?__NONGCSTATICS@Kernel_Kernel_Console@@ 0000000000238dec     Kernel.obj
 0004:0010cdf8       ?__NONGCSTATICS@Kernel_Kernel_PageTable@@ 0000000000238df8     Kernel.obj
 0004:0010ce00       ?__NONGCSTATICS@Kernel_Kernel_NET_RTL8139@@ 0000000000238e00     Kernel.obj
 0004:0010ce10       ?__NONGCSTATICS@Kernel_Kernel_Driver_ACPI@@ 0000000000238e10     Kernel.obj
 0004:0010ce20       ?__NONGCSTATICS@Kernel_Kernel_Driver_VBE@@ 0000000000238e20     Kernel.obj
 0004:0010ce28       ?__NONGCSTATICS@Kernel_Kernel_Driver_Intel8254X@@ 0000000000238e28     Kernel.obj
 0004:0010ce40       __writableDataInt32        0000000000238e40     Kernel.obj
 0004:0010ce48       __writableDataKernel_IDT_IDTEntry 0000000000238e48     Kernel.obj
 0004:0010ce50       __writableDataKernel_Kernel_GUI_Form 0000000000238e50     Kernel.obj
 0004:0010ce58       __writableDataKernel_Kernel_PCIDevice 0000000000238e58     Kernel.obj
 0004:0010ce60       __writableDataKernel_Kernel_SATA_SATADevice 0000000000238e60     Kernel.obj
 0004:0010ce68       __writableDataKernel_NES_CPU 0000000000238e68     Kernel.obj
 0004:0010ce70       __writableDataKernel_NES_GameRender 0000000000238e70     Kernel.obj
 0004:0010ce78       __writableDataKernel_NES_Input 0000000000238e78     Kernel.obj
 0004:0010ce80       __writableDataKernel_NES_Mappers 0000000000238e80     Kernel.obj
 0004:0010ce88       __writableDataKernel_NES_MemoryMap 0000000000238e88     Kernel.obj
 0004:0010ce90       __writableDataKernel_NES_NES 0000000000238e90     Kernel.obj
 0004:0010ce98       __writableDataKernel_NES_PPU 0000000000238e98     Kernel.obj
 0004:0010cea0       __writableDataKernel_NES_Registers 0000000000238ea0     Kernel.obj
 0004:0010cea8       __writableDataKernel_System_Array 0000000000238ea8     Kernel.obj
 0004:0010ceb0       __writableDataKernel_System_Collections_Generic_List_1 0000000000238eb0     Kernel.obj
 0004:0010ceb8       __writableDataKernel_System_Collections_Generic_List_1<Kernel_Kernel_GUI_Form> 0000000000238eb8     Kernel.obj
 0004:0010cec0       __writableDataKernel_System_Collections_Generic_List_1<Kernel_Kernel_PCIDevice> 0000000000238ec0     Kernel.obj
 0004:0010cec8       __writableDataKernel_System_Collections_Generic_List_1<Kernel_Kernel_SATA_SATADevice> 0000000000238ec8     Kernel.obj
 0004:0010ced0       __writableDataKernel_System_Collections_Generic_List_1<__Array<UInt8>> 0000000000238ed0     Kernel.obj
 0004:0010ced8       __writableDataKernel_System_ValueType 0000000000238ed8     Kernel.obj
 0004:0010cee0       __writableDataKernel__Module_ 0000000000238ee0     Kernel.obj
 0004:0010cee8       __writableDataObject       0000000000238ee8     Kernel.obj
 0004:0010cef0       __writableDataString       0000000000238ef0     Kernel.obj
 0004:0010cef8       __writableDataUInt8        0000000000238ef8     Kernel.obj
 0004:0010cf00       __writableData__Array<Int32> 0000000000238f00     Kernel.obj
 0004:0010cf08       __writableData__Array<Kernel_IDT_IDTEntry> 0000000000238f08     Kernel.obj
 0004:0010cf10       __writableData__Array<Kernel_Kernel_GUI_Form> 0000000000238f10     Kernel.obj
 0004:0010cf18       __writableData__Array<Kernel_Kernel_PCIDevice> 0000000000238f18     Kernel.obj
 0004:0010cf20       __writableData__Array<Kernel_Kernel_SATA_SATADevice> 0000000000238f20     Kernel.obj
 0004:0010cf28       __writableData__Array<Kernel_System_Array> 0000000000238f28     Kernel.obj
 0004:0010cf30       __writableData__Array<UInt8> 0000000000238f30     Kernel.obj
 0004:0010cf38       __writableData__Array<__Array<UInt8>> 0000000000238f38     Kernel.obj
 0004:0010cf40       __writableData__MDArray<UInt8,2> 0000000000238f40     Kernel.obj
 0006:00000000       __Module                   000000000023a000     Kernel.obj

 entry point at        0002:00000720

 Static symbols

 0000:00000000       _volmd                     0000000000110000     NativeLib:interrupts.obj
 0001:000023b0       $$000000                   00000000001133b0     NativeLib:interrupts_asm.obj
 0003:00004f80       $unwind$Load_GDT           000000000012af80     NativeLib:interrupts.obj
 0003:00004f8c       $unwind$idt_set            000000000012af8c     NativeLib:interrupts.obj
 0003:00004f98       $unwind$set_idt_entries    000000000012af98     NativeLib:interrupts.obj
 0003:00004fa4       $unwind$Nop                000000000012afa4     NativeLib:native.obj
 0003:00004fb0       $unwind$Invlpg             000000000012afb0     NativeLib:native.obj
 0003:00004fbc       $unwind$WriteCR3           000000000012afbc     NativeLib:native.obj
 0003:00004fc8       $unwind$ReadCR2            000000000012afc8     NativeLib:native.obj
 0003:00004fd4       $unwind$Hlt                000000000012afd4     NativeLib:native.obj
 0003:00004fe0       $unwind$Cli                000000000012afe0     NativeLib:native.obj
 0003:00004fec       $unwind$Sti                000000000012afec     NativeLib:native.obj
 0003:00004ff8       $unwind$Out8               000000000012aff8     NativeLib:io.obj
 0003:00005004       $unwind$Out16              000000000012b004     NativeLib:io.obj
 0003:00005010       $unwind$Out32              000000000012b010     NativeLib:io.obj
 0003:0000501c       $unwind$In8                000000000012b01c     NativeLib:io.obj
 0003:00005028       $unwind$In16               000000000012b028     NativeLib:io.obj
 0003:00005034       $unwind$In32               000000000012b034     NativeLib:io.obj
 0007:00000000       __A35D206F_concurrencysal@h 000000000023b000     NativeLib:interrupts.obj
 0007:00000001       __214136E8_sal@h           000000000023b001     NativeLib:interrupts.obj
 0007:00000002       __5AA0C567_vadefs@h        000000000023b002     NativeLib:interrupts.obj
 0007:00000003       __7FC264C8_vcruntime@h     000000000023b003     NativeLib:interrupts.obj
 0007:00000004       __22ADAB01_stdint@h        000000000023b004     NativeLib:interrupts.obj
 0007:00000005       __E9554DD4_intrin0@inl@h   000000000023b005     NativeLib:interrupts.obj
 0007:00000006       __B2CE4302_setjmp@h        000000000023b006     NativeLib:interrupts.obj
 0007:00000007       __58942F8F_mmintrin@h      000000000023b007     NativeLib:interrupts.obj
 0007:00000008       __D27BCFBB_corecrt@h       000000000023b008     NativeLib:interrupts.obj
 0007:00000009       __0024AE53_corecrt_malloc@h 000000000023b009     NativeLib:interrupts.obj
 0007:0000000a       __8FEA093F_malloc@h        000000000023b00a     NativeLib:interrupts.obj
 0007:0000000b       __FF17089C_xmmintrin@h     000000000023b00b     NativeLib:interrupts.obj
 0007:0000000c       __9A758150_emmintrin@h     000000000023b00c     NativeLib:interrupts.obj
 0007:0000000d       __45D4E9D9_pmmintrin@h     000000000023b00d     NativeLib:interrupts.obj
 0007:0000000e       __F50D9A5B_tmmintrin@h     000000000023b00e     NativeLib:interrupts.obj
 0007:0000000f       __DC368FD8_smmintrin@h     000000000023b00f     NativeLib:interrupts.obj
 0007:00000010       __B9540614_nmmintrin@h     000000000023b010     NativeLib:interrupts.obj
 0007:00000011       __6CEFFC5A_wmmintrin@h     000000000023b011     NativeLib:interrupts.obj
 0007:00000012       __A77BB15D_zmmintrin@h     000000000023b012     NativeLib:interrupts.obj
 0007:00000013       __906F1397_immintrin@h     000000000023b013     NativeLib:interrupts.obj
 0007:00000014       __2AACF2D2_ammintrin@h     000000000023b014     NativeLib:interrupts.obj
 0007:00000015       __94F8FF75_intrin@h        000000000023b015     NativeLib:interrupts.obj
 0007:00000016       __ABDA38B2_interrupts@cpp  000000000023b016     NativeLib:interrupts.obj
 0007:00000017       __A35D206F_concurrencysal@h 000000000023b017     NativeLib:native.obj
 0007:00000018       __214136E8_sal@h           000000000023b018     NativeLib:native.obj
 0007:00000019       __5AA0C567_vadefs@h        000000000023b019     NativeLib:native.obj
 0007:0000001a       __7FC264C8_vcruntime@h     000000000023b01a     NativeLib:native.obj
 0007:0000001b       __E9554DD4_intrin0@inl@h   000000000023b01b     NativeLib:native.obj
 0007:0000001c       __B2CE4302_setjmp@h        000000000023b01c     NativeLib:native.obj
 0007:0000001d       __58942F8F_mmintrin@h      000000000023b01d     NativeLib:native.obj
 0007:0000001e       __D27BCFBB_corecrt@h       000000000023b01e     NativeLib:native.obj
 0007:0000001f       __0024AE53_corecrt_malloc@h 000000000023b01f     NativeLib:native.obj
 0007:00000020       __8FEA093F_malloc@h        000000000023b020     NativeLib:native.obj
 0007:00000021       __FF17089C_xmmintrin@h     000000000023b021     NativeLib:native.obj
 0007:00000022       __9A758150_emmintrin@h     000000000023b022     NativeLib:native.obj
 0007:00000023       __45D4E9D9_pmmintrin@h     000000000023b023     NativeLib:native.obj
 0007:00000024       __F50D9A5B_tmmintrin@h     000000000023b024     NativeLib:native.obj
 0007:00000025       __DC368FD8_smmintrin@h     000000000023b025     NativeLib:native.obj
 0007:00000026       __B9540614_nmmintrin@h     000000000023b026     NativeLib:native.obj
 0007:00000027       __6CEFFC5A_wmmintrin@h     000000000023b027     NativeLib:native.obj
 0007:00000028       __A77BB15D_zmmintrin@h     000000000023b028     NativeLib:native.obj
 0007:00000029       __906F1397_immintrin@h     000000000023b029     NativeLib:native.obj
 0007:0000002a       __2AACF2D2_ammintrin@h     000000000023b02a     NativeLib:native.obj
 0007:0000002b       __94F8FF75_intrin@h        000000000023b02b     NativeLib:native.obj
 0007:0000002c       __C979C79E_native@cpp      000000000023b02c     NativeLib:native.obj
 0007:0000002d       __A35D206F_concurrencysal@h 000000000023b02d     NativeLib:io.obj
 0007:0000002e       __214136E8_sal@h           000000000023b02e     NativeLib:io.obj
 0007:0000002f       __5AA0C567_vadefs@h        000000000023b02f     NativeLib:io.obj
 0007:00000030       __7FC264C8_vcruntime@h     000000000023b030     NativeLib:io.obj
 0007:00000031       __E9554DD4_intrin0@inl@h   000000000023b031     NativeLib:io.obj
 0007:00000032       __B2CE4302_setjmp@h        000000000023b032     NativeLib:io.obj
 0007:00000033       __58942F8F_mmintrin@h      000000000023b033     NativeLib:io.obj
 0007:00000034       __D27BCFBB_corecrt@h       000000000023b034     NativeLib:io.obj
 0007:00000035       __0024AE53_corecrt_malloc@h 000000000023b035     NativeLib:io.obj
 0007:00000036       __8FEA093F_malloc@h        000000000023b036     NativeLib:io.obj
 0007:00000037       __FF17089C_xmmintrin@h     000000000023b037     NativeLib:io.obj
 0007:00000038       __9A758150_emmintrin@h     000000000023b038     NativeLib:io.obj
 0007:00000039       __45D4E9D9_pmmintrin@h     000000000023b039     NativeLib:io.obj
 0007:0000003a       __F50D9A5B_tmmintrin@h     000000000023b03a     NativeLib:io.obj
 0007:0000003b       __DC368FD8_smmintrin@h     000000000023b03b     NativeLib:io.obj
 0007:0000003c       __B9540614_nmmintrin@h     000000000023b03c     NativeLib:io.obj
 0007:0000003d       __6CEFFC5A_wmmintrin@h     000000000023b03d     NativeLib:io.obj
 0007:0000003e       __A77BB15D_zmmintrin@h     000000000023b03e     NativeLib:io.obj
 0007:0000003f       __906F1397_immintrin@h     000000000023b03f     NativeLib:io.obj
 0007:00000040       __2AACF2D2_ammintrin@h     000000000023b040     NativeLib:io.obj
 0007:00000041       __94F8FF75_intrin@h        000000000023b041     NativeLib:io.obj
 0007:00000042       __C4A8F572_io@cpp          000000000023b042     NativeLib:io.obj
 0008:000000a0       $R000000                   000000000023c0a0     Kernel.res
 0008:000002e8       $R000248                   000000000023c2e8     Kernel.res
