 CosmosKernel1

 Timestamp is 62e3c6bb (Fri Jul 29 19:38:35 2022)

 Preferred load address is 0000000010000000

 Start         Length     Name                   Class
 0001:00000000 00000160H .text                   CODE
 0001:00000160 00013f25H .text$mn                CODE
 0002:00000000 0000002dH .unbox$M                CODE
 0003:00000000 00011811H .managedcode$I          CODE
 0004:00000000 0002e940H .rdata                  DATA
 0004:0002e940 00000034H .rdata$voltmd           DATA
 0004:0002e974 000001a8H .rdata$zzzdbg           DATA
 0004:0002eb1c 00002648H .xdata                  DATA
 0004:00031164 00000000H .edata                  DATA
 0005:00000000 0001b6e0H .data                   DATA
 0005:0001b6e0 001211c0H .bss                    DATA
 0006:00000000 00001290H .pdata                  DATA
 0007:00000000 00000008H .modules$I              DATA
 0008:00000000 00000326H .msvcjmc                DATA
 0009:00000000 000000a0H .rsrc$01                DATA
 0009:000000a0 00000450H .rsrc$02                DATA

  Address         Publics by Value              Rva+Base               Lib:Object

 0000:00000000       __AbsoluteZero             0000000000000000     <absolute>
 0000:00000000       ___safe_se_handler_count   0000000000000000     <absolute>
 0000:00000000       ___safe_se_handler_table   0000000000000000     <absolute>
 0000:00000000       __arm64x_extra_rfe_table   0000000000000000     <absolute>
 0000:00000000       __arm64x_extra_rfe_table_size 0000000000000000     <absolute>
 0000:00000000       __arm64x_native_entrypoint 0000000000000000     <absolute>
 0000:00000000       __arm64x_redirection_metadata 0000000000000000     <absolute>
 0000:00000000       __arm64x_redirection_metadata_count 0000000000000000     <absolute>
 0000:00000000       __dynamic_value_reloc_table 0000000000000000     <absolute>
 0000:00000000       __enclave_config           0000000000000000     <absolute>
 0000:00000000       __guard_check_icall_a64n_fptr 0000000000000000     <absolute>
 0000:00000000       __guard_eh_cont_count      0000000000000000     <absolute>
 0000:00000000       __guard_eh_cont_table      0000000000000000     <absolute>
 0000:00000000       __guard_fids_count         0000000000000000     <absolute>
 0000:00000000       __guard_fids_table         0000000000000000     <absolute>
 0000:00000000       __guard_iat_count          0000000000000000     <absolute>
 0000:00000000       __guard_iat_table          0000000000000000     <absolute>
 0000:00000000       __guard_longjmp_count      0000000000000000     <absolute>
 0000:00000000       __guard_longjmp_table      0000000000000000     <absolute>
 0000:00000000       __hybrid_auxiliary_iat     0000000000000000     <absolute>
 0000:00000000       __hybrid_auxiliary_iat_copy 0000000000000000     <absolute>
 0000:00000000       __hybrid_code_map          0000000000000000     <absolute>
 0000:00000000       __hybrid_code_map_count    0000000000000000     <absolute>
 0000:00000000       __x64_code_ranges_to_entry_points 0000000000000000     <absolute>
 0000:00000000       __x64_code_ranges_to_entry_points_count 0000000000000000     <absolute>
 0000:00000100       __guard_flags              0000000000000100     <absolute>
 0000:00000000       __ImageBase                0000000010000000     <linker-defined>
 0001:00000000       __GetNonGCStaticBase_CosmosKernel1_Allocator 0000000010001000     CosmosKernel1.obj
 0001:00000008       __GetNonGCStaticBase_CosmosKernel1_GDT 0000000010001008     CosmosKernel1.obj
 0001:00000010       __GetNonGCStaticBase_CosmosKernel1_IDT 0000000010001010     CosmosKernel1.obj
 0001:00000018       __GetNonGCStaticBase_CosmosKernel1_Cosmos_System_KeyboardManager 0000000010001018     CosmosKernel1.obj
 0001:00000020       __GetNonGCStaticBase_CosmosKernel1_System_Windows_Forms_Control 0000000010001020     CosmosKernel1.obj
 0001:00000028       __GetNonGCStaticBase_CosmosKernel1_MOOS_Framebuffer 0000000010001028     CosmosKernel1.obj
 0001:00000030       __GetNonGCStaticBase_CosmosKernel1_MOOS_Keyboard 0000000010001030     CosmosKernel1.obj
 0001:00000038       __GetNonGCStaticBase_CosmosKernel1_MOOS_PS2Mouse 0000000010001038     CosmosKernel1.obj
 0001:00000040       __GetNonGCStaticBase_CosmosKernel1_MOOS_RTC 0000000010001040     CosmosKernel1.obj
 0001:00000048       __GetNonGCStaticBase_CosmosKernel1_MOOS_SATA 0000000010001048     CosmosKernel1.obj
 0001:00000050       __GetNonGCStaticBase_CosmosKernel1_MOOS_Console 0000000010001050     CosmosKernel1.obj
 0001:00000058       __GetNonGCStaticBase_CosmosKernel1_MOOS_PageTable 0000000010001058     CosmosKernel1.obj
 0001:00000060       __GetNonGCStaticBase_CosmosKernel1_MOOS_SMP 0000000010001060     CosmosKernel1.obj
 0001:00000068       __GetNonGCStaticBase_CosmosKernel1_MOOS_Misc_GC 0000000010001068     CosmosKernel1.obj
 0001:00000070       __GetNonGCStaticBase_CosmosKernel1_MOOS_Misc_ThreadPool 0000000010001070     CosmosKernel1.obj
 0001:00000078       __GetNonGCStaticBase_CosmosKernel1_MOOS_Driver_ACPI 0000000010001078     CosmosKernel1.obj
 0001:00000080       __GetNonGCStaticBase_CosmosKernel1_MOOS_Driver_HPET 0000000010001080     CosmosKernel1.obj
 0001:00000088       __GetNonGCStaticBase_CosmosKernel1_MOOS_Driver_Timer 0000000010001088     CosmosKernel1.obj
 0001:00000090       __GetNonGCStaticBase_CosmosKernel1_CosmosKernel1_Kernel 0000000010001090     CosmosKernel1.obj
 0001:00000098       __GetGCStaticBase_CosmosKernel1_IDT 0000000010001098     CosmosKernel1.obj
 0001:000000a3       __GetGCStaticBase_CosmosKernel1_System_DateTime 00000000100010a3     CosmosKernel1.obj
 0001:000000ae       __GetGCStaticBase_CosmosKernel1_MOOS_Framebuffer 00000000100010ae     CosmosKernel1.obj
 0001:000000b9       __GetGCStaticBase_CosmosKernel1_MOOS_Keyboard 00000000100010b9     CosmosKernel1.obj
 0001:000000c4       __GetGCStaticBase_CosmosKernel1_MOOS_PCI 00000000100010c4     CosmosKernel1.obj
 0001:000000cf       __GetGCStaticBase_CosmosKernel1_MOOS_PS2Keyboard 00000000100010cf     CosmosKernel1.obj
 0001:000000da       __GetGCStaticBase_CosmosKernel1_MOOS_PS2Mouse 00000000100010da     CosmosKernel1.obj
 0001:000000e5       __GetGCStaticBase_CosmosKernel1_MOOS_SATA 00000000100010e5     CosmosKernel1.obj
 0001:000000f0       __GetGCStaticBase_CosmosKernel1_MOOS_ASC16 00000000100010f0     CosmosKernel1.obj
 0001:000000fb       __GetGCStaticBase_CosmosKernel1_MOOS_Console 00000000100010fb     CosmosKernel1.obj
 0001:00000106       __GetGCStaticBase_CosmosKernel1_MOOS_Misc_Interrupts 0000000010001106     CosmosKernel1.obj
 0001:00000111       __GetGCStaticBase_CosmosKernel1_MOOS_Misc_ThreadPool 0000000010001111     CosmosKernel1.obj
 0001:0000011c       __GetGCStaticBase_CosmosKernel1_MOOS_FS_Disk 000000001000111c     CosmosKernel1.obj
 0001:00000127       __GetGCStaticBase_CosmosKernel1_MOOS_FS_File 0000000010001127     CosmosKernel1.obj
 0001:00000132       __GetGCStaticBase_CosmosKernel1_MOOS_Driver_ACPI 0000000010001132     CosmosKernel1.obj
 0001:0000013d       __GetGCStaticBase_CosmosKernel1_MOOS_Driver_IDE 000000001000113d     CosmosKernel1.obj
 0001:00000148       __GetGCStaticBase_CosmosKernel1_nifanfa_CosmosDrawString_ASC16 0000000010001148     CosmosKernel1.obj
 0001:00000153       __GetGCStaticBase_CosmosKernel1_CosmosKernel1_Kernel 0000000010001153     CosmosKernel1.obj
 0001:00000160       Movsb                      0000000010001160 f   NativeLib:mem.obj
 0001:000001a0       Movsd                      00000000100011a0 f   NativeLib:mem.obj
 0001:000001e0       Stosb                      00000000100011e0 f   NativeLib:mem.obj
 0001:00000230       Stosd                      0000000010001230 f   NativeLib:mem.obj
 0001:00000280       __JustMyCode_Default       0000000010001280 f i NativeLib:mem.obj
 0001:00000290       avx_memcpy                 0000000010001290 f   NativeLib:mem.obj
 0001:00000390       Load_GDT                   0000000010001390 f   NativeLib:interrupts.obj
 0001:000003c0       idt_set                    00000000100013c0 f   NativeLib:interrupts.obj
 0001:000004a0       set_idt_entries            00000000100014a0 f   NativeLib:interrupts.obj
 0001:000023e0       CPUID                      00000000100033e0 f   NativeLib:native.obj
 0001:00002430       Cli                        0000000010003430 f   NativeLib:native.obj
 0001:00002460       Fxrstor64                  0000000010003460 f   NativeLib:native.obj
 0001:00002490       Fxsave64                   0000000010003490 f   NativeLib:native.obj
 0001:000024c0       Hlt                        00000000100034c0 f   NativeLib:native.obj
 0001:000024f0       Invlpg                     00000000100034f0 f   NativeLib:native.obj
 0001:00002520       Nop                        0000000010003520 f   NativeLib:native.obj
 0001:00002540       Rdmsr                      0000000010003540 f   NativeLib:native.obj
 0001:00002570       Rdtsc                      0000000010003570 f   NativeLib:native.obj
 0001:000025a0       ReadCR2                    00000000100035a0 f   NativeLib:native.obj
 0001:000025c0       Sti                        00000000100035c0 f   NativeLib:native.obj
 0001:000025f0       WriteCR3                   00000000100035f0 f   NativeLib:native.obj
 0001:00002620       Wrmsr                      0000000010003620 f   NativeLib:native.obj
 0001:00002660       isr0                       0000000010003660 f   NativeLib:interrupts_asm.obj
 0001:000026a6       isr1                       00000000100036a6 f   NativeLib:interrupts_asm.obj
 0001:000026ec       isr2                       00000000100036ec f   NativeLib:interrupts_asm.obj
 0001:00002732       isr3                       0000000010003732 f   NativeLib:interrupts_asm.obj
 0001:00002778       isr4                       0000000010003778 f   NativeLib:interrupts_asm.obj
 0001:000027be       isr5                       00000000100037be f   NativeLib:interrupts_asm.obj
 0001:00002804       isr6                       0000000010003804 f   NativeLib:interrupts_asm.obj
 0001:0000284a       isr7                       000000001000384a f   NativeLib:interrupts_asm.obj
 0001:00002890       isr8                       0000000010003890 f   NativeLib:interrupts_asm.obj
 0001:000028d6       isr9                       00000000100038d6 f   NativeLib:interrupts_asm.obj
 0001:0000291c       isr10                      000000001000391c f   NativeLib:interrupts_asm.obj
 0001:00002962       isr11                      0000000010003962 f   NativeLib:interrupts_asm.obj
 0001:000029a8       isr12                      00000000100039a8 f   NativeLib:interrupts_asm.obj
 0001:000029ee       isr13                      00000000100039ee f   NativeLib:interrupts_asm.obj
 0001:00002a34       isr14                      0000000010003a34 f   NativeLib:interrupts_asm.obj
 0001:00002a7a       isr15                      0000000010003a7a f   NativeLib:interrupts_asm.obj
 0001:00002ac0       isr16                      0000000010003ac0 f   NativeLib:interrupts_asm.obj
 0001:00002b06       isr17                      0000000010003b06 f   NativeLib:interrupts_asm.obj
 0001:00002b4c       isr18                      0000000010003b4c f   NativeLib:interrupts_asm.obj
 0001:00002b92       isr19                      0000000010003b92 f   NativeLib:interrupts_asm.obj
 0001:00002bd8       isr20                      0000000010003bd8 f   NativeLib:interrupts_asm.obj
 0001:00002c1e       isr21                      0000000010003c1e f   NativeLib:interrupts_asm.obj
 0001:00002c64       isr22                      0000000010003c64 f   NativeLib:interrupts_asm.obj
 0001:00002caa       isr23                      0000000010003caa f   NativeLib:interrupts_asm.obj
 0001:00002cf0       isr24                      0000000010003cf0 f   NativeLib:interrupts_asm.obj
 0001:00002d36       isr25                      0000000010003d36 f   NativeLib:interrupts_asm.obj
 0001:00002d7c       isr26                      0000000010003d7c f   NativeLib:interrupts_asm.obj
 0001:00002dc2       isr27                      0000000010003dc2 f   NativeLib:interrupts_asm.obj
 0001:00002e08       isr28                      0000000010003e08 f   NativeLib:interrupts_asm.obj
 0001:00002e4e       isr29                      0000000010003e4e f   NativeLib:interrupts_asm.obj
 0001:00002e94       isr30                      0000000010003e94 f   NativeLib:interrupts_asm.obj
 0001:00002eda       isr31                      0000000010003eda f   NativeLib:interrupts_asm.obj
 0001:00002f20       isr128                     0000000010003f20 f   NativeLib:interrupts_asm.obj
 0001:00002f69       irq0                       0000000010003f69 f   NativeLib:interrupts_asm.obj
 0001:00002faf       irq1                       0000000010003faf f   NativeLib:interrupts_asm.obj
 0001:00002ff5       irq2                       0000000010003ff5 f   NativeLib:interrupts_asm.obj
 0001:0000303b       irq3                       000000001000403b f   NativeLib:interrupts_asm.obj
 0001:00003081       irq4                       0000000010004081 f   NativeLib:interrupts_asm.obj
 0001:000030c7       irq5                       00000000100040c7 f   NativeLib:interrupts_asm.obj
 0001:0000310d       irq6                       000000001000410d f   NativeLib:interrupts_asm.obj
 0001:00003153       irq7                       0000000010004153 f   NativeLib:interrupts_asm.obj
 0001:00003199       irq8                       0000000010004199 f   NativeLib:interrupts_asm.obj
 0001:000031df       irq9                       00000000100041df f   NativeLib:interrupts_asm.obj
 0001:00003225       irq10                      0000000010004225 f   NativeLib:interrupts_asm.obj
 0001:0000326b       irq11                      000000001000426b f   NativeLib:interrupts_asm.obj
 0001:000032b1       irq12                      00000000100042b1 f   NativeLib:interrupts_asm.obj
 0001:000032f7       irq13                      00000000100042f7 f   NativeLib:interrupts_asm.obj
 0001:0000333d       irq14                      000000001000433d f   NativeLib:interrupts_asm.obj
 0001:00003383       irq15                      0000000010004383 f   NativeLib:interrupts_asm.obj
 0001:000033c9       irq16                      00000000100043c9 f   NativeLib:interrupts_asm.obj
 0001:0000340f       irq17                      000000001000440f f   NativeLib:interrupts_asm.obj
 0001:00003455       irq18                      0000000010004455 f   NativeLib:interrupts_asm.obj
 0001:0000349b       irq19                      000000001000449b f   NativeLib:interrupts_asm.obj
 0001:000034e1       irq20                      00000000100044e1 f   NativeLib:interrupts_asm.obj
 0001:00003527       irq21                      0000000010004527 f   NativeLib:interrupts_asm.obj
 0001:0000356d       irq22                      000000001000456d f   NativeLib:interrupts_asm.obj
 0001:000035b3       irq23                      00000000100045b3 f   NativeLib:interrupts_asm.obj
 0001:000035f9       irq24                      00000000100045f9 f   NativeLib:interrupts_asm.obj
 0001:0000363f       irq25                      000000001000463f f   NativeLib:interrupts_asm.obj
 0001:00003685       irq26                      0000000010004685 f   NativeLib:interrupts_asm.obj
 0001:000036cb       irq27                      00000000100046cb f   NativeLib:interrupts_asm.obj
 0001:00003711       irq28                      0000000010004711 f   NativeLib:interrupts_asm.obj
 0001:00003757       irq29                      0000000010004757 f   NativeLib:interrupts_asm.obj
 0001:0000379d       irq30                      000000001000479d f   NativeLib:interrupts_asm.obj
 0001:000037e3       irq31                      00000000100047e3 f   NativeLib:interrupts_asm.obj
 0001:00003829       irq32                      0000000010004829 f   NativeLib:interrupts_asm.obj
 0001:0000386f       irq33                      000000001000486f f   NativeLib:interrupts_asm.obj
 0001:000038b5       irq34                      00000000100048b5 f   NativeLib:interrupts_asm.obj
 0001:000038fb       irq35                      00000000100048fb f   NativeLib:interrupts_asm.obj
 0001:00003941       irq36                      0000000010004941 f   NativeLib:interrupts_asm.obj
 0001:00003987       irq37                      0000000010004987 f   NativeLib:interrupts_asm.obj
 0001:000039cd       irq38                      00000000100049cd f   NativeLib:interrupts_asm.obj
 0001:00003a13       irq39                      0000000010004a13 f   NativeLib:interrupts_asm.obj
 0001:00003a59       irq40                      0000000010004a59 f   NativeLib:interrupts_asm.obj
 0001:00003a9f       irq41                      0000000010004a9f f   NativeLib:interrupts_asm.obj
 0001:00003ae5       irq42                      0000000010004ae5 f   NativeLib:interrupts_asm.obj
 0001:00003b2b       irq43                      0000000010004b2b f   NativeLib:interrupts_asm.obj
 0001:00003b71       irq44                      0000000010004b71 f   NativeLib:interrupts_asm.obj
 0001:00003bb7       irq45                      0000000010004bb7 f   NativeLib:interrupts_asm.obj
 0001:00003bfd       irq46                      0000000010004bfd f   NativeLib:interrupts_asm.obj
 0001:00003c43       irq47                      0000000010004c43 f   NativeLib:interrupts_asm.obj
 0001:00003c89       irq48                      0000000010004c89 f   NativeLib:interrupts_asm.obj
 0001:00003ccf       irq49                      0000000010004ccf f   NativeLib:interrupts_asm.obj
 0001:00003d15       irq50                      0000000010004d15 f   NativeLib:interrupts_asm.obj
 0001:00003d5b       irq51                      0000000010004d5b f   NativeLib:interrupts_asm.obj
 0001:00003da1       irq52                      0000000010004da1 f   NativeLib:interrupts_asm.obj
 0001:00003de7       irq53                      0000000010004de7 f   NativeLib:interrupts_asm.obj
 0001:00003e2d       irq54                      0000000010004e2d f   NativeLib:interrupts_asm.obj
 0001:00003e73       irq55                      0000000010004e73 f   NativeLib:interrupts_asm.obj
 0001:00003eb9       irq56                      0000000010004eb9 f   NativeLib:interrupts_asm.obj
 0001:00003eff       irq57                      0000000010004eff f   NativeLib:interrupts_asm.obj
 0001:00003f45       irq58                      0000000010004f45 f   NativeLib:interrupts_asm.obj
 0001:00003f8b       irq59                      0000000010004f8b f   NativeLib:interrupts_asm.obj
 0001:00003fd1       irq60                      0000000010004fd1 f   NativeLib:interrupts_asm.obj
 0001:00004017       irq61                      0000000010005017 f   NativeLib:interrupts_asm.obj
 0001:0000405d       irq62                      000000001000505d f   NativeLib:interrupts_asm.obj
 0001:000040a3       irq63                      00000000100050a3 f   NativeLib:interrupts_asm.obj
 0001:000040e9       irq64                      00000000100050e9 f   NativeLib:interrupts_asm.obj
 0001:0000412f       irq65                      000000001000512f f   NativeLib:interrupts_asm.obj
 0001:00004175       irq66                      0000000010005175 f   NativeLib:interrupts_asm.obj
 0001:000041bb       irq67                      00000000100051bb f   NativeLib:interrupts_asm.obj
 0001:00004201       irq68                      0000000010005201 f   NativeLib:interrupts_asm.obj
 0001:00004247       irq69                      0000000010005247 f   NativeLib:interrupts_asm.obj
 0001:0000428d       irq70                      000000001000528d f   NativeLib:interrupts_asm.obj
 0001:000042d3       irq71                      00000000100052d3 f   NativeLib:interrupts_asm.obj
 0001:00004319       irq72                      0000000010005319 f   NativeLib:interrupts_asm.obj
 0001:0000435f       irq73                      000000001000535f f   NativeLib:interrupts_asm.obj
 0001:000043a5       irq74                      00000000100053a5 f   NativeLib:interrupts_asm.obj
 0001:000043eb       irq75                      00000000100053eb f   NativeLib:interrupts_asm.obj
 0001:00004431       irq76                      0000000010005431 f   NativeLib:interrupts_asm.obj
 0001:00004477       irq77                      0000000010005477 f   NativeLib:interrupts_asm.obj
 0001:000044bd       irq78                      00000000100054bd f   NativeLib:interrupts_asm.obj
 0001:00004503       irq79                      0000000010005503 f   NativeLib:interrupts_asm.obj
 0001:00004549       irq80                      0000000010005549 f   NativeLib:interrupts_asm.obj
 0001:0000458f       irq81                      000000001000558f f   NativeLib:interrupts_asm.obj
 0001:000045d5       irq82                      00000000100055d5 f   NativeLib:interrupts_asm.obj
 0001:0000461b       irq83                      000000001000561b f   NativeLib:interrupts_asm.obj
 0001:00004661       irq84                      0000000010005661 f   NativeLib:interrupts_asm.obj
 0001:000046a7       irq85                      00000000100056a7 f   NativeLib:interrupts_asm.obj
 0001:000046ed       irq86                      00000000100056ed f   NativeLib:interrupts_asm.obj
 0001:00004733       irq87                      0000000010005733 f   NativeLib:interrupts_asm.obj
 0001:00004779       irq88                      0000000010005779 f   NativeLib:interrupts_asm.obj
 0001:000047bf       irq89                      00000000100057bf f   NativeLib:interrupts_asm.obj
 0001:00004805       irq90                      0000000010005805 f   NativeLib:interrupts_asm.obj
 0001:0000484b       irq91                      000000001000584b f   NativeLib:interrupts_asm.obj
 0001:00004891       irq92                      0000000010005891 f   NativeLib:interrupts_asm.obj
 0001:000048d7       irq93                      00000000100058d7 f   NativeLib:interrupts_asm.obj
 0001:0000491d       irq94                      000000001000591d f   NativeLib:interrupts_asm.obj
 0001:00004963       irq95                      0000000010005963 f   NativeLib:interrupts_asm.obj
 0001:000049a9       irq96                      00000000100059a9 f   NativeLib:interrupts_asm.obj
 0001:000049ef       irq97                      00000000100059ef f   NativeLib:interrupts_asm.obj
 0001:00004a35       irq98                      0000000010005a35 f   NativeLib:interrupts_asm.obj
 0001:00004a7b       irq99                      0000000010005a7b f   NativeLib:interrupts_asm.obj
 0001:00004ac1       irq100                     0000000010005ac1 f   NativeLib:interrupts_asm.obj
 0001:00004b07       irq101                     0000000010005b07 f   NativeLib:interrupts_asm.obj
 0001:00004b4d       irq102                     0000000010005b4d f   NativeLib:interrupts_asm.obj
 0001:00004b93       irq103                     0000000010005b93 f   NativeLib:interrupts_asm.obj
 0001:00004bd9       irq104                     0000000010005bd9 f   NativeLib:interrupts_asm.obj
 0001:00004c1f       irq105                     0000000010005c1f f   NativeLib:interrupts_asm.obj
 0001:00004c65       irq106                     0000000010005c65 f   NativeLib:interrupts_asm.obj
 0001:00004cab       irq107                     0000000010005cab f   NativeLib:interrupts_asm.obj
 0001:00004cf1       irq108                     0000000010005cf1 f   NativeLib:interrupts_asm.obj
 0001:00004d37       irq109                     0000000010005d37 f   NativeLib:interrupts_asm.obj
 0001:00004d7d       irq110                     0000000010005d7d f   NativeLib:interrupts_asm.obj
 0001:00004dc3       irq111                     0000000010005dc3 f   NativeLib:interrupts_asm.obj
 0001:00004e09       irq112                     0000000010005e09 f   NativeLib:interrupts_asm.obj
 0001:00004e4f       irq113                     0000000010005e4f f   NativeLib:interrupts_asm.obj
 0001:00004e95       irq114                     0000000010005e95 f   NativeLib:interrupts_asm.obj
 0001:00004edb       irq115                     0000000010005edb f   NativeLib:interrupts_asm.obj
 0001:00004f21       irq116                     0000000010005f21 f   NativeLib:interrupts_asm.obj
 0001:00004f67       irq117                     0000000010005f67 f   NativeLib:interrupts_asm.obj
 0001:00004fad       irq118                     0000000010005fad f   NativeLib:interrupts_asm.obj
 0001:00004ff3       irq119                     0000000010005ff3 f   NativeLib:interrupts_asm.obj
 0001:00005039       irq120                     0000000010006039 f   NativeLib:interrupts_asm.obj
 0001:0000507f       irq121                     000000001000607f f   NativeLib:interrupts_asm.obj
 0001:000050c5       irq122                     00000000100060c5 f   NativeLib:interrupts_asm.obj
 0001:0000510b       irq123                     000000001000610b f   NativeLib:interrupts_asm.obj
 0001:00005151       irq124                     0000000010006151 f   NativeLib:interrupts_asm.obj
 0001:00005197       irq125                     0000000010006197 f   NativeLib:interrupts_asm.obj
 0001:000051dd       irq126                     00000000100061dd f   NativeLib:interrupts_asm.obj
 0001:00005223       irq127                     0000000010006223 f   NativeLib:interrupts_asm.obj
 0001:00005269       irq128                     0000000010006269 f   NativeLib:interrupts_asm.obj
 0001:000052b2       irq129                     00000000100062b2 f   NativeLib:interrupts_asm.obj
 0001:000052fb       irq130                     00000000100062fb f   NativeLib:interrupts_asm.obj
 0001:00005344       irq131                     0000000010006344 f   NativeLib:interrupts_asm.obj
 0001:0000538d       irq132                     000000001000638d f   NativeLib:interrupts_asm.obj
 0001:000053d6       irq133                     00000000100063d6 f   NativeLib:interrupts_asm.obj
 0001:0000541f       irq134                     000000001000641f f   NativeLib:interrupts_asm.obj
 0001:00005468       irq135                     0000000010006468 f   NativeLib:interrupts_asm.obj
 0001:000054b1       irq136                     00000000100064b1 f   NativeLib:interrupts_asm.obj
 0001:000054fa       irq137                     00000000100064fa f   NativeLib:interrupts_asm.obj
 0001:00005543       irq138                     0000000010006543 f   NativeLib:interrupts_asm.obj
 0001:0000558c       irq139                     000000001000658c f   NativeLib:interrupts_asm.obj
 0001:000055d5       irq140                     00000000100065d5 f   NativeLib:interrupts_asm.obj
 0001:0000561e       irq141                     000000001000661e f   NativeLib:interrupts_asm.obj
 0001:00005667       irq142                     0000000010006667 f   NativeLib:interrupts_asm.obj
 0001:000056b0       irq143                     00000000100066b0 f   NativeLib:interrupts_asm.obj
 0001:000056f9       irq144                     00000000100066f9 f   NativeLib:interrupts_asm.obj
 0001:00005742       irq145                     0000000010006742 f   NativeLib:interrupts_asm.obj
 0001:0000578b       irq146                     000000001000678b f   NativeLib:interrupts_asm.obj
 0001:000057d4       irq147                     00000000100067d4 f   NativeLib:interrupts_asm.obj
 0001:0000581d       irq148                     000000001000681d f   NativeLib:interrupts_asm.obj
 0001:00005866       irq149                     0000000010006866 f   NativeLib:interrupts_asm.obj
 0001:000058af       irq150                     00000000100068af f   NativeLib:interrupts_asm.obj
 0001:000058f8       irq151                     00000000100068f8 f   NativeLib:interrupts_asm.obj
 0001:00005941       irq152                     0000000010006941 f   NativeLib:interrupts_asm.obj
 0001:0000598a       irq153                     000000001000698a f   NativeLib:interrupts_asm.obj
 0001:000059d3       irq154                     00000000100069d3 f   NativeLib:interrupts_asm.obj
 0001:00005a1c       irq155                     0000000010006a1c f   NativeLib:interrupts_asm.obj
 0001:00005a65       irq156                     0000000010006a65 f   NativeLib:interrupts_asm.obj
 0001:00005aae       irq157                     0000000010006aae f   NativeLib:interrupts_asm.obj
 0001:00005af7       irq158                     0000000010006af7 f   NativeLib:interrupts_asm.obj
 0001:00005b40       irq159                     0000000010006b40 f   NativeLib:interrupts_asm.obj
 0001:00005b89       irq160                     0000000010006b89 f   NativeLib:interrupts_asm.obj
 0001:00005bd2       irq161                     0000000010006bd2 f   NativeLib:interrupts_asm.obj
 0001:00005c1b       irq162                     0000000010006c1b f   NativeLib:interrupts_asm.obj
 0001:00005c64       irq163                     0000000010006c64 f   NativeLib:interrupts_asm.obj
 0001:00005cad       irq164                     0000000010006cad f   NativeLib:interrupts_asm.obj
 0001:00005cf6       irq165                     0000000010006cf6 f   NativeLib:interrupts_asm.obj
 0001:00005d3f       irq166                     0000000010006d3f f   NativeLib:interrupts_asm.obj
 0001:00005d88       irq167                     0000000010006d88 f   NativeLib:interrupts_asm.obj
 0001:00005dd1       irq168                     0000000010006dd1 f   NativeLib:interrupts_asm.obj
 0001:00005e1a       irq169                     0000000010006e1a f   NativeLib:interrupts_asm.obj
 0001:00005e63       irq170                     0000000010006e63 f   NativeLib:interrupts_asm.obj
 0001:00005eac       irq171                     0000000010006eac f   NativeLib:interrupts_asm.obj
 0001:00005ef5       irq172                     0000000010006ef5 f   NativeLib:interrupts_asm.obj
 0001:00005f3e       irq173                     0000000010006f3e f   NativeLib:interrupts_asm.obj
 0001:00005f87       irq174                     0000000010006f87 f   NativeLib:interrupts_asm.obj
 0001:00005fd0       irq175                     0000000010006fd0 f   NativeLib:interrupts_asm.obj
 0001:00006019       irq176                     0000000010007019 f   NativeLib:interrupts_asm.obj
 0001:00006062       irq177                     0000000010007062 f   NativeLib:interrupts_asm.obj
 0001:000060ab       irq178                     00000000100070ab f   NativeLib:interrupts_asm.obj
 0001:000060f4       irq179                     00000000100070f4 f   NativeLib:interrupts_asm.obj
 0001:0000613d       irq180                     000000001000713d f   NativeLib:interrupts_asm.obj
 0001:00006186       irq181                     0000000010007186 f   NativeLib:interrupts_asm.obj
 0001:000061cf       irq182                     00000000100071cf f   NativeLib:interrupts_asm.obj
 0001:00006218       irq183                     0000000010007218 f   NativeLib:interrupts_asm.obj
 0001:00006261       irq184                     0000000010007261 f   NativeLib:interrupts_asm.obj
 0001:000062aa       irq185                     00000000100072aa f   NativeLib:interrupts_asm.obj
 0001:000062f3       irq186                     00000000100072f3 f   NativeLib:interrupts_asm.obj
 0001:0000633c       irq187                     000000001000733c f   NativeLib:interrupts_asm.obj
 0001:00006385       irq188                     0000000010007385 f   NativeLib:interrupts_asm.obj
 0001:000063ce       irq189                     00000000100073ce f   NativeLib:interrupts_asm.obj
 0001:00006417       irq190                     0000000010007417 f   NativeLib:interrupts_asm.obj
 0001:00006460       irq191                     0000000010007460 f   NativeLib:interrupts_asm.obj
 0001:000064a9       irq192                     00000000100074a9 f   NativeLib:interrupts_asm.obj
 0001:000064f2       irq193                     00000000100074f2 f   NativeLib:interrupts_asm.obj
 0001:0000653b       irq194                     000000001000753b f   NativeLib:interrupts_asm.obj
 0001:00006584       irq195                     0000000010007584 f   NativeLib:interrupts_asm.obj
 0001:000065cd       irq196                     00000000100075cd f   NativeLib:interrupts_asm.obj
 0001:00006616       irq197                     0000000010007616 f   NativeLib:interrupts_asm.obj
 0001:0000665f       irq198                     000000001000765f f   NativeLib:interrupts_asm.obj
 0001:000066a8       irq199                     00000000100076a8 f   NativeLib:interrupts_asm.obj
 0001:000066f1       irq200                     00000000100076f1 f   NativeLib:interrupts_asm.obj
 0001:0000673a       irq201                     000000001000773a f   NativeLib:interrupts_asm.obj
 0001:00006783       irq202                     0000000010007783 f   NativeLib:interrupts_asm.obj
 0001:000067cc       irq203                     00000000100077cc f   NativeLib:interrupts_asm.obj
 0001:00006815       irq204                     0000000010007815 f   NativeLib:interrupts_asm.obj
 0001:0000685e       irq205                     000000001000785e f   NativeLib:interrupts_asm.obj
 0001:000068a7       irq206                     00000000100078a7 f   NativeLib:interrupts_asm.obj
 0001:000068f0       irq207                     00000000100078f0 f   NativeLib:interrupts_asm.obj
 0001:00006939       irq208                     0000000010007939 f   NativeLib:interrupts_asm.obj
 0001:00006982       irq209                     0000000010007982 f   NativeLib:interrupts_asm.obj
 0001:000069cb       irq210                     00000000100079cb f   NativeLib:interrupts_asm.obj
 0001:00006a14       irq211                     0000000010007a14 f   NativeLib:interrupts_asm.obj
 0001:00006a5d       irq212                     0000000010007a5d f   NativeLib:interrupts_asm.obj
 0001:00006aa6       irq213                     0000000010007aa6 f   NativeLib:interrupts_asm.obj
 0001:00006aef       irq214                     0000000010007aef f   NativeLib:interrupts_asm.obj
 0001:00006b38       irq215                     0000000010007b38 f   NativeLib:interrupts_asm.obj
 0001:00006b81       irq216                     0000000010007b81 f   NativeLib:interrupts_asm.obj
 0001:00006bca       irq217                     0000000010007bca f   NativeLib:interrupts_asm.obj
 0001:00006c13       irq218                     0000000010007c13 f   NativeLib:interrupts_asm.obj
 0001:00006c5c       irq219                     0000000010007c5c f   NativeLib:interrupts_asm.obj
 0001:00006ca5       irq220                     0000000010007ca5 f   NativeLib:interrupts_asm.obj
 0001:00006cee       irq221                     0000000010007cee f   NativeLib:interrupts_asm.obj
 0001:00006d37       irq222                     0000000010007d37 f   NativeLib:interrupts_asm.obj
 0001:00006d80       irq223                     0000000010007d80 f   NativeLib:interrupts_asm.obj
 0001:00006dc9       _reload_segreg             0000000010007dc9 f   NativeLib:interrupts_asm.obj
 0001:00006df0       Load_IDT                   0000000010007df0 f   NativeLib:interrupts_asm.obj
 0001:00006df4       _cli                       0000000010007df4 f   NativeLib:interrupts_asm.obj
 0001:00006df6       _sti                       0000000010007df6 f   NativeLib:interrupts_asm.obj
 0001:00006df8       _hlt                       0000000010007df8 f   NativeLib:interrupts_asm.obj
 0001:00006dfa       _inttest                   0000000010007dfa f   NativeLib:interrupts_asm.obj
 0001:00006e04       _iretq                     0000000010007e04 f   NativeLib:interrupts_asm.obj
 0001:00006e1f       _int20h                    0000000010007e1f f   NativeLib:interrupts_asm.obj
 0001:00006e30       In16                       0000000010007e30 f   NativeLib:io.obj
 0001:00006e60       In32                       0000000010007e60 f   NativeLib:io.obj
 0001:00006e90       In8                        0000000010007e90 f   NativeLib:io.obj
 0001:00006ec0       Insb                       0000000010007ec0 f   NativeLib:io.obj
 0001:00006f00       Insd                       0000000010007f00 f   NativeLib:io.obj
 0001:00006f40       Insw                       0000000010007f40 f   NativeLib:io.obj
 0001:00006f80       Out16                      0000000010007f80 f   NativeLib:io.obj
 0001:00006fb0       Out32                      0000000010007fb0 f   NativeLib:io.obj
 0001:00006fe0       Out8                       0000000010007fe0 f   NativeLib:io.obj
 0001:00007010       Outsb                      0000000010008010 f   NativeLib:io.obj
 0001:00007050       Outsd                      0000000010008050 f   NativeLib:io.obj
 0001:00007090       Outsw                      0000000010008090 f   NativeLib:io.obj
 0001:000070d0       enable_avx                 00000000100080d0 f   NativeLib:misc.obj
 0001:000070e3       enable_sse                 00000000100080e3 f   NativeLib:misc.obj
 0001:000070f6       Schedule_Next              00000000100080f6 f   NativeLib:misc.obj
 0001:00007110       fatfs_init                 0000000010008110 f   NativeLib:fatfs.obj
 0001:00007190       format_exfat               0000000010008190 f   NativeLib:fatfs.obj
 0001:00007210       get_files                  0000000010008210 f   NativeLib:fatfs.obj
 0001:00007350       read_all_bytes             0000000010008350 f   NativeLib:fatfs.obj
 0001:00007410       write_all_bytes            0000000010008410 f   NativeLib:fatfs.obj
 0001:000097c0       f_close                    000000001000a7c0 f   NativeLib:ff.obj
 0001:00009820       f_closedir                 000000001000a820 f   NativeLib:ff.obj
 0001:00009870       f_getfree                  000000001000a870 f   NativeLib:ff.obj
 0001:00009b50       f_lseek                    000000001000ab50 f   NativeLib:ff.obj
 0001:0000a090       f_mkdir                    000000001000b090 f   NativeLib:ff.obj
 0001:0000a3d0       f_mkfs                     000000001000b3d0 f   NativeLib:ff.obj
 0001:0000bf80       f_mount                    000000001000cf80 f   NativeLib:ff.obj
 0001:0000c040       f_open                     000000001000d040 f   NativeLib:ff.obj
 0001:0000c700       f_opendir                  000000001000d700 f   NativeLib:ff.obj
 0001:0000c8c0       f_read                     000000001000d8c0 f   NativeLib:ff.obj
 0001:0000cd20       f_readdir                  000000001000dd20 f   NativeLib:ff.obj
 0001:0000cdd0       f_rename                   000000001000ddd0 f   NativeLib:ff.obj
 0001:0000d290       f_stat                     000000001000e290 f   NativeLib:ff.obj
 0001:0000d330       f_sync                     000000001000e330 f   NativeLib:ff.obj
 0001:0000d680       f_truncate                 000000001000e680 f   NativeLib:ff.obj
 0001:0000d830       f_unlink                   000000001000e830 f   NativeLib:ff.obj
 0001:0000da70       f_write                    000000001000ea70 f   NativeLib:ff.obj
 0001:000112a0       ff_oem2uni                 00000000100122a0 f   NativeLib:ffunicode.obj
 0001:000113b0       ff_uni2oem                 00000000100123b0 f   NativeLib:ffunicode.obj
 0001:000114c0       ff_wtoupper                00000000100124c0 f   NativeLib:ffunicode.obj
 0001:00011690       disk_initialize            0000000010012690 f   NativeLib:diskio.obj
 0001:000116c0       disk_ioctl                 00000000100126c0 f   NativeLib:diskio.obj
 0001:00011740       disk_read                  0000000010012740 f   NativeLib:diskio.obj
 0001:00011780       disk_status                0000000010012780 f   NativeLib:diskio.obj
 0001:000117b0       disk_write                 00000000100127b0 f   NativeLib:diskio.obj
 0001:00013e30       fctprintf                  0000000010014e30 f   LibC:printf.obj
 0001:00013eb0       printf_                    0000000010014eb0 f   LibC:printf.obj
 0001:00013f20       snprintf_                  0000000010014f20 f   LibC:printf.obj
 0001:00013f80       sprintf_                   0000000010014f80 f   LibC:printf.obj
 0001:00013ff0       vprintf_                   0000000010014ff0 f   LibC:printf.obj
 0001:00014040       vsnprintf_                 0000000010015040 f   LibC:printf.obj
 0002:00000000       unbox_Int32__ToString      0000000010016000     CosmosKernel1.obj
 0002:0000000c       unbox_UInt16__ToString     000000001001600c     CosmosKernel1.obj
 0002:00000018       unbox_UInt32__ToString     0000000010016018     CosmosKernel1.obj
 0002:00000024       unbox_UInt64__ToString     0000000010016024     CosmosKernel1.obj
 0003:00000000       CosmosKernel1_Allocator__GetPageIndexStart 0000000010017000     CosmosKernel1.obj
 0003:00000054       CosmosKernel1_Allocator__Free 0000000010017054     CosmosKernel1.obj
 0003:000001a4       CosmosKernel1_Allocator__Initialize 00000000100171a4     CosmosKernel1.obj
 0003:00000238       CosmosKernel1_Allocator__Allocate 0000000010017238     CosmosKernel1.obj
 0003:000003ec       CosmosKernel1_Allocator__Reallocate 00000000100173ec     CosmosKernel1.obj
 0003:000004e4       CosmosKernel1_GDT__Initialise 00000000100174e4     CosmosKernel1.obj
 0003:000005c0       CosmosKernel1_IDT__Initialize 00000000100175c0     CosmosKernel1.obj
 0003:000006b4       CosmosKernel1_IDT__ExceptionHandler 00000000100176b4     CosmosKernel1.obj
 0003:000006b4       exception_handler          00000000100176b4     CosmosKernel1.obj
 0003:00000c84       CosmosKernel1_IDT__IRQHandler 0000000010017c84     CosmosKernel1.obj
 0003:00000c84       irq_handler                0000000010017c84     CosmosKernel1.obj
 0003:00000dc4       CosmosKernel1_Native__Load_GDT 0000000010017dc4     CosmosKernel1.obj
 0003:00000e18       CosmosKernel1_Native__Load_IDT 0000000010017e18     CosmosKernel1.obj
 0003:00000e6c       CosmosKernel1_Cosmos_System_Kernel__BeforeRun 0000000010017e6c     CosmosKernel1.obj
 0003:00000e70       CosmosKernel1_Cosmos_System_Kernel__Run 0000000010017e70     CosmosKernel1.obj
 0003:00000e74       CosmosKernel1_Cosmos_System_Kernel___ctor 0000000010017e74     CosmosKernel1.obj
 0003:00000e78       CosmosKernel1_Cosmos_System_KeyboardManager__TryReadKey 0000000010017e78     CosmosKernel1.obj
 0003:00000ed8       CosmosKernel1_Cosmos_System_Graphics_Bitmap___ctor 0000000010017ed8     CosmosKernel1.obj
 0003:00000f34       CosmosKernel1_Cosmos_System_Graphics_Canvas___ctor 0000000010017f34     CosmosKernel1.obj
 0003:00000f40       CosmosKernel1_Cosmos_System_Graphics_Canvas__DrawImage 0000000010017f40     CosmosKernel1.obj
 0003:00000fcc       CosmosKernel1_Cosmos_System_Graphics_Image___ctor 0000000010017fcc     CosmosKernel1.obj
 0003:00000fd0       CosmosKernel1_Internal_Runtime_EEType__get_IsArray 0000000010017fd0     CosmosKernel1.obj
 0003:00000ff4       CosmosKernel1_Internal_Runtime_EEType__get_ArrayRank 0000000010017ff4     CosmosKernel1.obj
 0003:00001014       CosmosKernel1_Internal_Runtime_CompilerHelpers_StartupCodeHelpers____imp_GetCurrentThreadId 0000000010018014     CosmosKernel1.obj
 0003:00001014       __imp_GetCurrentThreadId   0000000010018014     CosmosKernel1.obj
 0003:00001018       CosmosKernel1_Internal_Runtime_CompilerHelpers_StartupCodeHelpers____CheckForDebuggerJustMyCode 0000000010018018     CosmosKernel1.obj
 0003:00001018       __CheckForDebuggerJustMyCode 0000000010018018     CosmosKernel1.obj
 0003:0000101c       CosmosKernel1_Internal_Runtime_CompilerHelpers_StartupCodeHelpers__FailFast 000000001001801c     CosmosKernel1.obj
 0003:0000101c       __fail_fast                000000001001801c     CosmosKernel1.obj
 0003:00001020       CosmosKernel1_Internal_Runtime_CompilerHelpers_StartupCodeHelpers__MemSet 0000000010018020     CosmosKernel1.obj
 0003:00001020       memset                     0000000010018020     CosmosKernel1.obj
 0003:0000103c       CosmosKernel1_Internal_Runtime_CompilerHelpers_StartupCodeHelpers__MemCpy 000000001001803c     CosmosKernel1.obj
 0003:0000103c       memcpy                     000000001001803c     CosmosKernel1.obj
 0003:00001058       CosmosKernel1_Internal_Runtime_CompilerHelpers_StartupCodeHelpers__RhpFallbackFailFast 0000000010018058     CosmosKernel1.obj
 0003:00001058       RhpFallbackFailFast        0000000010018058     CosmosKernel1.obj
 0003:0000105c       CosmosKernel1_Internal_Runtime_CompilerHelpers_StartupCodeHelpers__RhpReversePInvoke2 000000001001805c     CosmosKernel1.obj
 0003:0000105c       RhpReversePInvoke2         000000001001805c     CosmosKernel1.obj
 0003:00001060       CosmosKernel1_Internal_Runtime_CompilerHelpers_StartupCodeHelpers__RhpReversePInvokeReturn2 0000000010018060     CosmosKernel1.obj
 0003:00001060       RhpReversePInvokeReturn2   0000000010018060     CosmosKernel1.obj
 0003:00001064       CosmosKernel1_Internal_Runtime_CompilerHelpers_StartupCodeHelpers__RhpReversePInvoke 0000000010018064     CosmosKernel1.obj
 0003:00001064       RhpReversePInvoke          0000000010018064     CosmosKernel1.obj
 0003:00001068       CosmosKernel1_Internal_Runtime_CompilerHelpers_StartupCodeHelpers__RhpReversePInvokeReturn 0000000010018068     CosmosKernel1.obj
 0003:00001068       RhpReversePInvokeReturn    0000000010018068     CosmosKernel1.obj
 0003:0000106c       CosmosKernel1_Internal_Runtime_CompilerHelpers_StartupCodeHelpers__RhpPinvoke 000000001001806c     CosmosKernel1.obj
 0003:0000106c       RhpPInvoke                 000000001001806c     CosmosKernel1.obj
 0003:00001070       CosmosKernel1_Internal_Runtime_CompilerHelpers_StartupCodeHelpers__RhpPinvokeReturn 0000000010018070     CosmosKernel1.obj
 0003:00001070       RhpPInvokeReturn           0000000010018070     CosmosKernel1.obj
 0003:00001074       CosmosKernel1_Internal_Runtime_CompilerHelpers_StartupCodeHelpers__RhpNewFast 0000000010018074     CosmosKernel1.obj
 0003:00001074       RhpNewFast                 0000000010018074     CosmosKernel1.obj
 0003:00001100       CosmosKernel1_Internal_Runtime_CompilerHelpers_StartupCodeHelpers__RhpNewArray 0000000010018100     CosmosKernel1.obj
 0003:00001100       RhpNewArray                0000000010018100     CosmosKernel1.obj
 0003:000011c4       CosmosKernel1_Internal_Runtime_CompilerHelpers_StartupCodeHelpers__RhpAssignRef 00000000100181c4     CosmosKernel1.obj
 0003:000011c4       RhpAssignRef               00000000100181c4     CosmosKernel1.obj
 0003:000011c8       CosmosKernel1_Internal_Runtime_CompilerHelpers_StartupCodeHelpers__RhpByRefAssignRef 00000000100181c8     CosmosKernel1.obj
 0003:000011c8       RhpByRefAssignRef          00000000100181c8     CosmosKernel1.obj
 0003:000011cc       CosmosKernel1_Internal_Runtime_CompilerHelpers_StartupCodeHelpers__RhpCheckedAssignRef 00000000100181cc     CosmosKernel1.obj
 0003:000011cc       RhpCheckedAssignRef        00000000100181cc     CosmosKernel1.obj
 0003:000011d0       CosmosKernel1_Internal_Runtime_CompilerHelpers_StartupCodeHelpers__RhpStelemRef 00000000100181d0     CosmosKernel1.obj
 0003:000011d0       RhpStelemRef               00000000100181d0     CosmosKernel1.obj
 0003:00001208       CosmosKernel1_Internal_Runtime_CompilerHelpers_StartupCodeHelpers__RhTypeCast_IsInstanceOfClass 0000000010018208     CosmosKernel1.obj
 0003:00001208       RhTypeCast_IsInstanceOfClass 0000000010018208     CosmosKernel1.obj
 0003:00001234       CosmosKernel1_Internal_Runtime_CompilerHelpers_StartupCodeHelpers__InitializeModules 0000000010018234     CosmosKernel1.obj
 0003:000013a0       CosmosKernel1_Internal_Runtime_CompilerHelpers_StartupCodeHelpers__InitializeStatics 00000000100183a0     CosmosKernel1.obj
 0003:0000148c       CosmosKernel1_Internal_Runtime_CompilerHelpers_ThrowHelpers__ThrowOverflowException 000000001001848c     CosmosKernel1.obj
 0003:00001490       CosmosKernel1_Internal_Runtime_CompilerHelpers_ThrowHelpers__ThrowIndexOutOfRangeException 0000000010018490     CosmosKernel1.obj
 0003:00001494       Char__ToUpper              0000000010018494     CosmosKernel1.obj
 0003:000014a8       Int32__ToString            00000000100184a8     CosmosKernel1.obj
 0003:000014c8       Int64__ToString            00000000100184c8     CosmosKernel1.obj
 0003:000015b8       Object___ctor              00000000100185b8     CosmosKernel1.obj
 0003:000015bc       Object__ToString           00000000100185bc     CosmosKernel1.obj
 0003:000015c4       Object__Dispose            00000000100185c4     CosmosKernel1.obj
 0003:00001614       String__FromASCII          0000000010018614     CosmosKernel1.obj
 0003:000016d4       String__Ctor_1             00000000100186d4     CosmosKernel1.obj
 0003:00001720       String__Ctor_2             0000000010018720     CosmosKernel1.obj
 0003:000017dc       String__ToString           00000000100187dc     CosmosKernel1.obj
 0003:000017e0       String__Equals_0           00000000100187e0     CosmosKernel1.obj
 0003:00001828       String__Concat             0000000010018828     CosmosKernel1.obj
 0003:00001914       String__Concat_0           0000000010018914     CosmosKernel1.obj
 0003:00001988       String__Remove             0000000010018988     CosmosKernel1.obj
 0003:000019b8       String__Format             00000000100189b8     CosmosKernel1.obj
 0003:00001bc4       UInt16__ToString           0000000010018bc4     CosmosKernel1.obj
 0003:00001be0       UInt32__ToString           0000000010018be0     CosmosKernel1.obj
 0003:00001bfc       UInt64__ToString           0000000010018bfc     CosmosKernel1.obj
 0003:00001cc4       UInt64__ToStringHex        0000000010018cc4     CosmosKernel1.obj
 0003:00001d6c       CosmosKernel1_System_Threading_Monitor__Unlock 0000000010018d6c     CosmosKernel1.obj
 0003:00001db0       CosmosKernel1_System_Runtime_TypeCast__CheckCastClass 0000000010018db0     CosmosKernel1.obj
 0003:00001db0       RhTypeCast_CheckCastClass  0000000010018db0     CosmosKernel1.obj
 0003:00001dd8       CosmosKernel1_System_Runtime_TypeCast__CheckCastArray 0000000010018dd8     CosmosKernel1.obj
 0003:00001dd8       RhTypeCast_CheckCastArray  0000000010018dd8     CosmosKernel1.obj
 0003:00001e00       CosmosKernel1_System_Runtime_TypeCast__IsInstanceOfArray 0000000010018e00     CosmosKernel1.obj
 0003:00001e00       RhTypeCast_IsInstanceOfArray 0000000010018e00     CosmosKernel1.obj
 0003:00001e5c       CosmosKernel1_System_Drawing_Color__FromArgb_1 0000000010018e5c     CosmosKernel1.obj
 0003:00001e98       CosmosKernel1_System_Drawing_Image___ctor_0 0000000010018e98     CosmosKernel1.obj
 0003:00001e9c       CosmosKernel1_System_Drawing_Image__Dispose 0000000010018e9c     CosmosKernel1.obj
 0003:00001f24       CosmosKernel1_MOOS_API__HandleSystemCall 0000000010018f24     CosmosKernel1.obj
 0003:000021f0       CosmosKernel1_MOOS_API__API_WriteString 00000000100191f0     CosmosKernel1.obj
 0003:00002250       CosmosKernel1_MOOS_API__API_Width 0000000010019250     CosmosKernel1.obj
 0003:00002264       CosmosKernel1_MOOS_API__API_Height 0000000010019264     CosmosKernel1.obj
 0003:00002278       CosmosKernel1_MOOS_API__API_Update 0000000010019278     CosmosKernel1.obj
 0003:00002280       CosmosKernel1_MOOS_API__API_Clear 0000000010019280     CosmosKernel1.obj
 0003:000022a0       CosmosKernel1_MOOS_API__API_DebugWrite 00000000100192a0     CosmosKernel1.obj
 0003:000022a0       DebugWrite                 00000000100192a0     CosmosKernel1.obj
 0003:000022a8       CosmosKernel1_MOOS_API__API_DebugWriteLine 00000000100192a8     CosmosKernel1.obj
 0003:000022a8       DebugWriteLine             00000000100192a8     CosmosKernel1.obj
 0003:000022c4       CosmosKernel1_MOOS_API__API_Lock 00000000100192c4     CosmosKernel1.obj
 0003:000022c4       Lock                       00000000100192c4     CosmosKernel1.obj
 0003:000022ec       CosmosKernel1_MOOS_API__API_Unlock 00000000100192ec     CosmosKernel1.obj
 0003:000022ec       Unlock                     00000000100192ec     CosmosKernel1.obj
 0003:0000232c       CosmosKernel1_MOOS_API__API_DrawPoint 000000001001932c     CosmosKernel1.obj
 0003:00002360       CosmosKernel1_MOOS_API__API_SwitchToConsoleMode 0000000010019360     CosmosKernel1.obj
 0003:00002368       CosmosKernel1_MOOS_API__API_ReadAllBytes 0000000010019368     CosmosKernel1.obj
 0003:00002470       CosmosKernel1_MOOS_API__API_Sleep 0000000010019470     CosmosKernel1.obj
 0003:00002478       CosmosKernel1_MOOS_API__API_GetTick 0000000010019478     CosmosKernel1.obj
 0003:0000248c       CosmosKernel1_MOOS_API__API_Write 000000001001948c     CosmosKernel1.obj
 0003:00002498       CosmosKernel1_MOOS_API__API_WriteLine 0000000010019498     CosmosKernel1.obj
 0003:000024a0       CosmosKernel1_MOOS_API__API_Allocate 00000000100194a0     CosmosKernel1.obj
 0003:000024a8       CosmosKernel1_MOOS_API__API_Free 00000000100194a8     CosmosKernel1.obj
 0003:000024b0       CosmosKernel1_MOOS_API__API_Reallocate 00000000100194b0     CosmosKernel1.obj
 0003:000024b8       CosmosKernel1_MOOS_API__SayHello 00000000100194b8     CosmosKernel1.obj
 0003:000024c4       CosmosKernel1_MOOS_Framebuffer__set_TripleBuffered 00000000100194c4     CosmosKernel1.obj
 0003:00002548       CosmosKernel1_MOOS_Framebuffer__Update 0000000010019548     CosmosKernel1.obj
 0003:00002618       CosmosKernel1_MOOS_Framebuffer__Initialize 0000000010019618     CosmosKernel1.obj
 0003:00002750       CosmosKernel1_MOOS_Keyboard__InvokeOnKeyChanged 0000000010019750     CosmosKernel1.obj
 0003:0000277c       CosmosKernel1_MOOS_Keyboard__CleanKeyInfo 000000001001977c     CosmosKernel1.obj
 0003:000027a8       CosmosKernel1_MOOS_PCIDevice___ctor 00000000100197a8     CosmosKernel1.obj
 0003:000027ac       CosmosKernel1_MOOS_PCI__Initialise 00000000100197ac     CosmosKernel1.obj
 0003:00002880       CosmosKernel1_MOOS_PCI__CheckBus 0000000010019880     CosmosKernel1.obj
 0003:00002d5c       CosmosKernel1_MOOS_PCI__ReadRegister16 0000000010019d5c     CosmosKernel1.obj
 0003:00002e04       CosmosKernel1_MOOS_PCI__ReadRegister8 0000000010019e04     CosmosKernel1.obj
 0003:00002eac       CosmosKernel1_MOOS_PCI__GetVendorID 0000000010019eac     CosmosKernel1.obj
 0003:00002f38       CosmosKernel1_MOOS_PCI__GetHeaderType 0000000010019f38     CosmosKernel1.obj
 0003:00002fcc       CosmosKernel1_MOOS_PCI__GetAddressBase 0000000010019fcc     CosmosKernel1.obj
 0003:00002ff0       CosmosKernel1_MOOS_PIC__Disable 0000000010019ff0     CosmosKernel1.obj
 0003:000031dc       CosmosKernel1_MOOS_PS2Keyboard__Initialize 000000001001a1dc     CosmosKernel1.obj
 0003:0000369c       CosmosKernel1_MOOS_PS2Keyboard__OnInterrupt 000000001001a69c     CosmosKernel1.obj
 0003:000036f4       CosmosKernel1_MOOS_PS2Keyboard__ProcessKey 000000001001a6f4     CosmosKernel1.obj
 0003:000038cc       CosmosKernel1_MOOS_PS2Mouse__Initialise 000000001001a8cc     CosmosKernel1.obj
 0003:00003ad0       CosmosKernel1_MOOS_PS2Mouse__WriteRegister 000000001001aad0     CosmosKernel1.obj
 0003:00003bbc       CosmosKernel1_MOOS_PS2Mouse__OnInterrupt 000000001001abbc     CosmosKernel1.obj
 0003:00003d88       CosmosKernel1_MOOS_RTC__get_Second 000000001001ad88     CosmosKernel1.obj
 0003:00003e20       CosmosKernel1_MOOS_RTC__get_Minute 000000001001ae20     CosmosKernel1.obj
 0003:00003ebc       CosmosKernel1_MOOS_RTC__get_Hour 000000001001aebc     CosmosKernel1.obj
 0003:00003f70       CosmosKernel1_MOOS_RTC__get_Year 000000001001af70     CosmosKernel1.obj
 0003:0000400c       CosmosKernel1_MOOS_RTC__get_Month 000000001001b00c     CosmosKernel1.obj
 0003:000040a8       CosmosKernel1_MOOS_RTC__get_Day 000000001001b0a8     CosmosKernel1.obj
 0003:00004144       CosmosKernel1_MOOS_SATA__Initialize 000000001001b144     CosmosKernel1.obj
 0003:000044f8       CosmosKernel1_MOOS_SATA__CheckPortType 000000001001b4f8     CosmosKernel1.obj
 0003:00004554       CosmosKernel1_MOOS_Serial__Initialise 000000001001b554     CosmosKernel1.obj
 0003:000046b4       CosmosKernel1_MOOS_Serial__Write_0 000000001001b6b4     CosmosKernel1.obj
 0003:0000473c       CosmosKernel1_MOOS_ASC16__DrawChar 000000001001b73c     CosmosKernel1.obj
 0003:000047d0       CosmosKernel1_MOOS_Console__Setup 000000001001b7d0     CosmosKernel1.obj
 0003:00004888       CosmosKernel1_MOOS_Console__Write 000000001001b888     CosmosKernel1.obj
 0003:00004938       CosmosKernel1_MOOS_Console__Write_0 000000001001b938     CosmosKernel1.obj
 0003:000049bc       CosmosKernel1_MOOS_Console__WriteFramebuffer 000000001001b9bc     CosmosKernel1.obj
 0003:00004ac8       CosmosKernel1_MOOS_Console__MoveUp 000000001001bac8     CosmosKernel1.obj
 0003:00004afc       CosmosKernel1_MOOS_Console__MoveUpFramebuffer 000000001001bafc     CosmosKernel1.obj
 0003:00004ba8       CosmosKernel1_MOOS_Console__UpdateCursorFramebuffer 000000001001bba8     CosmosKernel1.obj
 0003:00004c58       CosmosKernel1_MOOS_Console__WriteLine 000000001001bc58     CosmosKernel1.obj
 0003:00004cf0       CosmosKernel1_MOOS_Console__WriteLine_0 000000001001bcf0     CosmosKernel1.obj
 0003:00004d34       CosmosKernel1_MOOS_Console__Clear 000000001001bd34     CosmosKernel1.obj
 0003:00004d50       CosmosKernel1_MOOS_Console__ClearFramebuffer 000000001001bd50     CosmosKernel1.obj
 0003:00004e0c       CosmosKernel1_MOOS_PageTable__Initialise 000000001001be0c     CosmosKernel1.obj
 0003:00004efc       CosmosKernel1_MOOS_PageTable__GetPage 000000001001befc     CosmosKernel1.obj
 0003:00004fa8       CosmosKernel1_MOOS_PageTable__Next 000000001001bfa8     CosmosKernel1.obj
 0003:0000504c       CosmosKernel1_MOOS_SMP__ApplicationProcessorMain 000000001001c04c     CosmosKernel1.obj
 0003:000050c8       CosmosKernel1_MOOS_SMP__Initialize 000000001001c0c8     CosmosKernel1.obj
 0003:000052b0       CosmosKernel1_MOOS_stdio___putchar 000000001001c2b0     CosmosKernel1.obj
 0003:000052b0       _putchar                   000000001001c2b0     CosmosKernel1.obj
 0003:000052c4       CosmosKernel1_MOOS_stdio__fopen 000000001001c2c4     CosmosKernel1.obj
 0003:000052c4       fopen                      000000001001c2c4     CosmosKernel1.obj
 0003:00005464       CosmosKernel1_MOOS_stdio__fseek 000000001001c464     CosmosKernel1.obj
 0003:00005464       fseek                      000000001001c464     CosmosKernel1.obj
 0003:0000547c       CosmosKernel1_MOOS_stdio__fread 000000001001c47c     CosmosKernel1.obj
 0003:0000547c       fread                      000000001001c47c     CosmosKernel1.obj
 0003:000054e0       CosmosKernel1_MOOS_stdlib__malloc 000000001001c4e0     CosmosKernel1.obj
 0003:000054e0       malloc                     000000001001c4e0     CosmosKernel1.obj
 0003:000054f0       CosmosKernel1_MOOS_stdlib__free 000000001001c4f0     CosmosKernel1.obj
 0003:000054f0       free                       000000001001c4f0     CosmosKernel1.obj
 0003:00005500       CosmosKernel1_MOOS_stdlib__realloc 000000001001c500     CosmosKernel1.obj
 0003:00005500       realloc                    000000001001c500     CosmosKernel1.obj
 0003:00005510       CosmosKernel1_MOOS_stdlib__calloc 000000001001c510     CosmosKernel1.obj
 0003:00005510       calloc                     000000001001c510     CosmosKernel1.obj
 0003:00005584       CosmosKernel1_MOOS_stdlib__kmalloc 000000001001c584     CosmosKernel1.obj
 0003:00005584       kmalloc                    000000001001c584     CosmosKernel1.obj
 0003:00005594       CosmosKernel1_MOOS_stdlib__kfree 000000001001c594     CosmosKernel1.obj
 0003:00005594       kfree                      000000001001c594     CosmosKernel1.obj
 0003:000055a4       CosmosKernel1_MOOS_stdlib__krealloc 000000001001c5a4     CosmosKernel1.obj
 0003:000055a4       krealloc                   000000001001c5a4     CosmosKernel1.obj
 0003:000055b4       CosmosKernel1_MOOS_stdlib__kcalloc 000000001001c5b4     CosmosKernel1.obj
 0003:000055b4       kcalloc                    000000001001c5b4     CosmosKernel1.obj
 0003:00005628       CosmosKernel1_MOOS_Misc_Bitmap___ctor 000000001001c628     CosmosKernel1.obj
 0003:00005870       CosmosKernel1_MOOS_Misc_ClassID__GetName 000000001001c870     CosmosKernel1.obj
 0003:000059d8       CosmosKernel1_MOOS_Misc_EntryPoint__Entry 000000001001c9d8     CosmosKernel1.obj
 0003:000059d8       Entry                      000000001001c9d8     CosmosKernel1.obj
 0003:00005de8       CosmosKernel1_MOOS_Misc_Interrupts__EnableInterrupt_0 000000001001cde8     CosmosKernel1.obj
 0003:00005e50       CosmosKernel1_MOOS_Misc_Interrupts__HandleInterrupt 000000001001ce50     CosmosKernel1.obj
 0003:00005eb8       CosmosKernel1_MOOS_Misc_Panic__Error 000000001001ceb8     CosmosKernel1.obj
 0003:00005f40       CosmosKernel1_MOOS_Misc_Thread__NewThread 000000001001cf40     CosmosKernel1.obj
 0003:00005fe0       CosmosKernel1_MOOS_Misc_Thread__Start_0 000000001001cfe0     CosmosKernel1.obj
 0003:000060d0       CosmosKernel1_MOOS_Misc_ThreadPool__Initialize 000000001001d0d0     CosmosKernel1.obj
 0003:00006284       CosmosKernel1_MOOS_Misc_ThreadPool__Terminate 000000001001d284     CosmosKernel1.obj
 0003:00006368       CosmosKernel1_MOOS_Misc_ThreadPool__IdleThread 000000001001d368     CosmosKernel1.obj
 0003:000063ac       CosmosKernel1_MOOS_Misc_ThreadPool__get_CanLock 000000001001d3ac     CosmosKernel1.obj
 0003:000063c8       CosmosKernel1_MOOS_Misc_ThreadPool__Lock 000000001001d3c8     CosmosKernel1.obj
 0003:00006400       CosmosKernel1_MOOS_Misc_ThreadPool__Schedule 000000001001d400     CosmosKernel1.obj
 0003:00006770       CosmosKernel1_MOOS_Misc_VendorID__GetName 000000001001d770     CosmosKernel1.obj
 0003:0000dbc0       CosmosKernel1_MOOS_Graph_Graphics__Update 0000000010024bc0     CosmosKernel1.obj
 0003:0000dbc4       CosmosKernel1_MOOS_Graph_Graphics__Clear 0000000010024bc4     CosmosKernel1.obj
 0003:0000dc2c       CosmosKernel1_MOOS_Graph_Graphics__Copy 0000000010024c2c     CosmosKernel1.obj
 0003:0000dcc8       CosmosKernel1_MOOS_Graph_Graphics__FillRectangle 0000000010024cc8     CosmosKernel1.obj
 0003:0000dd40       CosmosKernel1_MOOS_Graph_Graphics__GetPoint 0000000010024d40     CosmosKernel1.obj
 0003:0000dd6c       CosmosKernel1_MOOS_Graph_Graphics__DrawPoint 0000000010024d6c     CosmosKernel1.obj
 0003:0000de5c       CosmosKernel1_MOOS_Graph_Graphics__DrawRectangle 0000000010024e5c     CosmosKernel1.obj
 0003:0000df18       CosmosKernel1_MOOS_FS_Ramdisk__Read 0000000010024f18     CosmosKernel1.obj
 0003:0000df84       CosmosKernel1_MOOS_FS_Ramdisk__Write 0000000010024f84     CosmosKernel1.obj
 0003:0000dff4       CosmosKernel1_MOOS_FS_FATFS___ctor 0000000010024ff4     CosmosKernel1.obj
 0003:0000e04c       CosmosKernel1_MOOS_FS_FATFS__get_fattime 000000001002504c     CosmosKernel1.obj
 0003:0000e04c       get_fattime                000000001002504c     CosmosKernel1.obj
 0003:0000e0b8       CosmosKernel1_MOOS_FS_FATFS__RAM_disk_write 00000000100250b8     CosmosKernel1.obj
 0003:0000e0b8       RAM_disk_write             00000000100250b8     CosmosKernel1.obj
 0003:0000e0ec       CosmosKernel1_MOOS_FS_FATFS__RAM_disk_read 00000000100250ec     CosmosKernel1.obj
 0003:0000e0ec       RAM_disk_read              00000000100250ec     CosmosKernel1.obj
 0003:0000e120       CosmosKernel1_MOOS_FS_FATFS__read_all_bytes 0000000010025120     CosmosKernel1.obj
 0003:0000e180       CosmosKernel1_MOOS_FS_FATFS__ReadAllBytes 0000000010025180     CosmosKernel1.obj
 0003:0000e26c       CosmosKernel1_MOOS_Driver_ACPI__GetRSDP 000000001002526c     CosmosKernel1.obj
 0003:0000e294       CosmosKernel1_MOOS_Driver_ACPI__Shutdown 0000000010025294     CosmosKernel1.obj
 0003:0000e350       CosmosKernel1_MOOS_Driver_ACPI__Initialize 0000000010025350     CosmosKernel1.obj
 0003:0000e400       CosmosKernel1_MOOS_Driver_ACPI__ParseDT 0000000010025400     CosmosKernel1.obj
 0003:0000e5d0       CosmosKernel1_MOOS_Driver_ACPI__RemapIRQ 00000000100255d0     CosmosKernel1.obj
 0003:0000e628       CosmosKernel1_MOOS_Driver_ACPITimer__Sleep 0000000010025628     CosmosKernel1.obj
 0003:0000e74c       CosmosKernel1_MOOS_Driver_HPET__Initialize 000000001002574c     CosmosKernel1.obj
 0003:0000e7bc       CosmosKernel1_MOOS_Driver_HPET__WriteRegister 00000000100257bc     CosmosKernel1.obj
 0003:0000e7e0       CosmosKernel1_MOOS_Driver_HPET__ReadRegister 00000000100257e0     CosmosKernel1.obj
 0003:0000e800       CosmosKernel1_MOOS_Driver_IDE__Initialize 0000000010025800     CosmosKernel1.obj
 0003:0000e87c       CosmosKernel1_MOOS_Driver_IDE__ScanPorts 000000001002587c     CosmosKernel1.obj
 0003:0000eea8       CosmosKernel1_MOOS_Driver_IDE___ScanPorts_g__WaitForIdentifyData_3_2 0000000010025ea8     CosmosKernel1.obj
 0003:0000ef14       CosmosKernel1_MOOS_Driver_IDEDevice__ReadOrWrite 0000000010025f14     CosmosKernel1.obj
 0003:0000f1d8       CosmosKernel1_MOOS_Driver_IDEDevice__WaitForReadyStatus 00000000100261d8     CosmosKernel1.obj
 0003:0000f23c       CosmosKernel1_MOOS_Driver_IDEDevice__Read 000000001002623c     CosmosKernel1.obj
 0003:0000f29c       CosmosKernel1_MOOS_Driver_IDEDevice__Write 000000001002629c     CosmosKernel1.obj
 0003:0000f300       CosmosKernel1_MOOS_Driver_IDEDevice___ctor 0000000010026300     CosmosKernel1.obj
 0003:0000f320       CosmosKernel1_MOOS_Driver_IOAPIC__Initialize 0000000010026320     CosmosKernel1.obj
 0003:0000f388       CosmosKernel1_MOOS_Driver_IOAPIC__In 0000000010026388     CosmosKernel1.obj
 0003:0000f3b4       CosmosKernel1_MOOS_Driver_IOAPIC__Out 00000000100263b4     CosmosKernel1.obj
 0003:0000f3e4       CosmosKernel1_MOOS_Driver_IOAPIC__SetEntry 00000000100263e4     CosmosKernel1.obj
 0003:0000f418       CosmosKernel1_MOOS_Driver_IOAPIC__SetEntry_0 0000000010026418     CosmosKernel1.obj
 0003:0000f438       CosmosKernel1_MOOS_Driver_LocalAPIC__ReadRegister 0000000010026438     CosmosKernel1.obj
 0003:0000f458       CosmosKernel1_MOOS_Driver_LocalAPIC__Initialize 0000000010026458     CosmosKernel1.obj
 0003:0000f498       CosmosKernel1_MOOS_Driver_LocalAPIC__SendIPI 0000000010026498     CosmosKernel1.obj
 0003:0000f4e8       CosmosKernel1_MOOS_Driver_LocalAPICTimer__StartTimer 00000000100264e8     CosmosKernel1.obj
 0003:0000f554       CosmosKernel1_MOOS_Driver_LocalAPICTimer__EstimateBusSpeed 0000000010026554     CosmosKernel1.obj
 0003:0000f608       CosmosKernel1_MOOS_Driver_PCIExpress__Initialize 0000000010026608     CosmosKernel1.obj
 0003:0000f6a0       CosmosKernel1_MOOS_Driver_PCIExpress__CheckBus 00000000100266a0     CosmosKernel1.obj
 0003:0000f974       CosmosKernel1_MOOS_Driver_SMBIOS__Initialise 0000000010026974     CosmosKernel1.obj
 0003:0000fae0       CosmosKernel1_MOOS_Driver_SMBIOS__PrintIndex 0000000010026ae0     CosmosKernel1.obj
 0003:0000fb40       CosmosKernel1_MOOS_Driver_Timer__Initialize 0000000010026b40     CosmosKernel1.obj
 0003:0000fc18       CosmosKernel1_MOOS_Driver_Timer__EstimateCPUSpeed 0000000010026c18     CosmosKernel1.obj
 0003:0000fc9c       CosmosKernel1_MOOS_Driver_Timer__OnInterrupt 0000000010026c9c     CosmosKernel1.obj
 0003:0000fce0       CosmosKernel1_MOOS_Driver_Timer__Sleep 0000000010026ce0     CosmosKernel1.obj
 0003:0000fd48       CosmosKernel1_nifanfa_CosmosDrawString_ASC16___DrawACSIIString 0000000010026d48     CosmosKernel1.obj
 0003:0000fe68       CosmosKernel1_CosmosKernel1_App___ctor 0000000010026e68     CosmosKernel1.obj
 0003:0000fea8       CosmosKernel1_CosmosKernel1_App__Update 0000000010026ea8     CosmosKernel1.obj
 0003:000100fc       CosmosKernel1_CosmosKernel1_App___Update 00000000100270fc     CosmosKernel1.obj
 0003:00010100       CosmosKernel1_CosmosKernel1_Clock___Update 0000000010027100     CosmosKernel1.obj
 0003:00010104       CosmosKernel1_CosmosKernel1_Dock__Update 0000000010027104     CosmosKernel1.obj
 0003:00010314       CosmosKernel1_CosmosKernel1_Dock___ctor 0000000010027314     CosmosKernel1.obj
 0003:0001032c       CosmosKernel1_CosmosKernel1_Kernel__Main 000000001002732c     CosmosKernel1.obj
 0003:00010330       CosmosKernel1_CosmosKernel1_Kernel__KMain 0000000010027330     CosmosKernel1.obj
 0003:00010330       KMain                      0000000010027330     CosmosKernel1.obj
 0003:000103d0       CosmosKernel1_CosmosKernel1_Kernel__BeforeRun 00000000100273d0     CosmosKernel1.obj
 0003:00010720       CosmosKernel1_CosmosKernel1_Kernel__Run 0000000010027720     CosmosKernel1.obj
 0003:00010888       CosmosKernel1_CosmosKernel1_Kernel__DrawCursor 0000000010027888     CosmosKernel1.obj
 0003:0001096c       CosmosKernel1_CosmosKernel1_Kernel___ctor 000000001002796c     CosmosKernel1.obj
 0003:00010e68       CosmosKernel1_CosmosKernel1_LogView___ctor 0000000010027e68     CosmosKernel1.obj
 0003:00010ed8       CosmosKernel1_CosmosKernel1_LogView___Update 0000000010027ed8     CosmosKernel1.obj
 0003:00010fd0       CosmosKernel1_CosmosKernel1_Notepad___ctor 0000000010027fd0     CosmosKernel1.obj
 0003:00011040       CosmosKernel1_CosmosKernel1_Notepad___Update 0000000010028040     CosmosKernel1.obj
 0003:0001120c       CosmosKernel1_MOOS_SATA_HBACommandHeader__set_CommandFISLength 000000001002820c     CosmosKernel1.obj
 0003:00011218       CosmosKernel1_MOOS_SATA_HBACommandHeader__set_Write 0000000010028218     CosmosKernel1.obj
 0003:00011224       CosmosKernel1_MOOS_SATA_SATADevice__Configure 0000000010028224     CosmosKernel1.obj
 0003:000112f8       CosmosKernel1_MOOS_SATA_SATADevice__StartCMD 00000000100282f8     CosmosKernel1.obj
 0003:0001131c       CosmosKernel1_MOOS_SATA_SATADevice__StopCMD 000000001002831c     CosmosKernel1.obj
 0003:00011350       CosmosKernel1_MOOS_SATA_SATADevice__Read 0000000010028350     CosmosKernel1.obj
 0003:0001136c       CosmosKernel1_MOOS_SATA_SATADevice__Write 000000001002836c     CosmosKernel1.obj
 0003:00011388       CosmosKernel1_MOOS_SATA_SATADevice__ReadOrWrite 0000000010028388     CosmosKernel1.obj
 0003:0001164c       CosmosKernel1_MOOS_SATA_SATADevice__FindSlot 000000001002864c     CosmosKernel1.obj
 0003:00011684       CosmosKernel1_MOOS_SATA_SATADevice___ctor 0000000010028684     CosmosKernel1.obj
 0003:000116a4       CosmosKernel1_MOOS_Misc_Interrupts_INT___ctor 00000000100286a4     CosmosKernel1.obj
 0003:000116a8       CosmosKernel1_System_Array_1<UInt8>___ctor 00000000100286a8     CosmosKernel1.obj
 0003:000116ac       CosmosKernel1_System_Collections_Generic_List_1<UInt8>__Dispose 00000000100286ac     CosmosKernel1.obj
 0003:00011734       CosmosKernel1_System_Array_1<Char>___ctor 0000000010028734     CosmosKernel1.obj
 0003:00011738       CosmosKernel1_System_Array_1<Int32>___ctor 0000000010028738     CosmosKernel1.obj
 0003:0001173c       CosmosKernel1_System_Array_1<CosmosKernel1_System_ConsoleKey>___ctor 000000001002873c     CosmosKernel1.obj
 0003:00011740       CosmosKernel1_System_Array_1<UInt32>___ctor 0000000010028740     CosmosKernel1.obj
 0003:00011744       CosmosKernel1_System_Array_1<CosmosKernel1_IDT_IDTEntry>___ctor 0000000010028744     CosmosKernel1.obj
 0003:00011748       CosmosKernel1_System_Array_1<System___Canon>___ctor 0000000010028748     CosmosKernel1.obj
 0003:0001174c       CosmosKernel1_System_Collections_Generic_List_1<System___Canon>__Dispose 000000001002874c     CosmosKernel1.obj
 0003:000117d4       Internal_CompilerGenerated__Module___SetAppContextSwitches 00000000100287d4     CosmosKernel1.obj
 0003:000117d8       CosmosKernel1__Module___StartupCodeMain 00000000100287d8     CosmosKernel1.obj
 0003:000117d8       __managed__Main            00000000100287d8     CosmosKernel1.obj
 0004:00000000       __embedded_metadata        0000000010029000     CosmosKernel1.obj
 0004:00001ba6       __embedded_metadata_End    000000001002aba6     CosmosKernel1.obj
 0004:00001ba6       __embedded_resourcedata    000000001002aba6     CosmosKernel1.obj
 0004:00001ba6       __embedded_resourcedata_End 000000001002aba6     CosmosKernel1.obj
 0004:00001ba6       __embedded_resourceindex   000000001002aba6     CosmosKernel1.obj
 0004:00001ba9       __embedded_resourceindex_End 000000001002aba9     CosmosKernel1.obj
 0004:00001ba9       __type_to_metadata_map     000000001002aba9     CosmosKernel1.obj
 0004:00001cb7       __type_to_cctorContext_map 000000001002acb7     CosmosKernel1.obj
 0004:00001cb7       __type_to_metadata_map_End 000000001002acb7     CosmosKernel1.obj
 0004:00001cba       __method_to_entrypoint_map 000000001002acba     CosmosKernel1.obj
 0004:00001cba       __type_to_cctorContext_map_End 000000001002acba     CosmosKernel1.obj
 0004:00001cbd       __delegate_marshalling_stub_map 000000001002acbd     CosmosKernel1.obj
 0004:00001cbd       __method_to_entrypoint_map_End 000000001002acbd     CosmosKernel1.obj
 0004:00001cc0       __delegate_marshalling_stub_map_End 000000001002acc0     CosmosKernel1.obj
 0004:00001cc0       __struct_marshalling_stub_map 000000001002acc0     CosmosKernel1.obj
 0004:00001cc3       __array_type_map           000000001002acc3     CosmosKernel1.obj
 0004:00001cc3       __struct_marshalling_stub_map_End 000000001002acc3     CosmosKernel1.obj
 0004:00001cee       __array_type_map_End       000000001002acee     CosmosKernel1.obj
 0004:00001cee       __field_to_offset_map      000000001002acee     CosmosKernel1.obj
 0004:00001cf1       __exact_method_instantiations 000000001002acf1     CosmosKernel1.obj
 0004:00001cf1       __field_to_offset_map_End  000000001002acf1     CosmosKernel1.obj
 0004:00001cf1       __nativelayoutinfo         000000001002acf1     CosmosKernel1.obj
 0004:00001cf1       __nativelayoutinfo_End     000000001002acf1     CosmosKernel1.obj
 0004:00001cf4       __exact_method_instantiations_End 000000001002acf4     CosmosKernel1.obj
 0004:00001cf4       __generic_types_hashtable  000000001002acf4     CosmosKernel1.obj
 0004:00001d0c       __generic_methods_hashtable 000000001002ad0c     CosmosKernel1.obj
 0004:00001d0c       __generic_types_hashtable_End 000000001002ad0c     CosmosKernel1.obj
 0004:00001d0f       __generic_methods_hashtable_End 000000001002ad0f     CosmosKernel1.obj
 0004:00001d0f       __gvm_table                000000001002ad0f     CosmosKernel1.obj
 0004:00001d12       __gvm_table_End            000000001002ad12     CosmosKernel1.obj
 0004:00001d12       __interface_gvm_table      000000001002ad12     CosmosKernel1.obj
 0004:00001d15       __GenericMethodsTemplateMap 000000001002ad15     CosmosKernel1.obj
 0004:00001d15       __interface_gvm_table_End  000000001002ad15     CosmosKernel1.obj
 0004:00001d18       __GenericMethodsTemplateMap_End 000000001002ad18     CosmosKernel1.obj
 0004:00001d18       __GenericTypesTemplateMap  000000001002ad18     CosmosKernel1.obj
 0004:00001d1b       __GenericTypesTemplateMap_End 000000001002ad1b     CosmosKernel1.obj
 0004:00001d1b       __block_reflection_type_map 000000001002ad1b     CosmosKernel1.obj
 0004:00001d9d       _StaticsInfoHashtableNode  000000001002ad9d     CosmosKernel1.obj
 0004:00001d9d       __block_reflection_type_map_End 000000001002ad9d     CosmosKernel1.obj
 0004:00001da0       _StaticsInfoHashtableNode_End 000000001002ada0     CosmosKernel1.obj
 0004:00001da0       __VirtualInvokeMap         000000001002ada0     CosmosKernel1.obj
 0004:00001da3       __DefaultConstructor_Map   000000001002ada3     CosmosKernel1.obj
 0004:00001da3       __VirtualInvokeMap_End     000000001002ada3     CosmosKernel1.obj
 0004:00001dd6       __DefaultConstructor_Map_End 000000001002add6     CosmosKernel1.obj
 0004:00001dd6       __external_CommonFixupsTable_references 000000001002add6     CosmosKernel1.obj
 0004:00001ece       __external_CommonFixupsTable_references_End 000000001002aece     CosmosKernel1.obj
 0004:00001ece       __external_NativeReferences_references 000000001002aece     CosmosKernel1.obj
 0004:00001eea       __external_NativeReferences_references_End 000000001002aeea     CosmosKernel1.obj
 0004:00001eea       __external_NativeStatics_references 000000001002aeea     CosmosKernel1.obj
 0004:00001eea       __external_NativeStatics_references_End 000000001002aeea     CosmosKernel1.obj
 0004:00001ef0       _stacktrace_methodRVA_to_token_mapping 000000001002aef0     CosmosKernel1.obj
 0004:000026d0       __ReadyToRunHeader         000000001002b6d0     CosmosKernel1.obj
 0004:000026d0       _stacktrace_methodRVA_to_token_mapping_End 000000001002b6d0     CosmosKernel1.obj
 0004:000029b0       __readonlydata_g_compilerEmbeddedSettingsBlob 000000001002b9b0     CosmosKernel1.obj
 0004:000029b0       g_compilerEmbeddedSettingsBlob 000000001002b9b0     CosmosKernel1.obj
 0004:000029b4       __readonlydata_g_requiredCpuFeatures 000000001002b9b4     CosmosKernel1.obj
 0004:000029b4       g_requiredCpuFeatures      000000001002b9b4     CosmosKernel1.obj
 0004:000029b8       ??_7CosmosKernel1_System_Collections_Generic_List_1@@6B@ 000000001002b9b8     CosmosKernel1.obj
 0004:000029d8       ??_7CosmosKernel1_Cosmos_System_Kernel@@6B@ 000000001002b9d8     CosmosKernel1.obj
 0004:00002a38       ??_7CosmosKernel1_Cosmos_System_Graphics_Bitmap@@6B@ 000000001002ba38     CosmosKernel1.obj
 0004:00002a68       ??_7CosmosKernel1_Cosmos_System_Graphics_Canvas@@6B@ 000000001002ba68     CosmosKernel1.obj
 0004:00002ab8       ??_7CosmosKernel1_Cosmos_System_Graphics_Image@@6B@ 000000001002bab8     CosmosKernel1.obj
 0004:00002ae8       ??_7Boxed_Int32@@6B@       000000001002bae8     CosmosKernel1.obj
 0004:00002b20       ??_7CosmosKernel1_System_Array@@6B@ 000000001002bb20     CosmosKernel1.obj
 0004:00002b58       ??_7Object@@6B@            000000001002bb58     CosmosKernel1.obj
 0004:00002b90       ??_7String@@6B@            000000001002bb90     CosmosKernel1.obj
 0004:00002bc0       ??_7Boxed_UInt16@@6B@      000000001002bbc0     CosmosKernel1.obj
 0004:00002bf8       ??_7Boxed_UInt32@@6B@      000000001002bbf8     CosmosKernel1.obj
 0004:00002c30       ??_7Boxed_UInt64@@6B@      000000001002bc30     CosmosKernel1.obj
 0004:00002c60       ??_7CosmosKernel1_System_ValueType@@6B@ 000000001002bc60     CosmosKernel1.obj
 0004:00002cb0       ??_7CosmosKernel1_System_Drawing_Image@@6B@ 000000001002bcb0     CosmosKernel1.obj
 0004:00002ce8       ??_7CosmosKernel1_MOOS_PCIDevice@@6B@ 000000001002bce8     CosmosKernel1.obj
 0004:00002d38       ??_7CosmosKernel1_MOOS_Misc_Bitmap@@6B@ 000000001002bd38     CosmosKernel1.obj
 0004:00002d70       ??_7CosmosKernel1_MOOS_Misc_Thread@@6B@ 000000001002bd70     CosmosKernel1.obj
 0004:00002da8       ??_7CosmosKernel1_MOOS_Graph_Graphics@@6B@ 000000001002bda8     CosmosKernel1.obj
 0004:00002e10       ??_7CosmosKernel1_MOOS_FS_Ramdisk@@6B@ 000000001002be10     CosmosKernel1.obj
 0004:00002e50       ??_7CosmosKernel1_MOOS_FS_Disk@@6B@ 000000001002be50     CosmosKernel1.obj
 0004:00002e98       ??_7CosmosKernel1_MOOS_FS_FATFS@@6B@ 000000001002be98     CosmosKernel1.obj
 0004:00002ed8       ??_7CosmosKernel1_MOOS_FS_File@@6B@ 000000001002bed8     CosmosKernel1.obj
 0004:00002f18       ??_7CosmosKernel1_MOOS_Driver_IDEDevice@@6B@ 000000001002bf18     CosmosKernel1.obj
 0004:00002f78       ??_7CosmosKernel1_CosmosKernel1_App@@6B@ 000000001002bf78     CosmosKernel1.obj
 0004:00002fd0       ??_7CosmosKernel1_CosmosKernel1_Clock@@6B@ 000000001002bfd0     CosmosKernel1.obj
 0004:00003010       ??_7CosmosKernel1_CosmosKernel1_Dock@@6B@ 000000001002c010     CosmosKernel1.obj
 0004:00003060       ??_7CosmosKernel1_CosmosKernel1_Kernel@@6B@ 000000001002c060     CosmosKernel1.obj
 0004:000030c8       ??_7CosmosKernel1_CosmosKernel1_LogView@@6B@ 000000001002c0c8     CosmosKernel1.obj
 0004:00003130       ??_7CosmosKernel1_CosmosKernel1_Notepad@@6B@ 000000001002c130     CosmosKernel1.obj
 0004:00003170       ??_7CosmosKernel1_MOOS_SATA_SATADevice@@6B@ 000000001002c170     CosmosKernel1.obj
 0004:000031b8       ??_7CosmosKernel1_MOOS_Misc_Interrupts_INT@@6B@ 000000001002c1b8     CosmosKernel1.obj
 0004:00003208       ??_7CosmosKernel1_System_Collections_Generic_List_1<UInt8>@@6B@ 000000001002c208     CosmosKernel1.obj
 0004:00003260       ??_7CosmosKernel1_System_Collections_Generic_List_1<CosmosKernel1_MOOS_PCIDevice>@@6B@ 000000001002c260     CosmosKernel1.obj
 0004:000032c0       ??_7CosmosKernel1_System_Collections_Generic_List_1<CosmosKernel1_MOOS_Misc_Thread>@@6B@ 000000001002c2c0     CosmosKernel1.obj
 0004:00003320       ??_7CosmosKernel1_System_Collections_Generic_List_1<CosmosKernel1_MOOS_Driver_IDEDevice>@@6B@ 000000001002c320     CosmosKernel1.obj
 0004:00003380       ??_7CosmosKernel1_System_Collections_Generic_List_1<CosmosKernel1_CosmosKernel1_App>@@6B@ 000000001002c380     CosmosKernel1.obj
 0004:000033e0       ??_7CosmosKernel1_System_Collections_Generic_List_1<CosmosKernel1_MOOS_SATA_SATADevice>@@6B@ 000000001002c3e0     CosmosKernel1.obj
[...]
 0008:0000024d       __F9A76564_corecrt_wstdlib@h 000000001019b24d     NativeLib:ffunicode.obj
 0008:0000024e       __0AE5FA65_limits@h        000000001019b24e     NativeLib:ffunicode.obj
 0008:0000024f       __1BC72EC9_stdlib@h        000000001019b24f     NativeLib:ffunicode.obj
 0008:00000250       __93C4D613_unknwnbase@h    000000001019b250     NativeLib:ffunicode.obj
 0008:00000251       __91F9605F_objidlbase@h    000000001019b251     NativeLib:ffunicode.obj
 0008:00000252       __13AD5FD8_cguid@h         000000001019b252     NativeLib:ffunicode.obj
 0008:00000253       __E032610C_combaseapi@h    000000001019b253     NativeLib:ffunicode.obj
 0008:00000254       __FBD74165_unknwn@h        000000001019b254     NativeLib:ffunicode.obj
 0008:00000255       __E9582558_objidl@h        000000001019b255     NativeLib:ffunicode.obj
 0008:00000256       __5B3D2557_oaidl@h         000000001019b256     NativeLib:ffunicode.obj
 0008:00000257       __CC10770E_propidlbase@h   000000001019b257     NativeLib:ffunicode.obj
 0008:00000258       __CAD1169F_coml2api@h      000000001019b258     NativeLib:ffunicode.obj
 0008:00000259       __4831ECD0_oleidl@h        000000001019b259     NativeLib:ffunicode.obj
 0008:0000025a       __64B4185F_servprov@h      000000001019b25a     NativeLib:ffunicode.obj
 0008:0000025b       __A2346656_msxml@h         000000001019b25b     NativeLib:ffunicode.obj
 0008:0000025c       __94A182C7_urlmon@h        000000001019b25c     NativeLib:ffunicode.obj
 0008:0000025d       __B70AF585_propidl@h       000000001019b25d     NativeLib:ffunicode.obj
 0008:0000025e       __5681DA51_objbase@h       000000001019b25e     NativeLib:ffunicode.obj
 0008:0000025f       __36F74609_oleauto@h       000000001019b25f     NativeLib:ffunicode.obj
 0008:00000260       __640CAAFE_ole2@h          000000001019b260     NativeLib:ffunicode.obj
 0008:00000261       __DC5FAC18_commdlg@h       000000001019b261     NativeLib:ffunicode.obj
 0008:00000262       __B23CEB09_stralign@h      000000001019b262     NativeLib:ffunicode.obj
 0008:00000263       __048C4E20_winsvc@h        000000001019b263     NativeLib:ffunicode.obj
 0008:00000264       __2897F49C_mcx@h           000000001019b264     NativeLib:ffunicode.obj
 0008:00000265       __F4099A2E_ime_cmodes@h    000000001019b265     NativeLib:ffunicode.obj
 0008:00000266       __272544F4_imm@h           000000001019b266     NativeLib:ffunicode.obj
 0008:00000267       __161C1794_windows@h       000000001019b267     NativeLib:ffunicode.obj
 0008:00000268       __C1697687_corecrt_stdio_config@h 000000001019b268     NativeLib:ffunicode.obj
 0008:00000269       __AAE515EF_corecrt_wconio@h 000000001019b269     NativeLib:ffunicode.obj
 0008:0000026a       __26591C09_corecrt_wdirect@h 000000001019b26a     NativeLib:ffunicode.obj
 0008:0000026b       __ABE95115_corecrt_share@h 000000001019b26b     NativeLib:ffunicode.obj
 0008:0000026c       __9B9301C6_corecrt_wio@h   000000001019b26c     NativeLib:ffunicode.obj
 0008:0000026d       __EAEEB0B8_corecrt_wprocess@h 000000001019b26d     NativeLib:ffunicode.obj
 0008:0000026e       __EE9A63D8_corecrt_wstdio@h 000000001019b26e     NativeLib:ffunicode.obj
 0008:0000026f       __13B8BBEE_corecrt_wtime@h 000000001019b26f     NativeLib:ffunicode.obj
 0008:00000270       __2C6394F0_types@h         000000001019b270     NativeLib:ffunicode.obj
 0008:00000271       __3A74B1DE_stat@h          000000001019b271     NativeLib:ffunicode.obj
 0008:00000272       __C88D39EC_wchar@h         000000001019b272     NativeLib:ffunicode.obj
 0008:00000273       __F9652371_tchar@h         000000001019b273     NativeLib:ffunicode.obj
 0008:00000274       __398C22C1_integer@h       000000001019b274     NativeLib:ffunicode.obj
 0008:00000275       __C7C272EC_ffconf@h        000000001019b275     NativeLib:ffunicode.obj
 0008:00000276       __EB635E47_ff@h            000000001019b276     NativeLib:ffunicode.obj
 0008:00000277       __F064FBF7_ffunicode@c     000000001019b277     NativeLib:ffunicode.obj
 0008:00000278       __4488490C_winpackagefamily@h 000000001019b278     NativeLib:diskio.obj
 0008:00000279       __BCD48917_winapifamily@h  000000001019b279     NativeLib:diskio.obj
 0008:0000027a       __6209FF8B_sdkddkver@h     000000001019b27a     NativeLib:diskio.obj
 0008:0000027b       __D107DB50_concurrencysal@h 000000001019b27b     NativeLib:diskio.obj
 0008:0000027c       __CF02E9A1_sal@h           000000001019b27c     NativeLib:diskio.obj
 0008:0000027d       __CC9EBA3C_vadefs@h        000000001019b27d     NativeLib:diskio.obj
 0008:0000027e       __76EDDD9D_vcruntime@h     000000001019b27e     NativeLib:diskio.obj
 0008:0000027f       __BACDB7C3_excpt@h         000000001019b27f     NativeLib:diskio.obj
 0008:00000280       __804C6A95_stdarg@h        000000001019b280     NativeLib:diskio.obj
 0008:00000281       __67BA4512_specstrings_undef@h 000000001019b281     NativeLib:diskio.obj
 0008:00000282       __55DF5730_specstrings_strict@h 000000001019b282     NativeLib:diskio.obj
 0008:00000283       __76A7A699_sdv_driverspecs@h 000000001019b283     NativeLib:diskio.obj
 0008:00000284       __321C29E7_driverspecs@h   000000001019b284     NativeLib:diskio.obj
 0008:00000285       __BF67034C_specstrings@h   000000001019b285     NativeLib:diskio.obj
 0008:00000286       __D27BCFBB_corecrt@h       000000001019b286     NativeLib:diskio.obj
 0008:00000287       __31B231E6_corecrt_wctype@h 000000001019b287     NativeLib:diskio.obj
 0008:00000288       __E983882F_ctype@h         000000001019b288     NativeLib:diskio.obj
 0008:00000289       __BD73592B_kernelspecs@h   000000001019b289     NativeLib:diskio.obj
 0008:0000028a       __31527F4F_basetsd@h       000000001019b28a     NativeLib:diskio.obj
 0008:0000028b       __968BCA63_errno@h         000000001019b28b     NativeLib:diskio.obj
 0008:0000028c       __6C46EED5_vcruntime_string@h 000000001019b28c     NativeLib:diskio.obj
 0008:0000028d       __94B8F564_corecrt_memcpy_s@h 000000001019b28d     NativeLib:diskio.obj
 0008:0000028e       __CB558AD1_corecrt_memory@h 000000001019b28e     NativeLib:diskio.obj
 0008:0000028f       __7FD4F1C0_corecrt_wstring@h 000000001019b28f     NativeLib:diskio.obj
 0008:00000290       __9DB4BA6D_string@h        000000001019b290     NativeLib:diskio.obj
 0008:00000291       __9DD05E5B_guiddef@h       000000001019b291     NativeLib:diskio.obj
 0008:00000292       __CC6B98FB_pshpack4@h      000000001019b292     NativeLib:diskio.obj
 0008:00000293       __3758866F_poppack@h       000000001019b293     NativeLib:diskio.obj
 0008:00000294       __C8E6E449_pshpack2@h      000000001019b294     NativeLib:diskio.obj
 0008:00000295       __C571619F_pshpack8@h      000000001019b295     NativeLib:diskio.obj
 0008:00000296       __CAA05A10_pshpack1@h      000000001019b296     NativeLib:diskio.obj
 0008:00000297       __46F916D5_apiset@h        000000001019b297     NativeLib:diskio.obj
 0008:00000298       __96242488_ktmtypes@h      000000001019b298     NativeLib:diskio.obj
 0008:00000299       __2CF7BB2F_winnt@h         000000001019b299     NativeLib:diskio.obj
 0008:0000029a       __E3C1D74C_minwindef@h     000000001019b29a     NativeLib:diskio.obj
 0008:0000029b       __DE0CFB50_windef@h        000000001019b29b     NativeLib:diskio.obj
 0008:0000029c       __BFC328C4_apisetcconv@h   000000001019b29c     NativeLib:diskio.obj
 0008:0000029d       __3F9044E5_minwinbase@h    000000001019b29d     NativeLib:diskio.obj
 0008:0000029e       __94731F72_apiquery2@h     000000001019b29e     NativeLib:diskio.obj
 0008:0000029f       __EEA19EEF_processenv@h    000000001019b29f     NativeLib:diskio.obj
 0008:000002a0       __C2322354_fileapi@h       000000001019b2a0     NativeLib:diskio.obj
 0008:000002a1       __C350AD54_fileapifromapp@h 000000001019b2a1     NativeLib:diskio.obj
 0008:000002a2       __CA06D58D_debugapi@h      000000001019b2a2     NativeLib:diskio.obj
 0008:000002a3       __60DA98FD_utilapiset@h    000000001019b2a3     NativeLib:diskio.obj
 0008:000002a4       __BF8F2333_handleapi@h     000000001019b2a4     NativeLib:diskio.obj
 0008:000002a5       __33915A36_errhandlingapi@h 000000001019b2a5     NativeLib:diskio.obj
 0008:000002a6       __36DEBD5E_fibersapi@h     000000001019b2a6     NativeLib:diskio.obj
 0008:000002a7       __BA90C825_namedpipeapi@h  000000001019b2a7     NativeLib:diskio.obj
 0008:000002a8       __E5BCA16F_profileapi@h    000000001019b2a8     NativeLib:diskio.obj
 0008:000002a9       __6F931F61_heapapi@h       000000001019b2a9     NativeLib:diskio.obj
 0008:000002aa       __2572CEFB_ioapiset@h      000000001019b2aa     NativeLib:diskio.obj
 0008:000002ab       __E777F017_synchapi@h      000000001019b2ab     NativeLib:diskio.obj
 0008:000002ac       __E8CF075F_interlockedapi@h 000000001019b2ac     NativeLib:diskio.obj
 0008:000002ad       __AE4295AA_processthreadsapi@h 000000001019b2ad     NativeLib:diskio.obj
 0008:000002ae       __5C062F5D_sysinfoapi@h    000000001019b2ae     NativeLib:diskio.obj
 0008:000002af       __E0212AEB_memoryapi@h     000000001019b2af     NativeLib:diskio.obj
 0008:000002b0       __4AB2DFAA_enclaveapi@h    000000001019b2b0     NativeLib:diskio.obj
 0008:000002b1       __551E87F5_threadpoollegacyapiset@h 000000001019b2b1     NativeLib:diskio.obj
 0008:000002b2       __8D636D59_threadpoolapiset@h 000000001019b2b2     NativeLib:diskio.obj
 0008:000002b3       __C5FC8173_jobapi@h        000000001019b2b3     NativeLib:diskio.obj
 0008:000002b4       __39BF87FA_jobapi2@h       000000001019b2b4     NativeLib:diskio.obj
 0008:000002b5       __D7B764F7_wow64apiset@h   000000001019b2b5     NativeLib:diskio.obj
 0008:000002b6       __FB4F474F_libloaderapi@h  000000001019b2b6     NativeLib:diskio.obj
 0008:000002b7       __E9BC0300_securitybaseapi@h 000000001019b2b7     NativeLib:diskio.obj
 0008:000002b8       __FA31CF52_namespaceapi@h  000000001019b2b8     NativeLib:diskio.obj
 0008:000002b9       __2BBBC3A8_systemtopologyapi@h 000000001019b2b9     NativeLib:diskio.obj
 0008:000002ba       __3D443745_processtopologyapi@h 000000001019b2ba     NativeLib:diskio.obj
 0008:000002bb       __0A1D6BF2_securityappcontainer@h 000000001019b2bb     NativeLib:diskio.obj
 0008:000002bc       __7767A36D_realtimeapiset@h 000000001019b2bc     NativeLib:diskio.obj
 0008:000002bd       __C76759A1_winerror@h      000000001019b2bd     NativeLib:diskio.obj
 0008:000002be       __B1DAB2FE_timezoneapi@h   000000001019b2be     NativeLib:diskio.obj
 0008:000002bf       __E8BC027D_winbase@h       000000001019b2bf     NativeLib:diskio.obj
 0008:000002c0       __666B65A0_wingdi@h        000000001019b2c0     NativeLib:diskio.obj
 0008:000002c1       __1B33CEF3_tvout@h         000000001019b2c1     NativeLib:diskio.obj
 0008:000002c2       __8054490A_winuser@h       000000001019b2c2     NativeLib:diskio.obj
 0008:000002c3       __E92F501C_datetimeapi@h   000000001019b2c3     NativeLib:diskio.obj
 0008:000002c4       __BF7E0998_winnls@h        000000001019b2c4     NativeLib:diskio.obj
 0008:000002c5       __A4DB4642_stringapiset@h  000000001019b2c5     NativeLib:diskio.obj
 0008:000002c6       __2E5DF18F_wincontypes@h   000000001019b2c6     NativeLib:diskio.obj
 0008:000002c7       __34A27228_consoleapi@h    000000001019b2c7     NativeLib:diskio.obj
 0008:000002c8       __C5F75175_consoleapi2@h   000000001019b2c8     NativeLib:diskio.obj
 0008:000002c9       __C4353B42_consoleapi3@h   000000001019b2c9     NativeLib:diskio.obj
 0008:000002ca       __41A552E4_wincon@h        000000001019b2ca     NativeLib:diskio.obj
 0008:000002cb       __ADD12865_verrsrc@h       000000001019b2cb     NativeLib:diskio.obj
 0008:000002cc       __9324F066_winver@h        000000001019b2cc     NativeLib:diskio.obj
 0008:000002cd       __5F5313A3_reason@h        000000001019b2cd     NativeLib:diskio.obj
 0008:000002ce       __7C49373D_winreg@h        000000001019b2ce     NativeLib:diskio.obj
 0008:000002cf       __9B93CF0C_wnnc@h          000000001019b2cf     NativeLib:diskio.obj
 0008:000002d0       __A9469427_winnetwk@h      000000001019b2d0     NativeLib:diskio.obj
 0008:000002d1       __24BE9389_cderr@h         000000001019b2d1     NativeLib:diskio.obj
 0008:000002d2       __ACAE9E77_dde@h           000000001019b2d2     NativeLib:diskio.obj
 0008:000002d3       __B10F4295_ddeml@h         000000001019b2d3     NativeLib:diskio.obj
 0008:000002d4       __D59A7541_dlgs@h          000000001019b2d4     NativeLib:diskio.obj
 0008:000002d5       __6777F1DC_lzexpand@h      000000001019b2d5     NativeLib:diskio.obj
 0008:000002d6       __178EFB66_mmsyscom@h      000000001019b2d6     NativeLib:diskio.obj
 0008:000002d7       __625E12DD_mciapi@h        000000001019b2d7     NativeLib:diskio.obj
 0008:000002d8       __28E03725_mmiscapi@h      000000001019b2d8     NativeLib:diskio.obj
 0008:000002d9       __BB5A6F8D_mmiscapi2@h     000000001019b2d9     NativeLib:diskio.obj
 0008:000002da       __90D1DD59_playsoundapi@h  000000001019b2da     NativeLib:diskio.obj
 0008:000002db       __45A3A9FB_mmeapi@h        000000001019b2db     NativeLib:diskio.obj
 0008:000002dc       __E6734217_timeapi@h       000000001019b2dc     NativeLib:diskio.obj
 0008:000002dd       __71E92937_joystickapi@h   000000001019b2dd     NativeLib:diskio.obj
 0008:000002de       __AAF35090_mmsystem@h      000000001019b2de     NativeLib:diskio.obj
 0008:000002df       __FD82432A_nb30@h          000000001019b2df     NativeLib:diskio.obj
 0008:000002e0       __3D9C0B9D_rpcdcep@h       000000001019b2e0     NativeLib:diskio.obj
 0008:000002e1       __FF19DE72_rpcdce@h        000000001019b2e1     NativeLib:diskio.obj
 0008:000002e2       __A08DAC50_rpcnsi@h        000000001019b2e2     NativeLib:diskio.obj
 0008:000002e3       __1EC50029_rpcnterr@h      000000001019b2e3     NativeLib:diskio.obj
 0008:000002e4       __57B31B9B_rpcasync@h      000000001019b2e4     NativeLib:diskio.obj
 0008:000002e5       __5D9B55CA_rpc@h           000000001019b2e5     NativeLib:diskio.obj
 0008:000002e6       __6C7F888C_shellapi@h      000000001019b2e6     NativeLib:diskio.obj
 0008:000002e7       __E9D8DE11_winperf@h       000000001019b2e7     NativeLib:diskio.obj
 0008:000002e8       __205F38DB_inaddr@h        000000001019b2e8     NativeLib:diskio.obj
 0008:000002e9       __C58117B7_winsock@h       000000001019b2e9     NativeLib:diskio.obj
 0008:000002ea       __DA26DA31_bcrypt@h        000000001019b2ea     NativeLib:diskio.obj
 0008:000002eb       __C1AE0B06_ncrypt@h        000000001019b2eb     NativeLib:diskio.obj
 0008:000002ec       __7870E971_dpapi@h         000000001019b2ec     NativeLib:diskio.obj
 0008:000002ed       __A47FDF81_wincrypt@h      000000001019b2ed     NativeLib:diskio.obj
 0008:000002ee       __A713D8ED_winefs@h        000000001019b2ee     NativeLib:diskio.obj
 0008:000002ef       __E8A3DE0B_rpcnsip@h       000000001019b2ef     NativeLib:diskio.obj
 0008:000002f0       __880166E4_rpcsal@h        000000001019b2f0     NativeLib:diskio.obj
 0008:000002f1       __31174B9F_rpcndr@h        000000001019b2f1     NativeLib:diskio.obj
 0008:000002f2       __D1EADE9C_wtypesbase@h    000000001019b2f2     NativeLib:diskio.obj
 0008:000002f3       __495B64A4_wtypes@h        000000001019b2f3     NativeLib:diskio.obj
 0008:000002f4       __08407B36_winioctl@h      000000001019b2f4     NativeLib:diskio.obj
 0008:000002f5       __D6B1AEA9_winsmcrd@h      000000001019b2f5     NativeLib:diskio.obj
 0008:000002f6       __ED9425C9_winscard@h      000000001019b2f6     NativeLib:diskio.obj
 0008:000002f7       __3D5A7B16_prsht@h         000000001019b2f7     NativeLib:diskio.obj
 0008:000002f8       __7B863567_winspool@h      000000001019b2f8     NativeLib:diskio.obj
 0008:000002f9       __0024AE53_corecrt_malloc@h 000000001019b2f9     NativeLib:diskio.obj
 0008:000002fa       __6668726C_stddef@h        000000001019b2fa     NativeLib:diskio.obj
 0008:000002fb       __B897C33D_corecrt_search@h 000000001019b2fb     NativeLib:diskio.obj
 0008:000002fc       __F9A76564_corecrt_wstdlib@h 000000001019b2fc     NativeLib:diskio.obj
 0008:000002fd       __0AE5FA65_limits@h        000000001019b2fd     NativeLib:diskio.obj
 0008:000002fe       __1BC72EC9_stdlib@h        000000001019b2fe     NativeLib:diskio.obj
 0008:000002ff       __93C4D613_unknwnbase@h    000000001019b2ff     NativeLib:diskio.obj
 0008:00000300       __91F9605F_objidlbase@h    000000001019b300     NativeLib:diskio.obj
 0008:00000301       __13AD5FD8_cguid@h         000000001019b301     NativeLib:diskio.obj
 0008:00000302       __E032610C_combaseapi@h    000000001019b302     NativeLib:diskio.obj
 0008:00000303       __FBD74165_unknwn@h        000000001019b303     NativeLib:diskio.obj
 0008:00000304       __E9582558_objidl@h        000000001019b304     NativeLib:diskio.obj
 0008:00000305       __5B3D2557_oaidl@h         000000001019b305     NativeLib:diskio.obj
 0008:00000306       __CC10770E_propidlbase@h   000000001019b306     NativeLib:diskio.obj
 0008:00000307       __CAD1169F_coml2api@h      000000001019b307     NativeLib:diskio.obj
 0008:00000308       __4831ECD0_oleidl@h        000000001019b308     NativeLib:diskio.obj
 0008:00000309       __64B4185F_servprov@h      000000001019b309     NativeLib:diskio.obj
 0008:0000030a       __A2346656_msxml@h         000000001019b30a     NativeLib:diskio.obj
 0008:0000030b       __94A182C7_urlmon@h        000000001019b30b     NativeLib:diskio.obj
 0008:0000030c       __B70AF585_propidl@h       000000001019b30c     NativeLib:diskio.obj
 0008:0000030d       __5681DA51_objbase@h       000000001019b30d     NativeLib:diskio.obj
 0008:0000030e       __36F74609_oleauto@h       000000001019b30e     NativeLib:diskio.obj
 0008:0000030f       __640CAAFE_ole2@h          000000001019b30f     NativeLib:diskio.obj
 0008:00000310       __DC5FAC18_commdlg@h       000000001019b310     NativeLib:diskio.obj
 0008:00000311       __B23CEB09_stralign@h      000000001019b311     NativeLib:diskio.obj
 0008:00000312       __048C4E20_winsvc@h        000000001019b312     NativeLib:diskio.obj
 0008:00000313       __2897F49C_mcx@h           000000001019b313     NativeLib:diskio.obj
 0008:00000314       __F4099A2E_ime_cmodes@h    000000001019b314     NativeLib:diskio.obj
 0008:00000315       __272544F4_imm@h           000000001019b315     NativeLib:diskio.obj
 0008:00000316       __161C1794_windows@h       000000001019b316     NativeLib:diskio.obj
 0008:00000317       __C1697687_corecrt_stdio_config@h 000000001019b317     NativeLib:diskio.obj
 0008:00000318       __AAE515EF_corecrt_wconio@h 000000001019b318     NativeLib:diskio.obj
 0008:00000319       __26591C09_corecrt_wdirect@h 000000001019b319     NativeLib:diskio.obj
 0008:0000031a       __ABE95115_corecrt_share@h 000000001019b31a     NativeLib:diskio.obj
 0008:0000031b       __9B9301C6_corecrt_wio@h   000000001019b31b     NativeLib:diskio.obj
 0008:0000031c       __EAEEB0B8_corecrt_wprocess@h 000000001019b31c     NativeLib:diskio.obj
 0008:0000031d       __EE9A63D8_corecrt_wstdio@h 000000001019b31d     NativeLib:diskio.obj
 0008:0000031e       __13B8BBEE_corecrt_wtime@h 000000001019b31e     NativeLib:diskio.obj
 0008:0000031f       __2C6394F0_types@h         000000001019b31f     NativeLib:diskio.obj
 0008:00000320       __3A74B1DE_stat@h          000000001019b320     NativeLib:diskio.obj
 0008:00000321       __C88D39EC_wchar@h         000000001019b321     NativeLib:diskio.obj
 0008:00000322       __F9652371_tchar@h         000000001019b322     NativeLib:diskio.obj
 0008:00000323       __398C22C1_integer@h       000000001019b323     NativeLib:diskio.obj
 0008:00000324       __17FFA215_diskio@h        000000001019b324     NativeLib:diskio.obj
 0008:00000325       __802D7B9D_diskio@c        000000001019b325     NativeLib:diskio.obj
 0009:000000a0       $R000000                   000000001019c0a0     CosmosKernel1.res
 0009:00000300       $R000260                   000000001019c300     CosmosKernel1.res
